Archive member included because of file (symbol)

./core.a(abi.cpp.o)           libraries/Wire/Wire.cpp.o (__cxa_pure_virtual)
./core.a(cortex_handlers.c.o)
                              (Reset_Handler)
./core.a(delay.c.o)           project/light.cpp.o (millis)
./core.a(hooks.c.o)           ./core.a(delay.c.o) (yield)
./core.a(main.cpp.o)          /Users/normanpellet/.arduinocdt/packages/arduino/tools/arm-none-eabi-gcc/4.8.3-2014q1/bin/../lib/gcc/arm-none-eabi/4.8.3/../../../../arm-none-eabi/lib/armv6-m/crt0.o (main)
./core.a(new.cpp.o)           project/light.cpp.o (operator new(unsigned int))
./core.a(Print.cpp.o)         libraries/Wire/Wire.cpp.o (Print::write(unsigned char const*, unsigned int))
./core.a(Reset.cpp.o)         ./core.a(delay.c.o) (tickReset)
./core.a(SERCOM.cpp.o)        libraries/SPI/SPI.cpp.o (SERCOM::initSPIClock(SercomSpiClockMode, unsigned long))
./core.a(startup.c.o)         ./core.a(cortex_handlers.c.o) (SystemInit)
./core.a(Stream.cpp.o)        project/MPPT.cpp.o (Stream::readBytesUntil(char, char*, unsigned int))
./core.a(CDC.cpp.o)           project/MPPT.cpp.o (Serial_::write(unsigned char))
./core.a(USBCore.cpp.o)       ./core.a(main.cpp.o) (USBDeviceClass::init())
./core.a(wiring.c.o)          ./core.a(main.cpp.o) (init)
./core.a(wiring_analog.c.o)   ./core.a(wiring.c.o) (analogReference)
./core.a(wiring_digital.c.o)  project/MPPT.cpp.o (pinMode)
./core.a(wiring_private.c.o)  project/MPPT.cpp.o (pinPeripheral)
./core.a(WString.cpp.o)       ./core.a(Stream.cpp.o) (String::String(char const*))
./core.a(variant.cpp.o)       libraries/SPI/SPI.cpp.o (sercom4)
./core.a(dtostrf.c.o)         ./core.a(WString.cpp.o) (dtostrf)
./core.a(itoa.c.o)            ./core.a(WString.cpp.o) (ltoa)
./core.a(Uart.cpp.o)          ./core.a(variant.cpp.o) (Uart::Uart(SERCOM*, unsigned char, unsigned char, SercomRXPad, SercomUartTXPad))
./core.a(PluggableUSB.cpp.o)  ./core.a(USBCore.cpp.o) (PluggableUSB_::getInterface(unsigned char*))
/Users/normanpellet/.arduinocdt/packages/arduino/tools/arm-none-eabi-gcc/4.8.3-2014q1/bin/../lib/gcc/arm-none-eabi/4.8.3/../../../../arm-none-eabi/lib/armv6-m/libm.a(lib_a-s_fpclassify.o)
                              ./core.a(Print.cpp.o) (__fpclassifyd)
/Users/normanpellet/.arduinocdt/packages/arduino/tools/arm-none-eabi-gcc/4.8.3-2014q1/bin/../lib/gcc/arm-none-eabi/4.8.3/armv6-m/libgcc.a(_thumb1_case_uqi.o)
                              project/../../../Documents/Arduino/libraries/scpiparser/scpiparser.cpp.o (__gnu_thumb1_case_uqi)
/Users/normanpellet/.arduinocdt/packages/arduino/tools/arm-none-eabi-gcc/4.8.3-2014q1/bin/../lib/gcc/arm-none-eabi/4.8.3/armv6-m/libgcc.a(_udivsi3.o)
                              project/MPPT.cpp.o (__aeabi_uidiv)
/Users/normanpellet/.arduinocdt/packages/arduino/tools/arm-none-eabi-gcc/4.8.3-2014q1/bin/../lib/gcc/arm-none-eabi/4.8.3/armv6-m/libgcc.a(_divsi3.o)
                              ./core.a(SERCOM.cpp.o) (__aeabi_idiv)
/Users/normanpellet/.arduinocdt/packages/arduino/tools/arm-none-eabi-gcc/4.8.3-2014q1/bin/../lib/gcc/arm-none-eabi/4.8.3/armv6-m/libgcc.a(_dvmd_tls.o)
                              /Users/normanpellet/.arduinocdt/packages/arduino/tools/arm-none-eabi-gcc/4.8.3-2014q1/bin/../lib/gcc/arm-none-eabi/4.8.3/armv6-m/libgcc.a(_udivsi3.o) (__aeabi_idiv0)
/Users/normanpellet/.arduinocdt/packages/arduino/tools/arm-none-eabi-gcc/4.8.3-2014q1/bin/../lib/gcc/arm-none-eabi/4.8.3/armv6-m/libgcc.a(_arm_cmpdf2.o)
                              project/light.cpp.o (__aeabi_dcmplt)
/Users/normanpellet/.arduinocdt/packages/arduino/tools/arm-none-eabi-gcc/4.8.3-2014q1/bin/../lib/gcc/arm-none-eabi/4.8.3/armv6-m/libgcc.a(_arm_cmpsf2.o)
                              project/MPPT.cpp.o (__aeabi_fcmplt)
/Users/normanpellet/.arduinocdt/packages/arduino/tools/arm-none-eabi-gcc/4.8.3-2014q1/bin/../lib/gcc/arm-none-eabi/4.8.3/armv6-m/libgcc.a(_fixunssfsi.o)
                              project/MPPT.cpp.o (__aeabi_f2uiz)
/Users/normanpellet/.arduinocdt/packages/arduino/tools/arm-none-eabi-gcc/4.8.3-2014q1/bin/../lib/gcc/arm-none-eabi/4.8.3/armv6-m/libgcc.a(_fixunsdfsi.o)
                              ./core.a(Print.cpp.o) (__aeabi_d2uiz)
/Users/normanpellet/.arduinocdt/packages/arduino/tools/arm-none-eabi-gcc/4.8.3-2014q1/bin/../lib/gcc/arm-none-eabi/4.8.3/armv6-m/libgcc.a(addsf3.o)
                              project/pid.cpp.o (__aeabi_fadd)
/Users/normanpellet/.arduinocdt/packages/arduino/tools/arm-none-eabi-gcc/4.8.3-2014q1/bin/../lib/gcc/arm-none-eabi/4.8.3/armv6-m/libgcc.a(divsf3.o)
                              project/pid.cpp.o (__aeabi_fdiv)
/Users/normanpellet/.arduinocdt/packages/arduino/tools/arm-none-eabi-gcc/4.8.3-2014q1/bin/../lib/gcc/arm-none-eabi/4.8.3/armv6-m/libgcc.a(eqsf2.o)
                              /Users/normanpellet/.arduinocdt/packages/arduino/tools/arm-none-eabi-gcc/4.8.3-2014q1/bin/../lib/gcc/arm-none-eabi/4.8.3/armv6-m/libgcc.a(_arm_cmpsf2.o) (__eqsf2)
[...]
Memory Configuration

Name             Origin             Length             Attributes
FLASH            0x0000000000002000 0x000000000003e000 xr
RAM              0x0000000020000000 0x0000000000008000 xrw
*default*        0x0000000000000000 0xffffffffffffffff

Linker script and memory map

LOAD /Users/normanpellet/.arduinocdt/packages/arduino/tools/arm-none-eabi-gcc/4.8.3-2014q1/bin/../lib/gcc/arm-none-eabi/4.8.3/armv6-m/crti.o
LOAD /Users/normanpellet/.arduinocdt/packages/arduino/tools/arm-none-eabi-gcc/4.8.3-2014q1/bin/../lib/gcc/arm-none-eabi/4.8.3/armv6-m/crtbegin.o
LOAD /Users/normanpellet/.arduinocdt/packages/arduino/tools/arm-none-eabi-gcc/4.8.3-2014q1/bin/../lib/gcc/arm-none-eabi/4.8.3/../../../../arm-none-eabi/lib/armv6-m/crt0.o
LOAD project/MPPT.cpp.o
LOAD project/commands.cpp.o
LOAD project/dcdc.cpp.o
LOAD project/light.cpp.o
LOAD project/pid.cpp.o
LOAD project/relays.cpp.o
LOAD project/../../../Documents/Arduino/libraries/scpiparser/scpiparser.cpp.o
LOAD project/slave.cpp.o
LOAD project/ssr.cpp.o
LOAD libraries/SPI/SPI.cpp.o
LOAD libraries/Wire/Wire.cpp.o
START GROUP
LOAD /Users/normanpellet/.arduinocdt/packages/arduino/tools/CMSIS/4.5.0/CMSIS/Lib/GCC//libarm_cortexM0l_math.a
LOAD /Users/normanpellet/.arduinocdt/packages/arduino/tools/arm-none-eabi-gcc/4.8.3-2014q1/bin/../lib/gcc/arm-none-eabi/4.8.3/../../../../arm-none-eabi/lib/armv6-m/libm.a
LOAD ./core.a
END GROUP
START GROUP
LOAD /Users/normanpellet/.arduinocdt/packages/arduino/tools/arm-none-eabi-gcc/4.8.3-2014q1/bin/../lib/gcc/arm-none-eabi/4.8.3/armv6-m/libgcc.a
LOAD /Users/normanpellet/.arduinocdt/packages/arduino/tools/arm-none-eabi-gcc/4.8.3-2014q1/bin/../lib/gcc/arm-none-eabi/4.8.3/../../../../arm-none-eabi/lib/armv6-m/libc_s.a
END GROUP
START GROUP
LOAD /Users/normanpellet/.arduinocdt/packages/arduino/tools/arm-none-eabi-gcc/4.8.3-2014q1/bin/../lib/gcc/arm-none-eabi/4.8.3/armv6-m/libgcc.a
LOAD /Users/normanpellet/.arduinocdt/packages/arduino/tools/arm-none-eabi-gcc/4.8.3-2014q1/bin/../lib/gcc/arm-none-eabi/4.8.3/../../../../arm-none-eabi/lib/armv6-m/libc_s.a
LOAD /Users/normanpellet/.arduinocdt/packages/arduino/tools/arm-none-eabi-gcc/4.8.3-2014q1/bin/../lib/gcc/arm-none-eabi/4.8.3/../../../../arm-none-eabi/lib/armv6-m/libnosys.a
END GROUP
START GROUP
LOAD /Users/normanpellet/.arduinocdt/packages/arduino/tools/arm-none-eabi-gcc/4.8.3-2014q1/bin/../lib/gcc/arm-none-eabi/4.8.3/armv6-m/libgcc.a
LOAD /Users/normanpellet/.arduinocdt/packages/arduino/tools/arm-none-eabi-gcc/4.8.3-2014q1/bin/../lib/gcc/arm-none-eabi/4.8.3/../../../../arm-none-eabi/lib/armv6-m/libc_s.a
LOAD /Users/normanpellet/.arduinocdt/packages/arduino/tools/arm-none-eabi-gcc/4.8.3-2014q1/bin/../lib/gcc/arm-none-eabi/4.8.3/../../../../arm-none-eabi/lib/armv6-m/libnosys.a
END GROUP
LOAD /Users/normanpellet/.arduinocdt/packages/arduino/tools/arm-none-eabi-gcc/4.8.3-2014q1/bin/../lib/gcc/arm-none-eabi/4.8.3/armv6-m/crtend.o
LOAD /Users/normanpellet/.arduinocdt/packages/arduino/tools/arm-none-eabi-gcc/4.8.3-2014q1/bin/../lib/gcc/arm-none-eabi/4.8.3/armv6-m/crtn.o

.text           0x0000000000002000     0x9090
                0x0000000000002000                __text_start__ = .
 *(.sketch_boot)
                0x0000000000002000                . = ALIGN (0x2000)
 *(.isr_vector)
 .isr_vector    0x0000000000002000       0xb4 ./core.a(cortex_handlers.c.o)
                0x0000000000002000                exception_table
 *(.text*)
 .text          0x00000000000020b4       0x60 /Users/normanpellet/.arduinocdt/packages/arduino/tools/arm-none-eabi-gcc/4.8.3-2014q1/bin/../lib/gcc/arm-none-eabi/4.8.3/armv6-m/crtbegin.o
 .text._ZN7TwoWire5writeEl
                0x0000000000002114        0xc project/MPPT.cpp.o
                0x0000000000002114                TwoWire::write(long)
 .text._Z12readFromWirei
                0x0000000000002120       0x14 project/MPPT.cpp.o
                0x0000000000002120                readFromWire(int)
 .text._Z10getChannelP10scpi_token
                0x0000000000002134       0x40 project/MPPT.cpp.o
                0x0000000000002134                getChannel(scpi_token*)
 .text._Z11reset_slavev
                0x0000000000002174        0x2 project/MPPT.cpp.o
                0x0000000000002174                reset_slave()
 *fill*         0x0000000000002176        0x2 
 .text._Z11printDoublefh
                0x0000000000002178       0xdc project/MPPT.cpp.o
                0x0000000000002178                printDouble(float, unsigned char)
 .text.startup._GLOBAL__sub_I_swdec1State
                0x0000000000002254       0x38 project/MPPT.cpp.o
 .text.loop     0x000000000000228c       0x44 project/MPPT.cpp.o
                0x000000000000228c                loop
 .text._Z12slaveCommandh
                0x00000000000022d0       0x24 project/MPPT.cpp.o
                0x00000000000022d0                slaveCommand(unsigned char)
 .text.setup    0x00000000000022f4      0x284 project/MPPT.cpp.o
                0x00000000000022f4                setup
 .text._Z12slaveCommandhh
                0x0000000000002578       0x2c project/MPPT.cpp.o
                0x0000000000002578                slaveCommand(unsigned char, unsigned char)
 .text._Z12slaveCommandhhf
                0x00000000000025a4       0x44 project/MPPT.cpp.o
                0x00000000000025a4                slaveCommand(unsigned char, unsigned char, float)
 .text._Z12slaveCommandhhl
                0x00000000000025e8       0x50 project/MPPT.cpp.o
                0x00000000000025e8                slaveCommand(unsigned char, unsigned char, long)
 .text._Z12slaveCommandhhh
                0x0000000000002638       0x38 project/MPPT.cpp.o
                0x0000000000002638                slaveCommand(unsigned char, unsigned char, unsigned char)
 .text._Z16readByteFromWirev
                0x0000000000002670       0x1c project/MPPT.cpp.o
                0x0000000000002670                readByteFromWire()
 .text._Z10pause_waitv
                0x000000000000268c       0x22 project/MPPT.cpp.o
                0x000000000000268c                pause_wait()
 *fill*         0x00000000000026ae        0x2 
 .text._Z15readIntFromWirev
                0x00000000000026b0       0x3c project/MPPT.cpp.o
                0x00000000000026b0                readIntFromWire()
 .text._Z18readUInt16FromWirev
                0x00000000000026ec       0x20 project/MPPT.cpp.o
                0x00000000000026ec                readUInt16FromWire()
 .text._Z17readFloatFromWirev
                0x000000000000270c       0x38 project/MPPT.cpp.o
                0x000000000000270c                readFloatFromWire()
 .text._Z12printDouble2f
                0x0000000000002744       0x30 project/MPPT.cpp.o
                0x0000000000002744                printDouble2(float)
 .text._Z12getTrackDatah
                0x0000000000002774       0xb4 project/MPPT.cpp.o
                0x0000000000002774                getTrackData(unsigned char)
 .text._Z12enable_debugP19scpi_parser_contextP10scpi_token
                0x0000000000002828       0x18 project/commands.cpp.o
                0x0000000000002828                enable_debug(scpi_parser_context*, scpi_token*)
 .text._Z13disable_debugP19scpi_parser_contextP10scpi_token
                0x0000000000002840       0x14 project/commands.cpp.o
                0x0000000000002840                disable_debug(scpi_parser_context*, scpi_token*)
 .text._Z10configuredP19scpi_parser_contextP10scpi_token
                0x0000000000002854       0x1c project/commands.cpp.o
                0x0000000000002854                configured(scpi_parser_context*, scpi_token*)
 .text._Z8identifyP19scpi_parser_contextP10scpi_token
                0x0000000000002870       0x1c project/commands.cpp.o
                0x0000000000002870                identify(scpi_parser_context*, scpi_token*)
 .text._Z5resetP19scpi_parser_contextP10scpi_token
                0x000000000000288c       0x24 project/commands.cpp.o
                0x000000000000288c                reset(scpi_parser_context*, scpi_token*)
 .text._Z16enable_referenceP19scpi_parser_contextP10scpi_token
                0x00000000000028b0       0x12 project/commands.cpp.o
                0x00000000000028b0                enable_reference(scpi_parser_context*, scpi_token*)
 .text._Z17disable_referenceP19scpi_parser_contextP10scpi_token
                0x00000000000028c2       0x12 project/commands.cpp.o
                0x00000000000028c2                disable_reference(scpi_parser_context*, scpi_token*)
 .text._Z10setupSlaveP19scpi_parser_contextP10scpi_token
                0x00000000000028d4       0x12 project/commands.cpp.o
                0x00000000000028d4                setupSlave(scpi_parser_context*, scpi_token*)
 *fill*         0x00000000000028e6        0x2 
 .text._Z16ssr_mode_heatingP19scpi_parser_contextP10scpi_token
                0x00000000000028e8       0x28 project/commands.cpp.o
                0x00000000000028e8                ssr_mode_heating(scpi_parser_context*, scpi_token*)
 .text._Z16ssr_mode_coolingP19scpi_parser_contextP10scpi_token
                0x0000000000002910       0x28 project/commands.cpp.o
                0x0000000000002910                ssr_mode_cooling(scpi_parser_context*, scpi_token*)
 .text._Z11measure_vocP19scpi_parser_contextP10scpi_token
                0x0000000000002938       0x1e project/commands.cpp.o
                0x0000000000002938                measure_voc(scpi_parser_context*, scpi_token*)
 .text._Z11measure_jscP19scpi_parser_contextP10scpi_token
                0x0000000000002956       0x1e project/commands.cpp.o
                0x0000000000002956                measure_jsc(scpi_parser_context*, scpi_token*)
 .text._Z10iv_executeP19scpi_parser_contextP10scpi_token
                0x0000000000002974       0x1e project/commands.cpp.o
                0x0000000000002974                iv_execute(scpi_parser_context*, scpi_token*)
 .text._Z21trackin_reset_channelP19scpi_parser_contextP10scpi_token
                0x0000000000002992       0x1e project/commands.cpp.o
                0x0000000000002992                trackin_reset_channel(scpi_parser_context*, scpi_token*)
 .text._Z18measure_voc_statusP19scpi_parser_contextP10scpi_token
                0x00000000000029b0       0x30 project/commands.cpp.o
                0x00000000000029b0                measure_voc_status(scpi_parser_context*, scpi_token*)
 .text._Z18measure_jsc_statusP19scpi_parser_contextP10scpi_token
                0x00000000000029e0       0x30 project/commands.cpp.o
                0x00000000000029e0                measure_jsc_status(scpi_parser_context*, scpi_token*)
 .text._Z9iv_statusP19scpi_parser_contextP10scpi_token
                0x0000000000002a10       0x30 project/commands.cpp.o
                0x0000000000002a10                iv_status(scpi_parser_context*, scpi_token*)
 .text._Z16measure_voc_dataP19scpi_parser_contextP10scpi_token
                0x0000000000002a40       0x48 project/commands.cpp.o
                0x0000000000002a40                measure_voc_data(scpi_parser_context*, scpi_token*)
 .text._Z16measure_jsc_dataP19scpi_parser_contextP10scpi_token
                0x0000000000002a88       0x48 project/commands.cpp.o
                0x0000000000002a88                measure_jsc_data(scpi_parser_context*, scpi_token*)
 .text._Z15measure_voltageP19scpi_parser_contextP10scpi_token
                0x0000000000002ad0       0x48 project/commands.cpp.o
                0x0000000000002ad0                measure_voltage(scpi_parser_context*, scpi_token*)
 .text._Z15measure_currentP19scpi_parser_contextP10scpi_token
                0x0000000000002b18       0x48 project/commands.cpp.o
                0x0000000000002b18                measure_current(scpi_parser_context*, scpi_token*)
 .text._Z18ssr_pid_param_kp_hP19scpi_parser_contextP10scpi_token
                0x0000000000002b60       0x50 project/commands.cpp.o
                0x0000000000002b60                ssr_pid_param_kp_h(scpi_parser_context*, scpi_token*)
 .text._Z18ssr_pid_param_kp_cP19scpi_parser_contextP10scpi_token
                0x0000000000002bb0       0x50 project/commands.cpp.o
                0x0000000000002bb0                ssr_pid_param_kp_c(scpi_parser_context*, scpi_token*)
 .text._Z18ssr_pid_param_kd_hP19scpi_parser_contextP10scpi_token
                0x0000000000002c00       0x50 project/commands.cpp.o
                0x0000000000002c00                ssr_pid_param_kd_h(scpi_parser_context*, scpi_token*)
 .text._Z18ssr_pid_param_kd_cP19scpi_parser_contextP10scpi_token
                0x0000000000002c50       0x50 project/commands.cpp.o
                0x0000000000002c50                ssr_pid_param_kd_c(scpi_parser_context*, scpi_token*)
 .text._Z18ssr_pid_param_ki_hP19scpi_parser_contextP10scpi_token
                0x0000000000002ca0       0x50 project/commands.cpp.o
                0x0000000000002ca0                ssr_pid_param_ki_h(scpi_parser_context*, scpi_token*)
 .text._Z18ssr_pid_param_ki_cP19scpi_parser_contextP10scpi_token
                0x0000000000002cf0       0x50 project/commands.cpp.o
                0x0000000000002cf0                ssr_pid_param_ki_c(scpi_parser_context*, scpi_token*)
 .text._Z18ssr_pid_param_bi_hP19scpi_parser_contextP10scpi_token
                0x0000000000002d40       0x50 project/commands.cpp.o
                0x0000000000002d40                ssr_pid_param_bi_h(scpi_parser_context*, scpi_token*)
 .text._Z18ssr_pid_param_bi_cP19scpi_parser_contextP10scpi_token
                0x0000000000002d90       0x50 project/commands.cpp.o
                0x0000000000002d90                ssr_pid_param_bi_c(scpi_parser_context*, scpi_token*)
 .text._Z14ssr_set_targetP19scpi_parser_contextP10scpi_token
                0x0000000000002de0       0x48 project/commands.cpp.o
                0x0000000000002de0                ssr_set_target(scpi_parser_context*, scpi_token*)
 .text._Z21set_tracking_intervalP19scpi_parser_contextP10scpi_token
                0x0000000000002e28       0x4c project/commands.cpp.o
                0x0000000000002e28                set_tracking_interval(scpi_parser_context*, scpi_token*)
 .text._Z24set_tracking_switchdelayP19scpi_parser_contextP10scpi_token
                0x0000000000002e74       0x48 project/commands.cpp.o
                0x0000000000002e74                set_tracking_switchdelay(scpi_parser_context*, scpi_token*)
 .text._Z18set_tracking_speedP19scpi_parser_contextP10scpi_token
                0x0000000000002ebc       0x40 project/commands.cpp.o
                0x0000000000002ebc                set_tracking_speed(scpi_parser_context*, scpi_token*)
 .text._Z15set_dac_voltageP19scpi_parser_contextP10scpi_token
                0x0000000000002efc       0x4c project/commands.cpp.o
                0x0000000000002efc                set_dac_voltage(scpi_parser_context*, scpi_token*)
 .text._Z8autoZeroP19scpi_parser_contextP10scpi_token
                0x0000000000002f48       0x12 project/commands.cpp.o
                0x0000000000002f48                autoZero(scpi_parser_context*, scpi_token*)
 *fill*         0x0000000000002f5a        0x2 
 .text._Z11set_voltageP19scpi_parser_contextP10scpi_token
                0x0000000000002f5c       0x4c project/commands.cpp.o
                0x0000000000002f5c                set_voltage(scpi_parser_context*, scpi_token*)
 .text._Z12set_iv_startP19scpi_parser_contextP10scpi_token
                0x0000000000002fa8       0x48 project/commands.cpp.o
                0x0000000000002fa8                set_iv_start(scpi_parser_context*, scpi_token*)
 .text._Z11set_iv_stopP19scpi_parser_contextP10scpi_token
                0x0000000000002ff0       0x48 project/commands.cpp.o
                0x0000000000002ff0                set_iv_stop(scpi_parser_context*, scpi_token*)
 .text._Z11set_iv_rateP19scpi_parser_contextP10scpi_token
                0x0000000000003038       0x44 project/commands.cpp.o
                0x0000000000003038                set_iv_rate(scpi_parser_context*, scpi_token*)
 .text._Z17set_tracking_fwbwP19scpi_parser_contextP10scpi_token
                0x000000000000307c       0x3e project/commands.cpp.o
                0x000000000000307c                set_tracking_fwbw(scpi_parser_context*, scpi_token*)
 .text._Z17set_tracking_bwfwP19scpi_parser_contextP10scpi_token
                0x00000000000030ba       0x3e project/commands.cpp.o
                0x00000000000030ba                set_tracking_bwfw(scpi_parser_context*, scpi_token*)
 .text._Z8set_gainP19scpi_parser_contextP10scpi_token
                0x00000000000030f8       0x60 project/commands.cpp.o
                0x00000000000030f8                set_gain(scpi_parser_context*, scpi_token*)
 .text._Z21set_device_photodiodeP19scpi_parser_contextP10scpi_token
                0x0000000000003158       0x50 project/commands.cpp.o
                0x0000000000003158                set_device_photodiode(scpi_parser_context*, scpi_token*)
 .text._Z17set_tracking_modeP19scpi_parser_contextP10scpi_token
                0x00000000000031a8       0x50 project/commands.cpp.o
                0x00000000000031a8                set_tracking_mode(scpi_parser_context*, scpi_token*)
 .text._Z17set_tracking_stepP19scpi_parser_contextP10scpi_token
                0x00000000000031f8       0x48 project/commands.cpp.o
                0x00000000000031f8                set_tracking_step(scpi_parser_context*, scpi_token*)
 .text._Z14pause_hardwareP19scpi_parser_contextP10scpi_token
                0x0000000000003240       0x16 project/commands.cpp.o
                0x0000000000003240                pause_hardware(scpi_parser_context*, scpi_token*)
 .text._Z15resume_hardwareP19scpi_parser_contextP10scpi_token
                0x0000000000003256       0x16 project/commands.cpp.o
                0x0000000000003256                resume_hardware(scpi_parser_context*, scpi_token*)
 .text._Z11reset_slaveP19scpi_parser_contextP10scpi_token
                0x000000000000326c       0x10 project/commands.cpp.o
                0x000000000000326c                reset_slave(scpi_parser_context*, scpi_token*)
 .text._Z15get_dac_voltageP19scpi_parser_contextP10scpi_token
                0x000000000000327c       0x40 project/commands.cpp.o
                0x000000000000327c                get_dac_voltage(scpi_parser_context*, scpi_token*)
 .text._Z20measure_voltage_codeP19scpi_parser_contextP10scpi_token
                0x00000000000032bc       0x40 project/commands.cpp.o
                0x00000000000032bc                measure_voltage_code(scpi_parser_context*, scpi_token*)
 .text._Z20measure_current_codeP19scpi_parser_contextP10scpi_token
                0x00000000000032fc       0x40 project/commands.cpp.o
                0x00000000000032fc                measure_current_code(scpi_parser_context*, scpi_token*)
 .text._Z7iv_dataP19scpi_parser_contextP10scpi_token
                0x000000000000333c       0xa4 project/commands.cpp.o
                0x000000000000333c                iv_data(scpi_parser_context*, scpi_token*)
 .text._Z16set_iv_autostartP19scpi_parser_contextP10scpi_token
                0x00000000000033e0       0x30 project/commands.cpp.o
                0x00000000000033e0                set_iv_autostart(scpi_parser_context*, scpi_token*)
 .text._Z17set_iv_hysteresisP19scpi_parser_contextP10scpi_token
                0x0000000000003410       0x30 project/commands.cpp.o
                0x0000000000003410                set_iv_hysteresis(scpi_parser_context*, scpi_token*)
 .text._Z17set_output_enableP19scpi_parser_contextP10scpi_token
                0x0000000000003440       0x40 project/commands.cpp.o
                0x0000000000003440                set_output_enable(scpi_parser_context*, scpi_token*)
 .text._Z21switch_external_relayP19scpi_parser_contextP10scpi_token
                0x0000000000003480       0x36 project/commands.cpp.o
                0x0000000000003480                switch_external_relay(scpi_parser_context*, scpi_token*)
 .text._Z20switch_general_relayP19scpi_parser_contextP10scpi_token
                0x00000000000034b6       0x36 project/commands.cpp.o
                0x00000000000034b6                switch_general_relay(scpi_parser_context*, scpi_token*)
 .text._Z12data_trackerP19scpi_parser_contextP10scpi_token
                0x00000000000034ec       0x1c project/commands.cpp.o
                0x00000000000034ec                data_tracker(scpi_parser_context*, scpi_token*)
 .text._Z12light_enableP19scpi_parser_contextP10scpi_token
                0x0000000000003508       0x1c project/commands.cpp.o
                0x0000000000003508                light_enable(scpi_parser_context*, scpi_token*)
 .text._Z13light_disableP19scpi_parser_contextP10scpi_token
                0x0000000000003524       0x1c project/commands.cpp.o
                0x0000000000003524                light_disable(scpi_parser_context*, scpi_token*)
 .text._Z16get_humidity_boxP19scpi_parser_contextP10scpi_token
                0x0000000000003540       0x4c project/commands.cpp.o
                0x0000000000003540                get_humidity_box(scpi_parser_context*, scpi_token*)
 .text._Z10measure_pdP19scpi_parser_contextP10scpi_token
                0x000000000000358c       0x34 project/commands.cpp.o
                0x000000000000358c                measure_pd(scpi_parser_context*, scpi_token*)
 .text._Z14measure_pd_sunP19scpi_parser_contextP10scpi_token
                0x00000000000035c0       0x34 project/commands.cpp.o
                0x00000000000035c0                measure_pd_sun(scpi_parser_context*, scpi_token*)
 .text._Z15measure_pd_codeP19scpi_parser_contextP10scpi_token
                0x00000000000035f4       0x2c project/commands.cpp.o
                0x00000000000035f4                measure_pd_code(scpi_parser_context*, scpi_token*)
 .text._Z11ssr_disableP19scpi_parser_contextP10scpi_token
                0x0000000000003620       0x18 project/commands.cpp.o
                0x0000000000003620                ssr_disable(scpi_parser_context*, scpi_token*)
 .text._Z10ssr_enableP19scpi_parser_contextP10scpi_token
                0x0000000000003638       0x18 project/commands.cpp.o
                0x0000000000003638                ssr_enable(scpi_parser_context*, scpi_token*)
 .text._Z9ssr_valueP19scpi_parser_contextP10scpi_token
                0x0000000000003650       0x44 project/commands.cpp.o
                0x0000000000003650                ssr_value(scpi_parser_context*, scpi_token*)
 .text._Z16ssr_set_feedbackP19scpi_parser_contextP10scpi_token
                0x0000000000003694       0x58 project/commands.cpp.o
                0x0000000000003694                ssr_set_feedback(scpi_parser_context*, scpi_token*)
 .text._Z17light_isautomaticP19scpi_parser_contextP10scpi_token
                0x00000000000036ec       0x2c project/commands.cpp.o
                0x00000000000036ec                light_isautomatic(scpi_parser_context*, scpi_token*)
 .text._Z15light_isenabledP19scpi_parser_contextP10scpi_token
                0x0000000000003718       0x2c project/commands.cpp.o
                0x0000000000003718                light_isenabled(scpi_parser_context*, scpi_token*)
 .text._Z18light_set_setpointP19scpi_parser_contextP10scpi_token
                0x0000000000003744       0x3c project/commands.cpp.o
                0x0000000000003744                light_set_setpoint(scpi_parser_context*, scpi_token*)
 .text._Z17light_set_scalingP19scpi_parser_contextP10scpi_token
                0x0000000000003780       0x40 project/commands.cpp.o
                0x0000000000003780                light_set_scaling(scpi_parser_context*, scpi_token*)
 .text._Z11light_checkP19scpi_parser_contextP10scpi_token
                0x00000000000037c0       0x1e project/commands.cpp.o
                0x00000000000037c0                light_check(scpi_parser_context*, scpi_token*)
 .text._Z17light_force_checkP19scpi_parser_contextP10scpi_token
                0x00000000000037de       0x1e project/commands.cpp.o
                0x00000000000037de                light_force_check(scpi_parser_context*, scpi_token*)
 .text._Z12light_setPWMP19scpi_parser_contextP10scpi_token
                0x00000000000037fc       0x44 project/commands.cpp.o
                0x00000000000037fc                light_setPWM(scpi_parser_context*, scpi_token*)
 .text._ZN7TwoWire5writeEi
                0x0000000000003840        0xc project/commands.cpp.o
                0x0000000000003840                TwoWire::write(int)
 .text._Z20registerSCPICommandsv
                0x000000000000384c      0xb4c project/commands.cpp.o
                0x000000000000384c                registerSCPICommands()
 .text._Z20get_temperature_baseP19scpi_parser_contextP10scpi_token
                0x0000000000004398       0x80 project/commands.cpp.o
                0x0000000000004398                get_temperature_base(scpi_parser_context*, scpi_token*)
 .text._Z18get_temperature_irP19scpi_parser_contextP10scpi_token
                0x0000000000004418       0x80 project/commands.cpp.o
                0x0000000000004418                get_temperature_ir(scpi_parser_context*, scpi_token*)
 .text._Z19read_4_20_mA_sensorP19scpi_parser_contextP10scpi_token
                0x0000000000004498      0x110 project/commands.cpp.o
                0x0000000000004498                read_4_20_mA_sensor(scpi_parser_context*, scpi_token*)
 .text._Z15light_isenabledh
                0x00000000000045a8       0x20 project/light.cpp.o
                0x00000000000045a8                light_isenabled(unsigned char)
 .text._Z17light_isautomatich
                0x00000000000045c8       0x20 project/light.cpp.o
                0x00000000000045c8                light_isautomatic(unsigned char)
 .text._Z16lightSetSetpointhf
                0x00000000000045e8       0x1c project/light.cpp.o
                0x00000000000045e8                lightSetSetpoint(unsigned char, float)
 .text._Z15lightSetScalinghf
                0x0000000000004604       0x1c project/light.cpp.o
                0x0000000000004604                lightSetScaling(unsigned char, float)
 .text._Z12light_setPWMhm
                0x0000000000004620       0x40 project/light.cpp.o
                0x0000000000004620                light_setPWM(unsigned char, unsigned long)
 .text._Z12measurePDSunh
                0x0000000000004660       0x38 project/light.cpp.o
                0x0000000000004660                measurePDSun(unsigned char)
 .text._Z9measurePDh
                0x0000000000004698       0x28 project/light.cpp.o
                0x0000000000004698                measurePD(unsigned char)
 .text._Z13measurePDCodeh
                0x00000000000046c0       0x2e project/light.cpp.o
                0x00000000000046c0                measurePDCode(unsigned char)
 *fill*         0x00000000000046ee        0x2 
 .text._Z11light_checkhb
                0x00000000000046f0      0x158 project/light.cpp.o
                0x00000000000046f0                light_check(unsigned char, bool)
 .text.startup._GLOBAL__sub_I_lights
                0x0000000000004848       0x44 project/light.cpp.o
 .text._ZN3PID4nextEf
                0x000000000000488c       0xdc project/pid.cpp.o
                0x000000000000488c                PID::next(float)
 .text._Z14updateChannelsv
                0x0000000000004968       0xa8 project/relays.cpp.o
                0x0000000000004968                updateChannels()
 .text._Z20enableChannelGeneralh
                0x0000000000004a10       0x28 project/relays.cpp.o
                0x0000000000004a10                enableChannelGeneral(unsigned char)
 .text._Z21disableChannelGeneralh
                0x0000000000004a38       0x28 project/relays.cpp.o
                0x0000000000004a38                disableChannelGeneral(unsigned char)
 .text._Z11lightEnableh
                0x0000000000004a60       0x28 project/relays.cpp.o
                0x0000000000004a60                lightEnable(unsigned char)
 .text._Z12lightDisableh
                0x0000000000004a88       0x28 project/relays.cpp.o
                0x0000000000004a88                lightDisable(unsigned char)
 .text._Z13enableChanneli
                0x0000000000004ab0       0x2c project/relays.cpp.o
                0x0000000000004ab0                enableChannel(int)
 .text._Z14disableChanneli
                0x0000000000004adc       0x2c project/relays.cpp.o
                0x0000000000004adc                disableChannel(int)
 .text._Z21enableChannelExternali
                0x0000000000004b08       0x28 project/relays.cpp.o
                0x0000000000004b08                enableChannelExternal(int)
 .text._Z22disableChannelExternali
                0x0000000000004b30       0x2c project/relays.cpp.o
                0x0000000000004b30                disableChannelExternal(int)
 .text._Z13resetChannelsv
                0x0000000000004b5c       0x24 project/relays.cpp.o
                0x0000000000004b5c                resetChannels()
 .text.scpi_parse_string
                0x0000000000004b80       0xc4 project/../../../Documents/Arduino/libraries/scpiparser/scpiparser.cpp.o
                0x0000000000004b80                scpi_parse_string
 .text.scpi_register_command
                0x0000000000004c44       0x48 project/../../../Documents/Arduino/libraries/scpiparser/scpiparser.cpp.o
                0x0000000000004c44                scpi_register_command
 .text.scpi_init
                0x0000000000004c8c       0x9c project/../../../Documents/Arduino/libraries/scpiparser/scpiparser.cpp.o
                0x0000000000004c8c                scpi_init
 .text.scpi_find_command
                0x0000000000004d28       0x6c project/../../../Documents/Arduino/libraries/scpiparser/scpiparser.cpp.o
                0x0000000000004d28                scpi_find_command
 .text.scpi_execute_command
                0x0000000000004d94       0x32 project/../../../Documents/Arduino/libraries/scpiparser/scpiparser.cpp.o
                0x0000000000004d94                scpi_execute_command
 .text.scpi_free_some_tokens
                0x0000000000004dc6       0x18 project/../../../Documents/Arduino/libraries/scpiparser/scpiparser.cpp.o
                0x0000000000004dc6                scpi_free_some_tokens
 .text.scpi_free_tokens
                0x0000000000004dde        0xa project/../../../Documents/Arduino/libraries/scpiparser/scpiparser.cpp.o
                0x0000000000004dde                scpi_free_tokens
 .text.scpi_parse_bool
                0x0000000000004de8       0x14 project/../../../Documents/Arduino/libraries/scpiparser/scpiparser.cpp.o
                0x0000000000004de8                scpi_parse_bool
 .text.scpi_parse_numeric
                0x0000000000004dfc      0x2e0 project/../../../Documents/Arduino/libraries/scpiparser/scpiparser.cpp.o
                0x0000000000004dfc                scpi_parse_numeric
 .text.scpi_queue_error
                0x00000000000050dc       0x3a project/../../../Documents/Arduino/libraries/scpiparser/scpiparser.cpp.o
                0x00000000000050dc                scpi_queue_error
 *fill*         0x0000000000005116        0x2 
 .text.scpi_pop_error
                0x0000000000005118       0x30 project/../../../Documents/Arduino/libraries/scpiparser/scpiparser.cpp.o
                0x0000000000005118                scpi_pop_error
 .text.system_error
                0x0000000000005148       0x48 project/../../../Documents/Arduino/libraries/scpiparser/scpiparser.cpp.o
 .text._Z6muxI2Ch
                0x0000000000005190       0x28 project/slave.cpp.o
                0x0000000000005190                muxI2C(unsigned char)
 .text._Z17slave_readADS1015hh
                0x00000000000051b8       0x98 project/slave.cpp.o
                0x00000000000051b8                slave_readADS1015(unsigned char, unsigned char)
 .text._Z20aquireHumiditySensorh
                0x0000000000005250       0xe8 project/slave.cpp.o
                0x0000000000005250                aquireHumiditySensor(unsigned char)
 .text._Z11SSRSetValuehm
                0x0000000000005338       0x40 project/ssr.cpp.o
                0x0000000000005338                SSRSetValue(unsigned char, unsigned long)
 .text._Z11SSRSetValuehf
                0x0000000000005378       0x44 project/ssr.cpp.o
                0x0000000000005378                SSRSetValue(unsigned char, float)
 .text._Z10SSRDisableh
                0x00000000000053bc       0x1c project/ssr.cpp.o
                0x00000000000053bc                SSRDisable(unsigned char)
 .text._Z9SSREnableh
                0x00000000000053d8       0x1c project/ssr.cpp.o
                0x00000000000053d8                SSREnable(unsigned char)
 .text.startup._GLOBAL__sub_I_ssrs
                0x00000000000053f4       0x20 project/ssr.cpp.o
 .text._ZN8SPIClass4initEv
                0x0000000000005414       0x12 libraries/SPI/SPI.cpp.o
                0x0000000000005414                SPIClass::init()
 .text._ZN8SPIClass6configE11SPISettings
                0x0000000000005426       0x36 libraries/SPI/SPI.cpp.o
                0x0000000000005426                SPIClass::config(SPISettings)
 .text._ZN8SPIClass5beginEv
                0x000000000000545c       0x50 libraries/SPI/SPI.cpp.o
                0x000000000000545c                SPIClass::begin()
 .text._ZN8SPIClass3endEv
                0x00000000000054ac       0x10 libraries/SPI/SPI.cpp.o
                0x00000000000054ac                SPIClass::end()
 .text._ZN8SPIClass16beginTransactionE11SPISettings
                0x00000000000054bc       0x38 libraries/SPI/SPI.cpp.o
                0x00000000000054bc                SPIClass::beginTransaction(SPISettings)
 .text._ZN8SPIClass14endTransactionEv
                0x00000000000054f4       0x24 libraries/SPI/SPI.cpp.o
                0x00000000000054f4                SPIClass::endTransaction()
 .text._ZN8SPIClass8transferEh
                0x0000000000005518        0xa libraries/SPI/SPI.cpp.o
                0x0000000000005518                SPIClass::transfer(unsigned char)
 *fill*         0x0000000000005522        0x2 
 .text.startup._GLOBAL__sub_I__ZN8SPIClassC2EP6SERCOMhhh14SercomSpiTXPad11SercomRXPad
                0x0000000000005524       0x38 libraries/SPI/SPI.cpp.o
 .text._ZN5Print17availableForWriteEv
                0x000000000000555c        0x4 libraries/Wire/Wire.cpp.o
                0x000000000000555c                Print::availableForWrite()
 .text._ZN7TwoWire5writeEPKhj
                0x0000000000005560       0x24 libraries/Wire/Wire.cpp.o
                0x0000000000005560                TwoWire::write(unsigned char const*, unsigned int)
 .text._ZN7TwoWire5flushEv
                0x0000000000005584        0x2 libraries/Wire/Wire.cpp.o
                0x0000000000005584                TwoWire::flush()
 .text._ZN7TwoWire4peekEv
                0x0000000000005586       0x1a libraries/Wire/Wire.cpp.o
                0x0000000000005586                TwoWire::peek()
 .text._ZN7TwoWire9availableEv
                0x00000000000055a0       0x12 libraries/Wire/Wire.cpp.o
                0x00000000000055a0                TwoWire::available()
 *fill*         0x00000000000055b2        0x2 
 .text._ZN7TwoWireC2EP6SERCOMhh
                0x00000000000055b4       0x5c libraries/Wire/Wire.cpp.o
                0x00000000000055b4                TwoWire::TwoWire(SERCOM*, unsigned char, unsigned char)
                0x00000000000055b4                TwoWire::TwoWire(SERCOM*, unsigned char, unsigned char)
 .text._ZN7TwoWire5beginEv
                0x0000000000005610       0x40 libraries/Wire/Wire.cpp.o
                0x0000000000005610                TwoWire::begin()
 .text._ZN7TwoWire17beginTransmissionEh
                0x0000000000005650       0x18 libraries/Wire/Wire.cpp.o
                0x0000000000005650                TwoWire::beginTransmission(unsigned char)
 .text._ZN11RingBufferNILi256EE10store_charEh
                0x0000000000005668       0x1a libraries/Wire/Wire.cpp.o
                0x0000000000005668                RingBufferN<256>::store_char(unsigned char)
 .text._ZN7TwoWire11requestFromEhjb
                0x0000000000005682       0x76 libraries/Wire/Wire.cpp.o
                0x0000000000005682                TwoWire::requestFrom(unsigned char, unsigned int, bool)
 .text._ZN7TwoWire11requestFromEhj
                0x00000000000056f8        0xa libraries/Wire/Wire.cpp.o
                0x00000000000056f8                TwoWire::requestFrom(unsigned char, unsigned int)
 .text._ZN7TwoWire5writeEh
                0x0000000000005702       0x2a libraries/Wire/Wire.cpp.o
                0x0000000000005702                TwoWire::write(unsigned char)
 .text._ZN11RingBufferNILi256EE9read_charEv
                0x000000000000572c       0x20 libraries/Wire/Wire.cpp.o
                0x000000000000572c                RingBufferN<256>::read_char()
 .text._ZN7TwoWire15endTransmissionEb
                0x000000000000574c       0x72 libraries/Wire/Wire.cpp.o
                0x000000000000574c                TwoWire::endTransmission(bool)
 .text._ZN7TwoWire15endTransmissionEv
                0x00000000000057be        0xa libraries/Wire/Wire.cpp.o
                0x00000000000057be                TwoWire::endTransmission()
 .text._ZN7TwoWire4readEv
                0x00000000000057c8        0xa libraries/Wire/Wire.cpp.o
                0x00000000000057c8                TwoWire::read()
 .text._ZN7TwoWire9onServiceEv
                0x00000000000057d2      0x11c libraries/Wire/Wire.cpp.o
                0x00000000000057d2                TwoWire::onService()
 *fill*         0x00000000000058ee        0x2 
 .text.SERCOM3_Handler
                0x00000000000058f0       0x10 libraries/Wire/Wire.cpp.o
                0x00000000000058f0                SERCOM3_Handler
 .text.startup._GLOBAL__sub_I__ZN7TwoWireC2EP6SERCOMhh
                0x0000000000005900       0x18 libraries/Wire/Wire.cpp.o
 .text.Dummy_Handler
                0x0000000000005918        0x2 ./core.a(cortex_handlers.c.o)
                0x0000000000005918                SYSCTRL_Handler
                0x0000000000005918                HardFault_Handler
                0x0000000000005918                AC_Handler
                0x0000000000005918                PendSV_Handler
                0x0000000000005918                NMI_Handler
                0x0000000000005918                TC7_Handler
                0x0000000000005918                SERCOM1_Handler
                0x0000000000005918                ADC_Handler
                0x0000000000005918                TCC1_Handler
                0x0000000000005918                SERCOM2_Handler
                0x0000000000005918                TCC0_Handler
                0x0000000000005918                RTC_Handler
                0x0000000000005918                EIC_Handler
                0x0000000000005918                TC6_Handler
                0x0000000000005918                WDT_Handler
                0x0000000000005918                TC4_Handler
                0x0000000000005918                TC3_Handler
                0x0000000000005918                Dummy_Handler
                0x0000000000005918                PM_Handler
                0x0000000000005918                SVC_Handler
                0x0000000000005918                TCC2_Handler
                0x0000000000005918                EVSYS_Handler
                0x0000000000005918                SERCOM4_Handler
                0x0000000000005918                I2S_Handler
                0x0000000000005918                NVMCTRL_Handler
                0x0000000000005918                DAC_Handler
                0x0000000000005918                PTC_Handler
                0x0000000000005918                DMAC_Handler
 *fill*         0x000000000000591a        0x2 
 .text.USB_Handler
                0x000000000000591c       0x14 ./core.a(cortex_handlers.c.o)
                0x000000000000591c                USB_Handler
 .text.Reset_Handler
                0x0000000000005930       0x54 ./core.a(cortex_handlers.c.o)
                0x0000000000005930                Reset_Handler
 .text.SysTick_Handler
                0x0000000000005984       0x10 ./core.a(cortex_handlers.c.o)
                0x0000000000005984                SysTick_Handler
 .text.USB_SetHandler
                0x0000000000005994        0xc ./core.a(cortex_handlers.c.o)
                0x0000000000005994                USB_SetHandler
 .text.millis   0x00000000000059a0        0xc ./core.a(delay.c.o)
                0x00000000000059a0                millis
 .text.delay    0x00000000000059ac       0x20 ./core.a(delay.c.o)
                0x00000000000059ac                delay
 .text.SysTick_DefaultHandler
                0x00000000000059cc       0x14 ./core.a(delay.c.o)
                0x00000000000059cc                SysTick_DefaultHandler
 .text.__empty  0x00000000000059e0        0x2 ./core.a(hooks.c.o)
                0x00000000000059e0                yield
 .text.__false  0x00000000000059e2        0x4 ./core.a(hooks.c.o)
                0x00000000000059e2                sysTickHook
 .text._Z11initVariantv
                0x00000000000059e6        0x2 ./core.a(main.cpp.o)
                0x00000000000059e6                initVariant()
 .text.startup.main
                0x00000000000059e8       0x40 ./core.a(main.cpp.o)
                0x00000000000059e8                main
 .text._Znwj    0x0000000000005a28        0x8 ./core.a(new.cpp.o)
                0x0000000000005a28                operator new(unsigned int)
 .text._ZN5Print5writeEPKhj
                0x0000000000005a30       0x28 ./core.a(Print.cpp.o)
                0x0000000000005a30                Print::write(unsigned char const*, unsigned int)
 .text._ZN5Print5printEmi.part.3
                0x0000000000005a58        0xc ./core.a(Print.cpp.o)
 .text._ZN5Print5writeEPKc
                0x0000000000005a64       0x1c ./core.a(Print.cpp.o)
                0x0000000000005a64                Print::write(char const*)
 .text._ZN5Print5printEPKc
                0x0000000000005a80        0x8 ./core.a(Print.cpp.o)
                0x0000000000005a80                Print::print(char const*)
 .text._ZN5Print5printEc
                0x0000000000005a88        0xa ./core.a(Print.cpp.o)
                0x0000000000005a88                Print::print(char)
 *fill*         0x0000000000005a92        0x2 
 .text._ZN5Print7printlnEv
                0x0000000000005a94       0x10 ./core.a(Print.cpp.o)
                0x0000000000005a94                Print::println()
 .text._ZN5Print7printlnEPKc
                0x0000000000005aa4       0x14 ./core.a(Print.cpp.o)
                0x0000000000005aa4                Print::println(char const*)
 .text._ZN5Print11printNumberEmh
                0x0000000000005ab8       0x4e ./core.a(Print.cpp.o)
                0x0000000000005ab8                Print::printNumber(unsigned long, unsigned char)
 .text._ZN5Print5printEli
                0x0000000000005b06       0x3c ./core.a(Print.cpp.o)
                0x0000000000005b06                Print::print(long, int)
 .text._ZN5Print5printEii
                0x0000000000005b42        0x8 ./core.a(Print.cpp.o)
                0x0000000000005b42                Print::print(int, int)
 .text._ZN5Print7printlnEii
                0x0000000000005b4a       0x14 ./core.a(Print.cpp.o)
                0x0000000000005b4a                Print::println(int, int)
 .text._ZN5Print7printlnEli
                0x0000000000005b5e       0x14 ./core.a(Print.cpp.o)
                0x0000000000005b5e                Print::println(long, int)
 .text._ZN5Print5printEmi
                0x0000000000005b72       0x14 ./core.a(Print.cpp.o)
                0x0000000000005b72                Print::print(unsigned long, int)
 .text._ZN5Print7printlnEhi
                0x0000000000005b86       0x14 ./core.a(Print.cpp.o)
                0x0000000000005b86                Print::println(unsigned char, int)
 *fill*         0x0000000000005b9a        0x2 
 .text.initiateReset
                0x0000000000005b9c        0xc ./core.a(Reset.cpp.o)
                0x0000000000005b9c                initiateReset
 .text.cancelReset
                0x0000000000005ba8       0x10 ./core.a(Reset.cpp.o)
                0x0000000000005ba8                cancelReset
 .text.tickReset
                0x0000000000005bb8       0x74 ./core.a(Reset.cpp.o)
                0x0000000000005bb8                tickReset
 .text._ZN6SERCOMC2EP6Sercom
                0x0000000000005c2c        0x4 ./core.a(SERCOM.cpp.o)
                0x0000000000005c2c                SERCOM::SERCOM(Sercom*)
                0x0000000000005c2c                SERCOM::SERCOM(Sercom*)
 .text._ZN6SERCOM9initFrameE18SercomUartCharSize15SercomDataOrder16SercomParityMode19SercomNumberStopBit
                0x0000000000005c30       0x38 ./core.a(SERCOM.cpp.o)
                0x0000000000005c30                SERCOM::initFrame(SercomUartCharSize, SercomDataOrder, SercomParityMode, SercomNumberStopBit)
 .text._ZN6SERCOM8initPadsE15SercomUartTXPad11SercomRXPad
                0x0000000000005c68       0x26 ./core.a(SERCOM.cpp.o)
                0x0000000000005c68                SERCOM::initPads(SercomUartTXPad, SercomRXPad)
 .text._ZN6SERCOM9resetUARTEv
                0x0000000000005c8e       0x1c ./core.a(SERCOM.cpp.o)
                0x0000000000005c8e                SERCOM::resetUART()
 .text._ZN6SERCOM10enableUARTEv
                0x0000000000005caa       0x14 ./core.a(SERCOM.cpp.o)
                0x0000000000005caa                SERCOM::enableUART()
 .text._ZN6SERCOM9flushUARTEv
                0x0000000000005cbe       0x10 ./core.a(SERCOM.cpp.o)
                0x0000000000005cbe                SERCOM::flushUART()
 .text._ZN6SERCOM15clearStatusUARTEv
                0x0000000000005cce        0x8 ./core.a(SERCOM.cpp.o)
                0x0000000000005cce                SERCOM::clearStatusUART()
 .text._ZN6SERCOM17availableDataUARTEv
                0x0000000000005cd6        0xa ./core.a(SERCOM.cpp.o)
                0x0000000000005cd6                SERCOM::availableDataUART()
 .text._ZN6SERCOM11isUARTErrorEv
                0x0000000000005ce0        0x8 ./core.a(SERCOM.cpp.o)
                0x0000000000005ce0                SERCOM::isUARTError()
 .text._ZN6SERCOM20acknowledgeUARTErrorEv
                0x0000000000005ce8        0xe ./core.a(SERCOM.cpp.o)
                0x0000000000005ce8                SERCOM::acknowledgeUARTError()
 .text._ZN6SERCOM23isDataRegisterEmptyUARTEv
                0x0000000000005cf6        0xa ./core.a(SERCOM.cpp.o)
                0x0000000000005cf6                SERCOM::isDataRegisterEmptyUART()
 .text._ZN6SERCOM12readDataUARTEv
                0x0000000000005d00        0x8 ./core.a(SERCOM.cpp.o)
                0x0000000000005d00                SERCOM::readDataUART()
 .text._ZN6SERCOM13writeDataUARTEh
                0x0000000000005d08        0xe ./core.a(SERCOM.cpp.o)
                0x0000000000005d08                SERCOM::writeDataUART(unsigned char)
 .text._ZN6SERCOM36enableDataRegisterEmptyInterruptUARTEv
                0x0000000000005d16        0x8 ./core.a(SERCOM.cpp.o)
                0x0000000000005d16                SERCOM::enableDataRegisterEmptyInterruptUART()
 .text._ZN6SERCOM37disableDataRegisterEmptyInterruptUARTEv
                0x0000000000005d1e        0x8 ./core.a(SERCOM.cpp.o)
                0x0000000000005d1e                SERCOM::disableDataRegisterEmptyInterruptUART()
 *fill*         0x0000000000005d26        0x2 
 .text._ZN6SERCOM12initSPIClockE18SercomSpiClockModem
                0x0000000000005d28       0x30 ./core.a(SERCOM.cpp.o)
                0x0000000000005d28                SERCOM::initSPIClock(SercomSpiClockMode, unsigned long)
 .text._ZN6SERCOM8resetSPIEv
                0x0000000000005d58       0x1c ./core.a(SERCOM.cpp.o)
                0x0000000000005d58                SERCOM::resetSPI()
 .text._ZN6SERCOM9enableSPIEv
                0x0000000000005d74       0x14 ./core.a(SERCOM.cpp.o)
                0x0000000000005d74                SERCOM::enableSPI()
 .text._ZN6SERCOM10disableSPIEv
                0x0000000000005d88       0x12 ./core.a(SERCOM.cpp.o)
                0x0000000000005d88                SERCOM::disableSPI()
 .text._ZN6SERCOM15transferDataSPIEh
                0x0000000000005d9a       0x1a ./core.a(SERCOM.cpp.o)
                0x0000000000005d9a                SERCOM::transferDataSPI(unsigned char)
 .text._ZN6SERCOM9resetWIREEv
                0x0000000000005db4       0x1c ./core.a(SERCOM.cpp.o)
                0x0000000000005db4                SERCOM::resetWIRE()
 .text._ZN6SERCOM10enableWIREEv
                0x0000000000005dd0       0x28 ./core.a(SERCOM.cpp.o)
                0x0000000000005dd0                SERCOM::enableWIRE()
 .text._ZN6SERCOM18prepareNackBitWIREEv
                0x0000000000005df8       0x10 ./core.a(SERCOM.cpp.o)
                0x0000000000005df8                SERCOM::prepareNackBitWIRE()
 .text._ZN6SERCOM17prepareAckBitWIREEv
                0x0000000000005e08       0x14 ./core.a(SERCOM.cpp.o)
                0x0000000000005e08                SERCOM::prepareAckBitWIRE()
 .text._ZN6SERCOM22prepareCommandBitsWireEh
                0x0000000000005e1c       0x2c ./core.a(SERCOM.cpp.o)
                0x0000000000005e1c                SERCOM::prepareCommandBitsWire(unsigned char)
 .text._ZN6SERCOM21startTransmissionWIREEh23SercomWireReadWriteFlag
                0x0000000000005e48       0x5e ./core.a(SERCOM.cpp.o)
                0x0000000000005e48                SERCOM::startTransmissionWIRE(unsigned char, SercomWireReadWriteFlag)
 .text._ZN6SERCOM18sendDataMasterWIREEh
                0x0000000000005ea6       0x22 ./core.a(SERCOM.cpp.o)
                0x0000000000005ea6                SERCOM::sendDataMasterWIRE(unsigned char)
 .text._ZN6SERCOM17sendDataSlaveWIREEh
                0x0000000000005ec8       0x1a ./core.a(SERCOM.cpp.o)
                0x0000000000005ec8                SERCOM::sendDataSlaveWIRE(unsigned char)
 .text._ZN6SERCOM11isSlaveWIREEv
                0x0000000000005ee2       0x12 ./core.a(SERCOM.cpp.o)
                0x0000000000005ee2                SERCOM::isSlaveWIRE()
 .text._ZN6SERCOM15isDataReadyWIREEv
                0x0000000000005ef4        0xa ./core.a(SERCOM.cpp.o)
                0x0000000000005ef4                SERCOM::isDataReadyWIRE()
 .text._ZN6SERCOM18isStopDetectedWIREEv
                0x0000000000005efe        0xa ./core.a(SERCOM.cpp.o)
                0x0000000000005efe                SERCOM::isStopDetectedWIRE()
 .text._ZN6SERCOM21isRestartDetectedWIREEv
                0x0000000000005f08        0xa ./core.a(SERCOM.cpp.o)
                0x0000000000005f08                SERCOM::isRestartDetectedWIRE()
 .text._ZN6SERCOM14isAddressMatchEv
                0x0000000000005f12        0xa ./core.a(SERCOM.cpp.o)
                0x0000000000005f12                SERCOM::isAddressMatch()
 .text._ZN6SERCOM25isMasterReadOperationWIREEv
                0x0000000000005f1c        0xa ./core.a(SERCOM.cpp.o)
                0x0000000000005f1c                SERCOM::isMasterReadOperationWIRE()
 .text._ZN6SERCOM12readDataWIREEv
                0x0000000000005f26       0x1a ./core.a(SERCOM.cpp.o)
                0x0000000000005f26                SERCOM::readDataWIRE()
 .text._ZN6SERCOM13initClockNVICEv
                0x0000000000005f40       0xac ./core.a(SERCOM.cpp.o)
                0x0000000000005f40                SERCOM::initClockNVIC()
 .text._ZN6SERCOM8initUARTE14SercomUartMode20SercomUartSampleRatem
                0x0000000000005fec       0x6c ./core.a(SERCOM.cpp.o)
                0x0000000000005fec                SERCOM::initUART(SercomUartMode, SercomUartSampleRate, unsigned long)
 .text._ZN6SERCOM7initSPIE14SercomSpiTXPad11SercomRXPad17SercomSpiCharSize15SercomDataOrder
                0x0000000000006058       0x48 ./core.a(SERCOM.cpp.o)
                0x0000000000006058                SERCOM::initSPI(SercomSpiTXPad, SercomRXPad, SercomSpiCharSize, SercomDataOrder)
 .text._ZN6SERCOM14initMasterWIREEm
                0x00000000000060a0       0x54 ./core.a(SERCOM.cpp.o)
                0x00000000000060a0                SERCOM::initMasterWIRE(unsigned long)
 .text.SystemInit
                0x00000000000060f4      0x168 ./core.a(startup.c.o)
                0x00000000000060f4                SystemInit
 .text._ZN6Stream9timedReadEv
                0x000000000000625c       0x2a ./core.a(Stream.cpp.o)
                0x000000000000625c                Stream::timedRead()
 .text._ZN6Stream14readBytesUntilEcPcj
                0x0000000000006286       0x32 ./core.a(Stream.cpp.o)
                0x0000000000006286                Stream::readBytesUntil(char, char*, unsigned int)
 .text._ZN7Serial_17availableForWriteEv
                0x00000000000062b8        0x4 ./core.a(CDC.cpp.o)
                0x00000000000062b8                Serial_::availableForWrite()
 .text._ZN7Serial_5writeEh
                0x00000000000062bc       0x14 ./core.a(CDC.cpp.o)
                0x00000000000062bc                Serial_::write(unsigned char)
 .text._ZN7Serial_9availableEv
                0x00000000000062d0        0xc ./core.a(CDC.cpp.o)
                0x00000000000062d0                Serial_::available()
 .text._ZN7Serial_5flushEv
                0x00000000000062dc        0xc ./core.a(CDC.cpp.o)
                0x00000000000062dc                Serial_::flush()
 .text._ZN7Serial_5writeEPKhj
                0x00000000000062e8       0x1c ./core.a(CDC.cpp.o)
                0x00000000000062e8                Serial_::write(unsigned char const*, unsigned int)
 .text._ZN7Serial_4peekEv
                0x0000000000006304       0x1c ./core.a(CDC.cpp.o)
                0x0000000000006304                Serial_::peek()
 .text._ZN7Serial_4readEv
                0x0000000000006320       0x24 ./core.a(CDC.cpp.o)
                0x0000000000006320                Serial_::read()
 .text._Z16CDC_GetInterfacePh
                0x0000000000006344       0x1c ./core.a(CDC.cpp.o)
                0x0000000000006344                CDC_GetInterface(unsigned char*)
 .text._Z9CDC_SetupR8USBSetup
                0x0000000000006360       0x80 ./core.a(CDC.cpp.o)
                0x0000000000006360                CDC_Setup(USBSetup&)
 .text._ZN7Serial_5beginEm
                0x00000000000063e0        0x2 ./core.a(CDC.cpp.o)
                0x00000000000063e0                Serial_::begin(unsigned long)
 *fill*         0x00000000000063e2        0x2 
 .text.startup._GLOBAL__sub_I__Z17_CDC_GetInterfacev
                0x00000000000063e4       0x28 ./core.a(CDC.cpp.o)
 .text._ZL5utox8mPc
                0x000000000000640c       0x1c ./core.a(USBCore.cpp.o)
 .text._ZN14USBDeviceClass6initEPEmm.part.4
                0x0000000000006428       0xc8 ./core.a(USBCore.cpp.o)
 .text._ZN20USBDevice_SAMD21G18x5resetEv
                0x00000000000064f0       0x28 ./core.a(USBCore.cpp.o)
                0x00000000000064f0                USBDevice_SAMD21G18x::reset()
 .text._ZN20USBDevice_SAMD21G18x9calibrateEv
                0x0000000000006518       0x5c ./core.a(USBCore.cpp.o)
                0x0000000000006518                USBDevice_SAMD21G18x::calibrate()
 .text._ZN7__GuardC2Ev
                0x0000000000006574        0xe ./core.a(USBCore.cpp.o)
                0x0000000000006574                __Guard::__Guard()
                0x0000000000006574                __Guard::__Guard()
 .text._ZN7__GuardD2Ev
                0x0000000000006582        0xe ./core.a(USBCore.cpp.o)
                0x0000000000006582                __Guard::~__Guard()
                0x0000000000006582                __Guard::~__Guard()
 .text._ZNK26DoubleBufferedEPOutHandler9availableEv
                0x0000000000006590       0x5e ./core.a(USBCore.cpp.o)
                0x0000000000006590                DoubleBufferedEPOutHandler::available() const
 *fill*         0x00000000000065ee        0x2 
 .text._ZN26DoubleBufferedEPOutHandler7releaseEv
                0x00000000000065f0       0x58 ./core.a(USBCore.cpp.o)
                0x00000000000065f0                DoubleBufferedEPOutHandler::release()
 .text._ZN26DoubleBufferedEPOutHandler4recvEPvm
                0x0000000000006648      0x11c ./core.a(USBCore.cpp.o)
                0x0000000000006648                DoubleBufferedEPOutHandler::recv(void*, unsigned long)
 .text._ZN26DoubleBufferedEPOutHandler14handleEndpointEv
                0x0000000000006764       0xc8 ./core.a(USBCore.cpp.o)
                0x0000000000006764                DoubleBufferedEPOutHandler::handleEndpoint()
 .text._ZN14USBDeviceClass14SendInterfacesEPm
                0x000000000000682c       0x2c ./core.a(USBCore.cpp.o)
                0x000000000000682c                USBDeviceClass::SendInterfaces(unsigned long*)
 .text._ZN14USBDeviceClass14handleEndpointEh
                0x0000000000006858       0x40 ./core.a(USBCore.cpp.o)
                0x0000000000006858                USBDeviceClass::handleEndpoint(unsigned char)
 .text._ZN14USBDeviceClass4initEv
                0x0000000000006898       0xf0 ./core.a(USBCore.cpp.o)
                0x0000000000006898                USBDeviceClass::init()
 .text._ZN14USBDeviceClass6attachEv
                0x0000000000006988       0x34 ./core.a(USBCore.cpp.o)
                0x0000000000006988                USBDeviceClass::attach()
 .text._ZN14USBDeviceClass10setAddressEm
                0x00000000000069bc       0x48 ./core.a(USBCore.cpp.o)
                0x00000000000069bc                USBDeviceClass::setAddress(unsigned long)
 .text._ZN14USBDeviceClass25handleClassInterfaceSetupER8USBSetup
                0x0000000000006a04       0x40 ./core.a(USBCore.cpp.o)
                0x0000000000006a04                USBDeviceClass::handleClassInterfaceSetup(USBSetup&)
 .text._ZN14USBDeviceClass6initEPEmm
                0x0000000000006a44       0xf4 ./core.a(USBCore.cpp.o)
                0x0000000000006a44                USBDeviceClass::initEP(unsigned long, unsigned long)
 .text._ZN14USBDeviceClass13initEndpointsEv
                0x0000000000006b38       0x24 ./core.a(USBCore.cpp.o)
                0x0000000000006b38                USBDeviceClass::initEndpoints()
 .text._ZN14USBDeviceClass9availableEm
                0x0000000000006b5c       0x2c ./core.a(USBCore.cpp.o)
                0x0000000000006b5c                USBDeviceClass::available(unsigned long)
 .text._ZN14USBDeviceClass5flushEm
                0x0000000000006b88       0x2c ./core.a(USBCore.cpp.o)
                0x0000000000006b88                USBDeviceClass::flush(unsigned long)
 .text._ZN14USBDeviceClass14armRecvCtrlOUTEm
                0x0000000000006bb4       0x60 ./core.a(USBCore.cpp.o)
                0x0000000000006bb4                USBDeviceClass::armRecvCtrlOUT(unsigned long)
 .text._ZN14USBDeviceClass11recvControlEPvm
                0x0000000000006c14       0x3c ./core.a(USBCore.cpp.o)
                0x0000000000006c14                USBDeviceClass::recvControl(void*, unsigned long)
 .text._ZN14USBDeviceClass7armRecvEm
                0x0000000000006c50       0x3c ./core.a(USBCore.cpp.o)
                0x0000000000006c50                USBDeviceClass::armRecv(unsigned long)
 .text._ZN14USBDeviceClass4recvEmPvm
                0x0000000000006c8c       0xd8 ./core.a(USBCore.cpp.o)
                0x0000000000006c8c                USBDeviceClass::recv(unsigned long, void*, unsigned long)
 .text._ZN14USBDeviceClass4recvEm
                0x0000000000006d64       0x1c ./core.a(USBCore.cpp.o)
                0x0000000000006d64                USBDeviceClass::recv(unsigned long)
 .text._ZN14USBDeviceClass4sendEmPKvm
                0x0000000000006d80      0x124 ./core.a(USBCore.cpp.o)
                0x0000000000006d80                USBDeviceClass::send(unsigned long, void const*, unsigned long)
 .text._ZN14USBDeviceClass7armSendEmPKvm
                0x0000000000006ea4       0x48 ./core.a(USBCore.cpp.o)
                0x0000000000006ea4                USBDeviceClass::armSend(unsigned long, void const*, unsigned long)
 .text._ZN14USBDeviceClass11sendControlEPKvm
                0x0000000000006eec       0x58 ./core.a(USBCore.cpp.o)
                0x0000000000006eec                USBDeviceClass::sendControl(void const*, unsigned long)
 .text._ZN14USBDeviceClass20sendStringDescriptorEPKhh
                0x0000000000006f44       0x68 ./core.a(USBCore.cpp.o)
                0x0000000000006f44                USBDeviceClass::sendStringDescriptor(unsigned char const*, unsigned char)
 .text._ZN14USBDeviceClass12packMessagesEb.part.6
                0x0000000000006fac       0x20 ./core.a(USBCore.cpp.o)
 .text._ZN14USBDeviceClass17sendConfigurationEm
                0x0000000000006fcc       0x90 ./core.a(USBCore.cpp.o)
                0x0000000000006fcc                USBDeviceClass::sendConfiguration(unsigned long)
 .text._ZN14USBDeviceClass14sendDescriptorER8USBSetup
                0x000000000000705c       0xec ./core.a(USBCore.cpp.o)
                0x000000000000705c                USBDeviceClass::sendDescriptor(USBSetup&)
 .text._ZN14USBDeviceClass19handleStandardSetupER8USBSetup
                0x0000000000007148      0x118 ./core.a(USBCore.cpp.o)
                0x0000000000007148                USBDeviceClass::handleStandardSetup(USBSetup&)
 .text._ZN14USBDeviceClass10ISRHandlerEv
                0x0000000000007260      0x150 ./core.a(USBCore.cpp.o)
                0x0000000000007260                USBDeviceClass::ISRHandler()
 .text.UDD_Handler
                0x00000000000073b0       0x10 ./core.a(USBCore.cpp.o)
                0x00000000000073b0                UDD_Handler
 .text.startup._GLOBAL__sub_I__ZN20USBDevice_SAMD21G18x5resetEv
                0x00000000000073c0       0x10 ./core.a(USBCore.cpp.o)
 .text.init     0x00000000000073d0       0xf0 ./core.a(wiring.c.o)
                0x00000000000073d0                init
 .text.analogReference
                0x00000000000074c0       0x5c ./core.a(wiring_analog.c.o)
                0x00000000000074c0                analogReference
 .text.pinMode  0x000000000000751c       0xb4 ./core.a(wiring_digital.c.o)
                0x000000000000751c                pinMode
 .text.digitalWrite
                0x00000000000075d0       0x60 ./core.a(wiring_digital.c.o)
                0x00000000000075d0                digitalWrite
 .text.digitalRead
                0x0000000000007630       0x30 ./core.a(wiring_digital.c.o)
                0x0000000000007630                digitalRead
 .text.pinPeripheral
                0x0000000000007660       0xc4 ./core.a(wiring_private.c.o)
                0x0000000000007660                pinPeripheral
 .text.SERCOM0_Handler
                0x0000000000007724       0x10 ./core.a(variant.cpp.o)
                0x0000000000007724                SERCOM0_Handler
 .text.SERCOM5_Handler
                0x0000000000007734       0x10 ./core.a(variant.cpp.o)
                0x0000000000007734                SERCOM5_Handler
 .text.startup._GLOBAL__sub_I_g_APinDescription
                0x0000000000007744       0x94 ./core.a(variant.cpp.o)
 .text._ZN4UartcvbEv
                0x00000000000077d8        0x4 ./core.a(Uart.cpp.o)
                0x00000000000077d8                Uart::operator bool()
 .text._ZN4Uart5beginEm
                0x00000000000077dc       0x10 ./core.a(Uart.cpp.o)
                0x00000000000077dc                Uart::begin(unsigned long)
 .text._ZN4Uart4peekEv
                0x00000000000077ec       0x16 ./core.a(Uart.cpp.o)
                0x00000000000077ec                Uart::peek()
 .text._ZN4Uart3endEv
                0x0000000000007802       0x1c ./core.a(Uart.cpp.o)
                0x0000000000007802                Uart::end()
 *fill*         0x000000000000781e        0x2 
 .text._ZN4UartC2EP6SERCOMhh11SercomRXPad15SercomUartTXPadhh
                0x0000000000007820       0x7c ./core.a(Uart.cpp.o)
                0x0000000000007820                Uart::Uart(SERCOM*, unsigned char, unsigned char, SercomRXPad, SercomUartTXPad, unsigned char, unsigned char)
                0x0000000000007820                Uart::Uart(SERCOM*, unsigned char, unsigned char, SercomRXPad, SercomUartTXPad, unsigned char, unsigned char)
 .text._ZN4UartC2EP6SERCOMhh11SercomRXPad15SercomUartTXPad
                0x000000000000789c       0x24 ./core.a(Uart.cpp.o)
                0x000000000000789c                Uart::Uart(SERCOM*, unsigned char, unsigned char, SercomRXPad, SercomUartTXPad)
                0x000000000000789c                Uart::Uart(SERCOM*, unsigned char, unsigned char, SercomRXPad, SercomUartTXPad)
 .text._ZN4Uart16extractNbStopBitEt
                0x00000000000078c0        0xe ./core.a(Uart.cpp.o)
                0x00000000000078c0                Uart::extractNbStopBit(unsigned short)
 .text._ZN4Uart15extractCharSizeEt
                0x00000000000078ce       0x2c ./core.a(Uart.cpp.o)
                0x00000000000078ce                Uart::extractCharSize(unsigned short)
 .text._ZN4Uart13extractParityEt
                0x00000000000078fa       0x18 ./core.a(Uart.cpp.o)
                0x00000000000078fa                Uart::extractParity(unsigned short)
 *fill*         0x0000000000007912        0x2 
 .text._ZN4Uart5beginEmt
                0x0000000000007914       0xf4 ./core.a(Uart.cpp.o)
                0x0000000000007914                Uart::begin(unsigned long, unsigned short)
 .text._ZN11RingBufferNILi64EE9availableEv
                0x0000000000007a08        0xc ./core.a(Uart.cpp.o)
                0x0000000000007a08                RingBufferN<64>::available()
 .text._ZN4Uart5flushEv
                0x0000000000007a14       0x18 ./core.a(Uart.cpp.o)
                0x0000000000007a14                Uart::flush()
 .text._ZN4Uart9availableEv
                0x0000000000007a2c        0xa ./core.a(Uart.cpp.o)
                0x0000000000007a2c                Uart::available()
 .text._ZN11RingBufferNILi64EE17availableForStoreEv
                0x0000000000007a36       0x1c ./core.a(Uart.cpp.o)
                0x0000000000007a36                RingBufferN<64>::availableForStore()
 .text._ZN4Uart17availableForWriteEv
                0x0000000000007a52        0xa ./core.a(Uart.cpp.o)
                0x0000000000007a52                Uart::availableForWrite()
 .text._ZN4Uart10IrqHandlerEv
                0x0000000000007a5c       0xb2 ./core.a(Uart.cpp.o)
                0x0000000000007a5c                Uart::IrqHandler()
 *fill*         0x0000000000007b0e        0x2 
 .text._ZN4Uart5writeEh
                0x0000000000007b10       0xb8 ./core.a(Uart.cpp.o)
                0x0000000000007b10                Uart::write(unsigned char)
 .text._ZN4Uart4readEv
                0x0000000000007bc8       0x48 ./core.a(Uart.cpp.o)
                0x0000000000007bc8                Uart::read()
 .text._ZN13PluggableUSB_12getInterfaceEPh
                0x0000000000007c10       0x2a ./core.a(PluggableUSB.cpp.o)
                0x0000000000007c10                PluggableUSB_::getInterface(unsigned char*)
 .text._ZN13PluggableUSB_13getDescriptorER8USBSetup
                0x0000000000007c3a       0x20 ./core.a(PluggableUSB.cpp.o)
                0x0000000000007c3a                PluggableUSB_::getDescriptor(USBSetup&)
 .text._ZN13PluggableUSB_12getShortNameEPc
                0x0000000000007c5a       0x1e ./core.a(PluggableUSB.cpp.o)
                0x0000000000007c5a                PluggableUSB_::getShortName(char*)
 .text._ZN13PluggableUSB_5setupER8USBSetup
                0x0000000000007c78       0x24 ./core.a(PluggableUSB.cpp.o)
                0x0000000000007c78                PluggableUSB_::setup(USBSetup&)
 .text._Z12PluggableUSBv
                0x0000000000007c9c       0x24 ./core.a(PluggableUSB.cpp.o)
                0x0000000000007c9c                PluggableUSB()
 .text          0x0000000000007cc0       0x14 /Users/normanpellet/.arduinocdt/packages/arduino/tools/arm-none-eabi-gcc/4.8.3-2014q1/bin/../lib/gcc/arm-none-eabi/4.8.3/armv6-m/libgcc.a(_thumb1_case_uqi.o)
                0x0000000000007cc0                __gnu_thumb1_case_uqi
 .text          0x0000000000007cd4       0x9c /Users/normanpellet/.arduinocdt/packages/arduino/tools/arm-none-eabi-gcc/4.8.3-2014q1/bin/../lib/gcc/arm-none-eabi/4.8.3/armv6-m/libgcc.a(_udivsi3.o)
                0x0000000000007cd4                __udivsi3
                0x0000000000007cd4                __aeabi_uidiv
                0x0000000000007d5c                __aeabi_uidivmod
 .text          0x0000000000007d70        0x4 /Users/normanpellet/.arduinocdt/packages/arduino/tools/arm-none-eabi-gcc/4.8.3-2014q1/bin/../lib/gcc/arm-none-eabi/4.8.3/armv6-m/libgcc.a(_dvmd_tls.o)
                0x0000000000007d70                __aeabi_ldiv0
                0x0000000000007d70                __aeabi_idiv0
 .text          0x0000000000007d74       0x7c /Users/normanpellet/.arduinocdt/packages/arduino/tools/arm-none-eabi-gcc/4.8.3-2014q1/bin/../lib/gcc/arm-none-eabi/4.8.3/armv6-m/libgcc.a(_arm_cmpdf2.o)
                0x0000000000007d74                __aeabi_cdrcmple
                0x0000000000007d84                __aeabi_cdcmple
                0x0000000000007d84                __aeabi_cdcmpeq
                0x0000000000007d94                __aeabi_dcmpeq
                0x0000000000007da0                __aeabi_dcmplt
                0x0000000000007db4                __aeabi_dcmple
                0x0000000000007dc8                __aeabi_dcmpgt
                0x0000000000007ddc                __aeabi_dcmpge
 .text          0x0000000000007df0       0x74 /Users/normanpellet/.arduinocdt/packages/arduino/tools/arm-none-eabi-gcc/4.8.3-2014q1/bin/../lib/gcc/arm-none-eabi/4.8.3/armv6-m/libgcc.a(_arm_cmpsf2.o)
                0x0000000000007df0                __aeabi_cfrcmple
                0x0000000000007df8                __aeabi_cfcmple
                0x0000000000007df8                __aeabi_cfcmpeq
                0x0000000000007e08                __aeabi_fcmpeq
                0x0000000000007e14                __aeabi_fcmplt
                0x0000000000007e28                __aeabi_fcmple
                0x0000000000007e3c                __aeabi_fcmpgt
                0x0000000000007e50                __aeabi_fcmpge
 .text          0x0000000000007e64       0x30 /Users/normanpellet/.arduinocdt/packages/arduino/tools/arm-none-eabi-gcc/4.8.3-2014q1/bin/../lib/gcc/arm-none-eabi/4.8.3/armv6-m/libgcc.a(_fixunssfsi.o)
                0x0000000000007e64                __aeabi_f2uiz
                0x0000000000007e64                __fixunssfsi
 .text          0x0000000000007e94      0x2c8 /Users/normanpellet/.arduinocdt/packages/arduino/tools/arm-none-eabi-gcc/4.8.3-2014q1/bin/../lib/gcc/arm-none-eabi/4.8.3/armv6-m/libgcc.a(addsf3.o)
                0x0000000000007e94                __aeabi_fadd
 .text          0x000000000000815c      0x24c /Users/normanpellet/.arduinocdt/packages/arduino/tools/arm-none-eabi-gcc/4.8.3-2014q1/bin/../lib/gcc/arm-none-eabi/4.8.3/armv6-m/libgcc.a(divsf3.o)
                0x000000000000815c                __aeabi_fdiv
 .text          0x00000000000083a8       0x54 /Users/normanpellet/.arduinocdt/packages/arduino/tools/arm-none-eabi-gcc/4.8.3-2014q1/bin/../lib/gcc/arm-none-eabi/4.8.3/armv6-m/libgcc.a(eqsf2.o)
                0x00000000000083a8                __nesf2
                0x00000000000083a8                __eqsf2
 .text          0x00000000000083fc       0x90 /Users/normanpellet/.arduinocdt/packages/arduino/tools/arm-none-eabi-gcc/4.8.3-2014q1/bin/../lib/gcc/arm-none-eabi/4.8.3/armv6-m/libgcc.a(gesf2.o)
                0x00000000000083fc                __gtsf2
                0x00000000000083fc                __gesf2
 .text          0x000000000000848c       0x98 /Users/normanpellet/.arduinocdt/packages/arduino/tools/arm-none-eabi-gcc/4.8.3-2014q1/bin/../lib/gcc/arm-none-eabi/4.8.3/armv6-m/libgcc.a(lesf2.o)
                0x000000000000848c                __lesf2
                0x000000000000848c                __ltsf2
 .text          0x0000000000008524      0x254 /Users/normanpellet/.arduinocdt/packages/arduino/tools/arm-none-eabi-gcc/4.8.3-2014q1/bin/../lib/gcc/arm-none-eabi/4.8.3/armv6-m/libgcc.a(mulsf3.o)
                0x0000000000008524                __aeabi_fmul
 .text          0x0000000000008778      0x2e0 /Users/normanpellet/.arduinocdt/packages/arduino/tools/arm-none-eabi-gcc/4.8.3-2014q1/bin/../lib/gcc/arm-none-eabi/4.8.3/armv6-m/libgcc.a(subsf3.o)
                0x0000000000008778                __aeabi_fsub
 .text          0x0000000000008a58       0x40 /Users/normanpellet/.arduinocdt/packages/arduino/tools/arm-none-eabi-gcc/4.8.3-2014q1/bin/../lib/gcc/arm-none-eabi/4.8.3/armv6-m/libgcc.a(fixsfsi.o)
                0x0000000000008a58                __aeabi_f2iz
 .text          0x0000000000008a98       0xb8 /Users/normanpellet/.arduinocdt/packages/arduino/tools/arm-none-eabi-gcc/4.8.3-2014q1/bin/../lib/gcc/arm-none-eabi/4.8.3/armv6-m/libgcc.a(floatsisf.o)
                0x0000000000008a98                __aeabi_i2f
 .text          0x0000000000008b50       0xa0 /Users/normanpellet/.arduinocdt/packages/arduino/tools/arm-none-eabi-gcc/4.8.3-2014q1/bin/../lib/gcc/arm-none-eabi/4.8.3/armv6-m/libgcc.a(floatunsisf.o)
                0x0000000000008b50                __aeabi_ui2f
 .text          0x0000000000008bf0      0x638 /Users/normanpellet/.arduinocdt/packages/arduino/tools/arm-none-eabi-gcc/4.8.3-2014q1/bin/../lib/gcc/arm-none-eabi/4.8.3/armv6-m/libgcc.a(adddf3.o)
                0x0000000000008bf0                __aeabi_dadd
 .text          0x0000000000009228       0x94 /Users/normanpellet/.arduinocdt/packages/arduino/tools/arm-none-eabi-gcc/4.8.3-2014q1/bin/../lib/gcc/arm-none-eabi/4.8.3/armv6-m/libgcc.a(eqdf2.o)
                0x0000000000009228                __eqdf2
                0x0000000000009228                __nedf2
 .text          0x00000000000092bc       0xfc /Users/normanpellet/.arduinocdt/packages/arduino/tools/arm-none-eabi-gcc/4.8.3-2014q1/bin/../lib/gcc/arm-none-eabi/4.8.3/armv6-m/libgcc.a(gedf2.o)
                0x00000000000092bc                __gtdf2
                0x00000000000092bc                __gedf2
 .text          0x00000000000093b8       0xfc /Users/normanpellet/.arduinocdt/packages/arduino/tools/arm-none-eabi-gcc/4.8.3-2014q1/bin/../lib/gcc/arm-none-eabi/4.8.3/armv6-m/libgcc.a(ledf2.o)
                0x00000000000093b8                __ltdf2
                0x00000000000093b8                __ledf2
 .text          0x00000000000094b4      0x520 /Users/normanpellet/.arduinocdt/packages/arduino/tools/arm-none-eabi-gcc/4.8.3-2014q1/bin/../lib/gcc/arm-none-eabi/4.8.3/armv6-m/libgcc.a(muldf3.o)
                0x00000000000094b4                __aeabi_dmul
 .text          0x00000000000099d4      0x654 /Users/normanpellet/.arduinocdt/packages/arduino/tools/arm-none-eabi-gcc/4.8.3-2014q1/bin/../lib/gcc/arm-none-eabi/4.8.3/armv6-m/libgcc.a(subdf3.o)
                0x00000000000099d4                __aeabi_dsub
 .text          0x000000000000a028       0x7c /Users/normanpellet/.arduinocdt/packages/arduino/tools/arm-none-eabi-gcc/4.8.3-2014q1/bin/../lib/gcc/arm-none-eabi/4.8.3/armv6-m/libgcc.a(floatsidf.o)
                0x000000000000a028                __aeabi_i2d
 .text          0x000000000000a0a4       0xa4 /Users/normanpellet/.arduinocdt/packages/arduino/tools/arm-none-eabi-gcc/4.8.3-2014q1/bin/../lib/gcc/arm-none-eabi/4.8.3/armv6-m/libgcc.a(extendsfdf2.o)
                0x000000000000a0a4                __aeabi_f2d
 .text          0x000000000000a148      0x118 /Users/normanpellet/.arduinocdt/packages/arduino/tools/arm-none-eabi-gcc/4.8.3-2014q1/bin/../lib/gcc/arm-none-eabi/4.8.3/armv6-m/libgcc.a(truncdfsf2.o)
                0x000000000000a148                __aeabi_d2f
 .text          0x000000000000a260       0x3c /Users/normanpellet/.arduinocdt/packages/arduino/tools/arm-none-eabi-gcc/4.8.3-2014q1/bin/../lib/gcc/arm-none-eabi/4.8.3/armv6-m/libgcc.a(_clzsi2.o)
                0x000000000000a260                __clzsi2
 .text.__libc_init_array
                0x000000000000a29c       0x4c /Users/normanpellet/.arduinocdt/packages/arduino/tools/arm-none-eabi-gcc/4.8.3-2014q1/bin/../lib/gcc/arm-none-eabi/4.8.3/../../../../arm-none-eabi/lib/armv6-m/libc_s.a(lib_a-init.o)
                0x000000000000a29c                __libc_init_array
 .text.isalpha  0x000000000000a2e8       0x14 /Users/normanpellet/.arduinocdt/packages/arduino/tools/arm-none-eabi-gcc/4.8.3-2014q1/bin/../lib/gcc/arm-none-eabi/4.8.3/../../../../arm-none-eabi/lib/armv6-m/libc_s.a(lib_a-isalpha.o)
                0x000000000000a2e8                isalpha
 .text.isspace  0x000000000000a2fc       0x14 /Users/normanpellet/.arduinocdt/packages/arduino/tools/arm-none-eabi-gcc/4.8.3-2014q1/bin/../lib/gcc/arm-none-eabi/4.8.3/../../../../arm-none-eabi/lib/armv6-m/libc_s.a(lib_a-isspace.o)
                0x000000000000a2fc                isspace
 .text.isupper  0x000000000000a310       0x18 /Users/normanpellet/.arduinocdt/packages/arduino/tools/arm-none-eabi-gcc/4.8.3-2014q1/bin/../lib/gcc/arm-none-eabi/4.8.3/../../../../arm-none-eabi/lib/armv6-m/libc_s.a(lib_a-isupper.o)
                0x000000000000a310                isupper
 .text.malloc   0x000000000000a328       0x14 /Users/normanpellet/.arduinocdt/packages/arduino/tools/arm-none-eabi-gcc/4.8.3-2014q1/bin/../lib/gcc/arm-none-eabi/4.8.3/../../../../arm-none-eabi/lib/armv6-m/libc_s.a(lib_a-malloc.o)
                0x000000000000a328                malloc
 .text.free     0x000000000000a33c       0x14 /Users/normanpellet/.arduinocdt/packages/arduino/tools/arm-none-eabi-gcc/4.8.3-2014q1/bin/../lib/gcc/arm-none-eabi/4.8.3/../../../../arm-none-eabi/lib/armv6-m/libc_s.a(lib_a-malloc.o)
                0x000000000000a33c                free
 .text.memcmp   0x000000000000a350       0x1e /Users/normanpellet/.arduinocdt/packages/arduino/tools/arm-none-eabi-gcc/4.8.3-2014q1/bin/../lib/gcc/arm-none-eabi/4.8.3/../../../../arm-none-eabi/lib/armv6-m/libc_s.a(lib_a-memcmp.o)
                0x000000000000a350                memcmp
 .text.memcpy   0x000000000000a36e       0x12 /Users/normanpellet/.arduinocdt/packages/arduino/tools/arm-none-eabi-gcc/4.8.3-2014q1/bin/../lib/gcc/arm-none-eabi/4.8.3/../../../../arm-none-eabi/lib/armv6-m/libc_s.a(lib_a-memcpy-stub.o)
                0x000000000000a36e                memcpy
 .text.memset   0x000000000000a380       0x10 /Users/normanpellet/.arduinocdt/packages/arduino/tools/arm-none-eabi-gcc/4.8.3-2014q1/bin/../lib/gcc/arm-none-eabi/4.8.3/../../../../arm-none-eabi/lib/armv6-m/libc_s.a(lib_a-memset.o)
                0x000000000000a380                memset
 .text._free_r  0x000000000000a390       0x90 /Users/normanpellet/.arduinocdt/packages/arduino/tools/arm-none-eabi-gcc/4.8.3-2014q1/bin/../lib/gcc/arm-none-eabi/4.8.3/../../../../arm-none-eabi/lib/armv6-m/libc_s.a(lib_a-nano-freer.o)
                0x000000000000a390                _free_r
 .text._malloc_r
                0x000000000000a420       0xa8 /Users/normanpellet/.arduinocdt/packages/arduino/tools/arm-none-eabi-gcc/4.8.3-2014q1/bin/../lib/gcc/arm-none-eabi/4.8.3/../../../../arm-none-eabi/lib/armv6-m/libc_s.a(lib_a-nano-mallocr.o)
                0x000000000000a420                _malloc_r
 .text._sbrk_r  0x000000000000a4c8       0x24 /Users/normanpellet/.arduinocdt/packages/arduino/tools/arm-none-eabi-gcc/4.8.3-2014q1/bin/../lib/gcc/arm-none-eabi/4.8.3/../../../../arm-none-eabi/lib/armv6-m/libc_s.a(lib_a-sbrkr.o)
                0x000000000000a4c8                _sbrk_r
 .text.strlen   0x000000000000a4ec        0xe /Users/normanpellet/.arduinocdt/packages/arduino/tools/arm-none-eabi-gcc/4.8.3-2014q1/bin/../lib/gcc/arm-none-eabi/4.8.3/../../../../arm-none-eabi/lib/armv6-m/libc_s.a(lib_a-strlen.o)
                0x000000000000a4ec                strlen
 *fill*         0x000000000000a4fa        0x2 
 .text._sbrk    0x000000000000a4fc       0x34 /Users/normanpellet/.arduinocdt/packages/arduino/tools/arm-none-eabi-gcc/4.8.3-2014q1/bin/../lib/gcc/arm-none-eabi/4.8.3/../../../../arm-none-eabi/lib/armv6-m/libnosys.a(sbrk.o)
                0x000000000000a4fc                _sbrk
 *(.init)
 .init          0x000000000000a530        0x4 /Users/normanpellet/.arduinocdt/packages/arduino/tools/arm-none-eabi-gcc/4.8.3-2014q1/bin/../lib/gcc/arm-none-eabi/4.8.3/armv6-m/crti.o
                0x000000000000a530                _init
 .init          0x000000000000a534        0x8 /Users/normanpellet/.arduinocdt/packages/arduino/tools/arm-none-eabi-gcc/4.8.3-2014q1/bin/../lib/gcc/arm-none-eabi/4.8.3/armv6-m/crtn.o
 *(.fini)
 .fini          0x000000000000a53c        0x4 /Users/normanpellet/.arduinocdt/packages/arduino/tools/arm-none-eabi-gcc/4.8.3-2014q1/bin/../lib/gcc/arm-none-eabi/4.8.3/armv6-m/crti.o
                0x000000000000a53c                _fini
 .fini          0x000000000000a540        0x8 /Users/normanpellet/.arduinocdt/packages/arduino/tools/arm-none-eabi-gcc/4.8.3-2014q1/bin/../lib/gcc/arm-none-eabi/4.8.3/armv6-m/crtn.o
 *crtbegin.o(.ctors)
 *crtbegin?.o(.ctors)
 *(EXCLUDE_FILE(*crtend.o *crtend?.o) .ctors)
 *(SORT(.ctors.*))
 *(.ctors)
 *crtbegin.o(.dtors)
 *crtbegin?.o(.dtors)
 *(EXCLUDE_FILE(*crtend.o *crtend?.o) .dtors)
 *(SORT(.dtors.*))
 *(.dtors)
 *(.rodata*)
 .rodata.str1.1
                0x000000000000a548       0x24 project/MPPT.cpp.o
                                         0x25 (size before relaxing)
 .rodata.str1.1
                0x000000000000a56c      0x3c6 project/commands.cpp.o
                                        0x421 (size before relaxing)
 .rodata.str1.1
                0x0000000000000000        0x3 project/light.cpp.o
 .rodata.str1.1
                0x000000000000a932       0x34 project/../../../Documents/Arduino/libraries/scpiparser/scpiparser.cpp.o
                                         0x36 (size before relaxing)
 .rodata.str1.1
                0x0000000000000000        0x1 project/slave.cpp.o
 *fill*         0x000000000000a966        0x2 
 .rodata._ZTV7TwoWire
                0x000000000000a968       0x28 libraries/Wire/Wire.cpp.o
                0x000000000000a968                vtable for TwoWire
 .rodata.str1.1
                0x000000000000a990        0xf ./core.a(Print.cpp.o)
 *fill*         0x000000000000a99f        0x1 
 .rodata._ZTV7Serial_
                0x000000000000a9a0       0x28 ./core.a(CDC.cpp.o)
                0x000000000000a9a0                vtable for Serial_
 .rodata._ZTV26DoubleBufferedEPOutHandler
                0x000000000000a9c8       0x18 ./core.a(USBCore.cpp.o)
                0x000000000000a9c8                vtable for DoubleBufferedEPOutHandler
 .rodata._ZL19STRING_MANUFACTURER
                0x000000000000a9e0        0xc ./core.a(USBCore.cpp.o)
 .rodata._ZL15STRING_LANGUAGE
                0x000000000000a9ec        0x4 ./core.a(USBCore.cpp.o)
 .rodata._ZL21USB_DeviceDescriptorB
                0x000000000000a9f0       0x12 ./core.a(USBCore.cpp.o)
 .rodata._ZL14STRING_PRODUCT
                0x000000000000aa02        0xd ./core.a(USBCore.cpp.o)
 *fill*         0x000000000000aa0f        0x1 
 .rodata.g_APinDescription
                0x000000000000aa10      0x420 ./core.a(variant.cpp.o)
                0x000000000000aa10                g_APinDescription
 .rodata._ZTV4Uart
                0x000000000000ae30       0x38 ./core.a(Uart.cpp.o)
                0x000000000000ae30                vtable for Uart
 .rodata        0x000000000000ae68       0x40 /Users/normanpellet/.arduinocdt/packages/arduino/tools/arm-none-eabi-gcc/4.8.3-2014q1/bin/../lib/gcc/arm-none-eabi/4.8.3/armv6-m/libgcc.a(divsf3.o)
 .rodata        0x000000000000aea8       0x40 /Users/normanpellet/.arduinocdt/packages/arduino/tools/arm-none-eabi-gcc/4.8.3-2014q1/bin/../lib/gcc/arm-none-eabi/4.8.3/armv6-m/libgcc.a(mulsf3.o)
 .rodata        0x000000000000aee8       0x40 /Users/normanpellet/.arduinocdt/packages/arduino/tools/arm-none-eabi-gcc/4.8.3-2014q1/bin/../lib/gcc/arm-none-eabi/4.8.3/armv6-m/libgcc.a(muldf3.o)
 .rodata.str1.1
                0x0000000000000000        0xf /Users/normanpellet/.arduinocdt/packages/arduino/tools/arm-none-eabi-gcc/4.8.3-2014q1/bin/../lib/gcc/arm-none-eabi/4.8.3/../../../../arm-none-eabi/lib/armv6-m/libc_s.a(lib_a-impure.o)
                                          0x2 (size before relaxing)
 .rodata._ctype_
                0x000000000000af28      0x101 /Users/normanpellet/.arduinocdt/packages/arduino/tools/arm-none-eabi-gcc/4.8.3-2014q1/bin/../lib/gcc/arm-none-eabi/4.8.3/../../../../arm-none-eabi/lib/armv6-m/libc_s.a(lib_a-ctype_.o)
                0x000000000000af28                _ctype_
 *fill*         0x000000000000b029        0x3 
 .rodata.__sf_fake_stdin
                0x000000000000b02c       0x20 /Users/normanpellet/.arduinocdt/packages/arduino/tools/arm-none-eabi-gcc/4.8.3-2014q1/bin/../lib/gcc/arm-none-eabi/4.8.3/../../../../arm-none-eabi/lib/armv6-m/libc_s.a(lib_a-findfp.o)
                0x000000000000b02c                __sf_fake_stdin
 .rodata.__sf_fake_stdout
                0x000000000000b04c       0x20 /Users/normanpellet/.arduinocdt/packages/arduino/tools/arm-none-eabi-gcc/4.8.3-2014q1/bin/../lib/gcc/arm-none-eabi/4.8.3/../../../../arm-none-eabi/lib/armv6-m/libc_s.a(lib_a-findfp.o)
                0x000000000000b04c                __sf_fake_stdout
 .rodata.__sf_fake_stderr
                0x000000000000b06c       0x20 /Users/normanpellet/.arduinocdt/packages/arduino/tools/arm-none-eabi-gcc/4.8.3-2014q1/bin/../lib/gcc/arm-none-eabi/4.8.3/../../../../arm-none-eabi/lib/armv6-m/libc_s.a(lib_a-findfp.o)
                0x000000000000b06c                __sf_fake_stderr
 *(.eh_frame*)
 .eh_frame      0x000000000000b08c        0x0 /Users/normanpellet/.arduinocdt/packages/arduino/tools/arm-none-eabi-gcc/4.8.3-2014q1/bin/../lib/gcc/arm-none-eabi/4.8.3/armv6-m/crtbegin.o
 .eh_frame      0x000000000000b08c        0x4 /Users/normanpellet/.arduinocdt/packages/arduino/tools/arm-none-eabi-gcc/4.8.3-2014q1/bin/../lib/gcc/arm-none-eabi/4.8.3/armv6-m/crtend.o

.glue_7         0x000000000000b090        0x0
 .glue_7        0x0000000000000000        0x0 linker stubs

.glue_7t        0x000000000000b090        0x0
 .glue_7t       0x0000000000000000        0x0 linker stubs

.vfp11_veneer   0x000000000000b090        0x0
 .vfp11_veneer  0x0000000000000000        0x0 linker stubs

.v4_bx          0x000000000000b090        0x0
 .v4_bx         0x0000000000000000        0x0 linker stubs

.iplt           0x000000000000b090        0x0
 .iplt          0x0000000000000000        0x0 /Users/normanpellet/.arduinocdt/packages/arduino/tools/arm-none-eabi-gcc/4.8.3-2014q1/bin/../lib/gcc/arm-none-eabi/4.8.3/armv6-m/crtbegin.o

.rel.dyn        0x000000000000b090        0x0
 .rel.iplt      0x0000000000000000        0x0 /Users/normanpellet/.arduinocdt/packages/arduino/tools/arm-none-eabi-gcc/4.8.3-2014q1/bin/../lib/gcc/arm-none-eabi/4.8.3/armv6-m/crtbegin.o

.ARM.extab
 *(.ARM.extab* .gnu.linkonce.armextab.*)
                0x000000000000b090                __exidx_start = .

.ARM.exidx
 *(.ARM.exidx* .gnu.linkonce.armexidx.*)
                0x000000000000b090                __exidx_end = .
                0x000000000000b090                __etext = .

.data           0x0000000020000000      0x120 load address 0x000000000000b090
                0x0000000020000000                __data_start__ = .
 *(vtable)
 *(.data*)
 .data._ZL5ticks
                0x0000000020000000        0x4 ./core.a(Reset.cpp.o)
 .data._ZL12_usbLineInfo
                0x0000000020000004        0x8 ./core.a(CDC.cpp.o)
 .data._ZL10breakValue
                0x000000002000000c        0x4 ./core.a(CDC.cpp.o)
 .data._ZL13_cdcInterface
                0x0000000020000010       0x42 ./core.a(CDC.cpp.o)
 *fill*         0x0000000020000052        0x2 
 .data._serialPeek
                0x0000000020000054        0x4 ./core.a(CDC.cpp.o)
                0x0000000020000054                _serialPeek
 .data.EndPoints
                0x0000000020000058       0x28 ./core.a(USBCore.cpp.o)
                0x0000000020000058                EndPoints
 .data.SystemCoreClock
                0x0000000020000080        0x4 ./core.a(wiring.c.o)
                0x0000000020000080                SystemCoreClock
 .data.impure_data
                0x0000000020000084       0x60 /Users/normanpellet/.arduinocdt/packages/arduino/tools/arm-none-eabi-gcc/4.8.3-2014q1/bin/../lib/gcc/arm-none-eabi/4.8.3/../../../../arm-none-eabi/lib/armv6-m/libc_s.a(lib_a-impure.o)
 .data._impure_ptr
                0x00000000200000e4        0x4 /Users/normanpellet/.arduinocdt/packages/arduino/tools/arm-none-eabi-gcc/4.8.3-2014q1/bin/../lib/gcc/arm-none-eabi/4.8.3/../../../../arm-none-eabi/lib/armv6-m/libc_s.a(lib_a-impure.o)
                0x00000000200000e4                _impure_ptr
 .data.__ctype_ptr__
                0x00000000200000e8        0x4 /Users/normanpellet/.arduinocdt/packages/arduino/tools/arm-none-eabi-gcc/4.8.3-2014q1/bin/../lib/gcc/arm-none-eabi/4.8.3/../../../../arm-none-eabi/lib/armv6-m/libc_s.a(lib_a-ctype_.o)
                0x00000000200000e8                __ctype_ptr__
                0x00000000200000ec                . = ALIGN (0x4)
                0x00000000200000ec                PROVIDE (__preinit_array_start, .)
 *(.preinit_array)
                0x00000000200000ec                PROVIDE (__preinit_array_end, .)
                0x00000000200000ec                . = ALIGN (0x4)
                0x00000000200000ec                PROVIDE (__init_array_start, .)
 *(SORT(.init_array.*))
 *(.init_array)
 .init_array    0x00000000200000ec        0x4 /Users/normanpellet/.arduinocdt/packages/arduino/tools/arm-none-eabi-gcc/4.8.3-2014q1/bin/../lib/gcc/arm-none-eabi/4.8.3/armv6-m/crtbegin.o
 .init_array    0x00000000200000f0        0x4 project/MPPT.cpp.o
 .init_array    0x00000000200000f4        0x4 project/light.cpp.o
 .init_array    0x00000000200000f8        0x4 project/ssr.cpp.o
 .init_array    0x00000000200000fc        0x4 libraries/SPI/SPI.cpp.o
 .init_array    0x0000000020000100        0x4 libraries/Wire/Wire.cpp.o
 .init_array    0x0000000020000104        0x4 ./core.a(CDC.cpp.o)
 .init_array    0x0000000020000108        0x4 ./core.a(USBCore.cpp.o)
 .init_array    0x000000002000010c        0x4 ./core.a(variant.cpp.o)
                0x0000000020000110                PROVIDE (__init_array_end, .)
                0x0000000020000110                . = ALIGN (0x4)
                0x0000000020000110                PROVIDE (__fini_array_start, .)
 *(SORT(.fini_array.*))
 *(.fini_array)
 .fini_array    0x0000000020000110        0x4 /Users/normanpellet/.arduinocdt/packages/arduino/tools/arm-none-eabi-gcc/4.8.3-2014q1/bin/../lib/gcc/arm-none-eabi/4.8.3/armv6-m/crtbegin.o
                0x0000000020000114                PROVIDE (__fini_array_end, .)
 *(.jcr*)
 .jcr           0x0000000020000114        0x0 /Users/normanpellet/.arduinocdt/packages/arduino/tools/arm-none-eabi-gcc/4.8.3-2014q1/bin/../lib/gcc/arm-none-eabi/4.8.3/armv6-m/crtbegin.o
 .jcr           0x0000000020000114        0x4 /Users/normanpellet/.arduinocdt/packages/arduino/tools/arm-none-eabi-gcc/4.8.3-2014q1/bin/../lib/gcc/arm-none-eabi/4.8.3/armv6-m/crtend.o
                0x0000000020000120                . = ALIGN (0x10)
 *fill*         0x0000000020000118        0x8 
                0x0000000020000120                __data_end__ = .

.igot.plt       0x0000000020000120        0x0 load address 0x000000000000b1b0
 .igot.plt      0x0000000000000000        0x0 /Users/normanpellet/.arduinocdt/packages/arduino/tools/arm-none-eabi-gcc/4.8.3-2014q1/bin/../lib/gcc/arm-none-eabi/4.8.3/armv6-m/crtbegin.o

.bss            0x0000000020000120      0xcd4 load address 0x000000000000b1b0
                0x0000000020000120                . = ALIGN (0x4)
                0x0000000020000120                __bss_start__ = .
 *(.bss*)
 .bss           0x0000000020000120       0x1c /Users/normanpellet/.arduinocdt/packages/arduino/tools/arm-none-eabi-gcc/4.8.3-2014q1/bin/../lib/gcc/arm-none-eabi/4.8.3/armv6-m/crtbegin.o
 .bss.statusByte
                0x000000002000013c        0x1 project/MPPT.cpp.o
                0x000000002000013c                statusByte
 *fill*         0x000000002000013d        0x3 
 .bss.WireSlave
                0x0000000020000140      0x234 project/MPPT.cpp.o
                0x0000000020000140                WireSlave
 .bss.u         0x0000000020000374        0x4 project/MPPT.cpp.o
 .bss.debug     0x0000000020000378        0x1 project/MPPT.cpp.o
                0x0000000020000378                debug
 *fill*         0x0000000020000379        0x3 
 .bss.PID_SSR1  0x000000002000037c       0x38 project/MPPT.cpp.o
                0x000000002000037c                PID_SSR1
 .bss.PID_SSR2  0x00000000200003b4       0x38 project/MPPT.cpp.o
                0x00000000200003b4                PID_SSR2
 .bss.ctx       0x00000000200003ec        0xc project/commands.cpp.o
                0x00000000200003ec                ctx
 .bss.lights    0x00000000200003f8        0xc project/light.cpp.o
                0x00000000200003f8                lights
 .bss.relays_1_8
                0x0000000020000404        0x1 project/relays.cpp.o
                0x0000000020000404                relays_1_8
 .bss.relays_ext_9_16
                0x0000000020000405        0x1 project/relays.cpp.o
                0x0000000020000405                relays_ext_9_16
 .bss.relays_gen
                0x0000000020000406        0x1 project/relays.cpp.o
                0x0000000020000406                relays_gen
 .bss.relays_ext_1_8
                0x0000000020000407        0x1 project/relays.cpp.o
                0x0000000020000407                relays_ext_1_8
 .bss.relays_9_16
                0x0000000020000408        0x1 project/relays.cpp.o
                0x0000000020000408                relays_9_16
 *fill*         0x0000000020000409        0x3 
 .bss.ssrs      0x000000002000040c        0xc project/ssr.cpp.o
                0x000000002000040c                ssrs
 .bss._ZL20DEFAULT_SPI_SETTINGS
                0x0000000020000418        0x8 libraries/SPI/SPI.cpp.o
 .bss.SPI       0x0000000020000420       0x10 libraries/SPI/SPI.cpp.o
                0x0000000020000420                SPI
 .bss.Wire      0x0000000020000430      0x234 libraries/Wire/Wire.cpp.o
                0x0000000020000430                Wire
 .bss.usb_isr   0x0000000020000664        0x4 ./core.a(cortex_handlers.c.o)
 .bss._ulTickCount
                0x0000000020000668        0x4 ./core.a(delay.c.o)
 .bss.SerialUSB
                0x000000002000066c       0x1c ./core.a(CDC.cpp.o)
                0x000000002000066c                SerialUSB
 .bss._ZL14isEndpointHalt