Archive member included because of file (symbol)

./core.a(abi.cpp.o)           libraries/Wire/Wire.cpp.o (__cxa_pure_virtual)
./core.a(cortex_handlers.c.o)
                              (Reset_Handler)
./core.a(delay.c.o)           project/light.cpp.o (millis)
./core.a(hooks.c.o)           ./core.a(delay.c.o) (yield)
./core.a(main.cpp.o)          /Users/normanpellet/.arduinocdt/packages/arduino/tools/arm-none-eabi-gcc/4.8.3-2014q1/bin/../lib/gcc/arm-none-eabi/4.8.3/../../../../arm-none-eabi/lib/armv6-m/crt0.o (main)
./core.a(new.cpp.o)           project/light.cpp.o (operator new(unsigned int))
./core.a(Print.cpp.o)         libraries/Wire/Wire.cpp.o (Print::write(unsigned char const*, unsigned int))
./core.a(Reset.cpp.o)         ./core.a(delay.c.o) (tickReset)
./core.a(SERCOM.cpp.o)        libraries/SPI/SPI.cpp.o (SERCOM::initSPIClock(SercomSpiClockMode, unsigned long))
./core.a(startup.c.o)         ./core.a(cortex_handlers.c.o) (SystemInit)
./core.a(Stream.cpp.o)        project/MPPT.cpp.o (Stream::readBytesUntil(char, char*, unsigned int))
./core.a(CDC.cpp.o)           project/MPPT.cpp.o (Serial_::write(unsigned char))
./core.a(USBCore.cpp.o)       ./core.a(main.cpp.o) (USBDeviceClass::init())
./core.a(wiring.c.o)          ./core.a(main.cpp.o) (init)
./core.a(wiring_analog.c.o)   ./core.a(wiring.c.o) (analogReference)
./core.a(wiring_digital.c.o)  project/MPPT.cpp.o (pinMode)
./core.a(wiring_private.c.o)  project/MPPT.cpp.o (pinPeripheral)
./core.a(WString.cpp.o)       ./core.a(Stream.cpp.o) (String::String(char const*))
./core.a(variant.cpp.o)       libraries/SPI/SPI.cpp.o (sercom4)
./core.a(dtostrf.c.o)         ./core.a(WString.cpp.o) (dtostrf)
./core.a(itoa.c.o)            ./core.a(WString.cpp.o) (ltoa)
./core.a(PluggableUSB.cpp.o)  ./core.a(USBCore.cpp.o) (PluggableUSB_::getInterface(unsigned char*))
/Users/normanpellet/.arduinocdt/packages/arduino/tools/arm-none-eabi-gcc/4.8.3-2014q1/bin/../lib/gcc/arm-none-eabi/4.8.3/../../../../arm-none-eabi/lib/armv6-m/libm.a(lib_a-s_fpclassify.o)
                              ./core.a(Print.cpp.o) (__fpclassifyd)
/Users/normanpellet/.arduinocdt/packages/arduino/tools/arm-none-eabi-gcc/4.8.3-2014q1/bin/../lib/gcc/arm-none-eabi/4.8.3/armv6-m/libgcc.a(_thumb1_case_uqi.o)
                              project/../../../Documents/Arduino/libraries/scpiparser/scpiparser.cpp.o (__gnu_thumb1_case_uqi)
/Users/normanpellet/.arduinocdt/packages/arduino/tools/arm-none-eabi-gcc/4.8.3-2014q1/bin/../lib/gcc/arm-none-eabi/4.8.3/armv6-m/libgcc.a(_udivsi3.o)
                              project/MPPT.cpp.o (__aeabi_uidiv)
/Users/normanpellet/.arduinocdt/packages/arduino/tools/arm-none-eabi-gcc/4.8.3-2014q1/bin/../lib/gcc/arm-none-eabi/4.8.3/armv6-m/libgcc.a(_divsi3.o)
                              ./core.a(SERCOM.cpp.o) (__aeabi_idiv)
/Users/normanpellet/.arduinocdt/packages/arduino/tools/arm-none-eabi-gcc/4.8.3-2014q1/bin/../lib/gcc/arm-none-eabi/4.8.3/armv6-m/libgcc.a(_dvmd_tls.o)
                              /Users/normanpellet/.arduinocdt/packages/arduino/tools/arm-none-eabi-gcc/4.8.3-2014q1/bin/../lib/gcc/arm-none-eabi/4.8.3/armv6-m/libgcc.a(_udivsi3.o) (__aeabi_idiv0)
/Users/normanpellet/.arduinocdt/packages/arduino/tools/arm-none-eabi-gcc/4.8.3-2014q1/bin/../lib/gcc/arm-none-eabi/4.8.3/armv6-m/libgcc.a(_arm_cmpdf2.o)
                              project/light.cpp.o (__aeabi_dcmplt)
/Users/normanpellet/.arduinocdt/packages/arduino/tools/arm-none-eabi-gcc/4.8.3-2014q1/bin/../lib/gcc/arm-none-eabi/4.8.3/armv6-m/libgcc.a(_arm_cmpsf2.o)
                              project/MPPT.cpp.o (__aeabi_fcmplt)
/Users/normanpellet/.arduinocdt/packages/arduino/tools/arm-none-eabi-gcc/4.8.3-2014q1/bin/../lib/gcc/arm-none-eabi/4.8.3/armv6-m/libgcc.a(_fixunssfsi.o)
                              project/MPPT.cpp.o (__aeabi_f2uiz)
/Users/normanpellet/.arduinocdt/packages/arduino/tools/arm-none-eabi-gcc/4.8.3-2014q1/bin/../lib/gcc/arm-none-eabi/4.8.3/armv6-m/libgcc.a(_fixunsdfsi.o)
                              ./core.a(Print.cpp.o) (__aeabi_d2uiz)
/Users/normanpellet/.arduinocdt/packages/arduino/tools/arm-none-eabi-gcc/4.8.3-2014q1/bin/../lib/gcc/arm-none-eabi/4.8.3/armv6-m/libgcc.a(addsf3.o)
                              project/pid.cpp.o (__aeabi_fadd)
/Users/normanpellet/.arduinocdt/packages/arduino/tools/arm-none-eabi-gcc/4.8.3-2014q1/bin/../lib/gcc/arm-none-eabi/4.8.3/armv6-m/libgcc.a(divsf3.o)
                              project/pid.cpp.o (__aeabi_fdiv)
/Users/normanpellet/.arduinocdt/packages/arduino/tools/arm-none-eabi-gcc/4.8.3-2014q1/bin/../lib/gcc/arm-none-eabi/4.8.3/armv6-m/libgcc.a(eqsf2.o)
                              /Users/normanpellet/.arduinocdt/packages/arduino/tools/arm-none-eabi-gcc/4.8.3-2014q1/bin/../lib/gcc/arm-none-eabi/4.8.3/armv6-m/libgcc.a(_arm_cmpsf2.o) (__eqsf2)
/Users/normanpellet/.arduinocdt/packages/arduino/tools/arm-none-eabi-gcc/4.8.3-2014q1/bin/../lib/gcc/arm-none-eabi/4.8.3/armv6-m/libgcc.a(gesf2.o)
[...]
Memory Configuration

Name             Origin             Length             Attributes
FLASH            0x0000000000002000 0x000000000003e000 xr
RAM              0x0000000020000000 0x0000000000008000 xrw
*default*        0x0000000000000000 0xffffffffffffffff

Linker script and memory map

LOAD /Users/normanpellet/.arduinocdt/packages/arduino/tools/arm-none-eabi-gcc/4.8.3-2014q1/bin/../lib/gcc/arm-none-eabi/4.8.3/armv6-m/crti.o
LOAD /Users/normanpellet/.arduinocdt/packages/arduino/tools/arm-none-eabi-gcc/4.8.3-2014q1/bin/../lib/gcc/arm-none-eabi/4.8.3/armv6-m/crtbegin.o
LOAD /Users/normanpellet/.arduinocdt/packages/arduino/tools/arm-none-eabi-gcc/4.8.3-2014q1/bin/../lib/gcc/arm-none-eabi/4.8.3/../../../../arm-none-eabi/lib/armv6-m/crt0.o
LOAD project/MPPT.cpp.o
LOAD project/commands.cpp.o
LOAD project/dcdc.cpp.o
LOAD project/light.cpp.o
LOAD project/light_expander.cpp.o
LOAD project/pid.cpp.o
LOAD project/relays.cpp.o
LOAD project/../../../Documents/Arduino/libraries/scpiparser/scpiparser.cpp.o
LOAD project/slave.cpp.o
LOAD project/ssr.cpp.o
LOAD libraries/SPI/SPI.cpp.o
LOAD libraries/Wire/Wire.cpp.o
START GROUP
LOAD /Users/normanpellet/.arduinocdt/packages/arduino/tools/CMSIS/4.5.0/CMSIS/Lib/GCC//libarm_cortexM0l_math.a
LOAD /Users/normanpellet/.arduinocdt/packages/arduino/tools/arm-none-eabi-gcc/4.8.3-2014q1/bin/../lib/gcc/arm-none-eabi/4.8.3/../../../../arm-none-eabi/lib/armv6-m/libm.a
LOAD ./core.a
END GROUP
START GROUP
LOAD /Users/normanpellet/.arduinocdt/packages/arduino/tools/arm-none-eabi-gcc/4.8.3-2014q1/bin/../lib/gcc/arm-none-eabi/4.8.3/armv6-m/libgcc.a
LOAD /Users/normanpellet/.arduinocdt/packages/arduino/tools/arm-none-eabi-gcc/4.8.3-2014q1/bin/../lib/gcc/arm-none-eabi/4.8.3/../../../../arm-none-eabi/lib/armv6-m/libc_s.a
END GROUP
START GROUP
LOAD /Users/normanpellet/.arduinocdt/packages/arduino/tools/arm-none-eabi-gcc/4.8.3-2014q1/bin/../lib/gcc/arm-none-eabi/4.8.3/armv6-m/libgcc.a
LOAD /Users/normanpellet/.arduinocdt/packages/arduino/tools/arm-none-eabi-gcc/4.8.3-2014q1/bin/../lib/gcc/arm-none-eabi/4.8.3/../../../../arm-none-eabi/lib/armv6-m/libc_s.a
LOAD /Users/normanpellet/.arduinocdt/packages/arduino/tools/arm-none-eabi-gcc/4.8.3-2014q1/bin/../lib/gcc/arm-none-eabi/4.8.3/../../../../arm-none-eabi/lib/armv6-m/libnosys.a
END GROUP
START GROUP
LOAD /Users/normanpellet/.arduinocdt/packages/arduino/tools/arm-none-eabi-gcc/4.8.3-2014q1/bin/../lib/gcc/arm-none-eabi/4.8.3/armv6-m/libgcc.a
LOAD /Users/normanpellet/.arduinocdt/packages/arduino/tools/arm-none-eabi-gcc/4.8.3-2014q1/bin/../lib/gcc/arm-none-eabi/4.8.3/../../../../arm-none-eabi/lib/armv6-m/libc_s.a
LOAD /Users/normanpellet/.arduinocdt/packages/arduino/tools/arm-none-eabi-gcc/4.8.3-2014q1/bin/../lib/gcc/arm-none-eabi/4.8.3/../../../../arm-none-eabi/lib/armv6-m/libnosys.a
END GROUP
LOAD /Users/normanpellet/.arduinocdt/packages/arduino/tools/arm-none-eabi-gcc/4.8.3-2014q1/bin/../lib/gcc/arm-none-eabi/4.8.3/armv6-m/crtend.o
LOAD /Users/normanpellet/.arduinocdt/packages/arduino/tools/arm-none-eabi-gcc/4.8.3-2014q1/bin/../lib/gcc/arm-none-eabi/4.8.3/armv6-m/crtn.o

.text           0x0000000000002000     0x8ee0
                0x0000000000002000                __text_start__ = .
 *(.sketch_boot)
                0x0000000000002000                . = ALIGN (0x2000)
 *(.isr_vector)
 .isr_vector    0x0000000000002000       0xb4 ./core.a(cortex_handlers.c.o)
                0x0000000000002000                exception_table
 *(.text*)
 .text          0x00000000000020b4       0x60 /Users/normanpellet/.arduinocdt/packages/arduino/tools/arm-none-eabi-gcc/4.8.3-2014q1/bin/../lib/gcc/arm-none-eabi/4.8.3/armv6-m/crtbegin.o
 .text._ZN7TwoWire5writeEl
                0x0000000000002114        0xc project/MPPT.cpp.o
                0x0000000000002114                TwoWire::write(long)
 .text._Z12readFromWirei
                0x0000000000002120       0x14 project/MPPT.cpp.o
                0x0000000000002120                readFromWire(int)
 .text._Z20getChannelFromSourceP10scpi_token
                0x0000000000002134       0x3c project/MPPT.cpp.o
                0x0000000000002134                getChannelFromSource(scpi_token*)
 .text._Z10getChannelP10scpi_token
                0x0000000000002170        0xc project/MPPT.cpp.o
                0x0000000000002170                getChannel(scpi_token*)
 .text._Z11reset_slavev
                0x000000000000217c        0x2 project/MPPT.cpp.o
                0x000000000000217c                reset_slave()
 *fill*         0x000000000000217e        0x2 
 .text._Z11printDoublefh
                0x0000000000002180       0xdc project/MPPT.cpp.o
                0x0000000000002180                printDouble(float, unsigned char)
 .text.startup._GLOBAL__sub_I_swdec1State
                0x000000000000225c       0x38 project/MPPT.cpp.o
 .text.loop     0x0000000000002294       0x44 project/MPPT.cpp.o
                0x0000000000002294                loop
 .text._Z12slaveCommandh
                0x00000000000022d8       0x24 project/MPPT.cpp.o
                0x00000000000022d8                slaveCommand(unsigned char)
 .text.setup    0x00000000000022fc      0x2bc project/MPPT.cpp.o
                0x00000000000022fc                setup
 .text._Z12slaveCommandhh
                0x00000000000025b8       0x2c project/MPPT.cpp.o
                0x00000000000025b8                slaveCommand(unsigned char, unsigned char)
 .text._Z12slaveCommandhhf
                0x00000000000025e4       0x44 project/MPPT.cpp.o
                0x00000000000025e4                slaveCommand(unsigned char, unsigned char, float)
 .text._Z12slaveCommandhhl
                0x0000000000002628       0x50 project/MPPT.cpp.o
                0x0000000000002628                slaveCommand(unsigned char, unsigned char, long)
 .text._Z12slaveCommandhhh
                0x0000000000002678       0x38 project/MPPT.cpp.o
                0x0000000000002678                slaveCommand(unsigned char, unsigned char, unsigned char)
 .text._Z12pause_resumev
                0x00000000000026b0        0xe project/MPPT.cpp.o
                0x00000000000026b0                pause_resume()
 *fill*         0x00000000000026be        0x2 
 .text._Z16readByteFromWirev
                0x00000000000026c0       0x1c project/MPPT.cpp.o
                0x00000000000026c0                readByteFromWire()
 .text._Z10pause_waitv
                0x00000000000026dc       0x22 project/MPPT.cpp.o
                0x00000000000026dc                pause_wait()
 *fill*         0x00000000000026fe        0x2 
 .text._Z15readIntFromWirev
                0x0000000000002700       0x3c project/MPPT.cpp.o
                0x0000000000002700                readIntFromWire()
 .text._Z18readUInt16FromWirev
                0x000000000000273c       0x20 project/MPPT.cpp.o
                0x000000000000273c                readUInt16FromWire()
 .text._Z17readFloatFromWirev
                0x000000000000275c       0x38 project/MPPT.cpp.o
                0x000000000000275c                readFloatFromWire()
 .text._Z12printDouble2f
                0x0000000000002794       0x30 project/MPPT.cpp.o
                0x0000000000002794                printDouble2(float)
 .text._Z12getTrackDatah
                0x00000000000027c4       0xb4 project/MPPT.cpp.o
                0x00000000000027c4                getTrackData(unsigned char)
 .text._Z12enable_debugP19scpi_parser_contextP10scpi_token
                0x0000000000002878       0x18 project/commands.cpp.o
                0x0000000000002878                enable_debug(scpi_parser_context*, scpi_token*)
 .text._Z13disable_debugP19scpi_parser_contextP10scpi_token
                0x0000000000002890       0x14 project/commands.cpp.o
                0x0000000000002890                disable_debug(scpi_parser_context*, scpi_token*)
 .text._Z10configuredP19scpi_parser_contextP10scpi_token
                0x00000000000028a4       0x1c project/commands.cpp.o
                0x00000000000028a4                configured(scpi_parser_context*, scpi_token*)
 .text._Z8identifyP19scpi_parser_contextP10scpi_token
                0x00000000000028c0       0x1c project/commands.cpp.o
                0x00000000000028c0                identify(scpi_parser_context*, scpi_token*)
 .text._Z5resetP19scpi_parser_contextP10scpi_token
                0x00000000000028dc       0x24 project/commands.cpp.o
                0x00000000000028dc                reset(scpi_parser_context*, scpi_token*)
 .text._Z16enable_referenceP19scpi_parser_contextP10scpi_token
                0x0000000000002900       0x12 project/commands.cpp.o
                0x0000000000002900                enable_reference(scpi_parser_context*, scpi_token*)
 .text._Z17disable_referenceP19scpi_parser_contextP10scpi_token
                0x0000000000002912       0x12 project/commands.cpp.o
                0x0000000000002912                disable_reference(scpi_parser_context*, scpi_token*)
 .text._Z10setupSlaveP19scpi_parser_contextP10scpi_token
                0x0000000000002924       0x12 project/commands.cpp.o
                0x0000000000002924                setupSlave(scpi_parser_context*, scpi_token*)
 *fill*         0x0000000000002936        0x2 
 .text._Z16ssr_mode_heatingP19scpi_parser_contextP10scpi_token
                0x0000000000002938       0x34 project/commands.cpp.o
                0x0000000000002938                ssr_mode_heating(scpi_parser_context*, scpi_token*)
 .text._Z16ssr_mode_coolingP19scpi_parser_contextP10scpi_token
                0x000000000000296c       0x34 project/commands.cpp.o
                0x000000000000296c                ssr_mode_cooling(scpi_parser_context*, scpi_token*)
 .text._Z10iv_executeP19scpi_parser_contextP10scpi_token
                0x00000000000029a0       0x1e project/commands.cpp.o
                0x00000000000029a0                iv_execute(scpi_parser_context*, scpi_token*)
 .text._Z21trackin_reset_channelP19scpi_parser_contextP10scpi_token
                0x00000000000029be       0x1e project/commands.cpp.o
                0x00000000000029be                trackin_reset_channel(scpi_parser_context*, scpi_token*)
 .text._Z11measure_vocP19scpi_parser_contextP10scpi_token
                0x00000000000029dc       0x26 project/commands.cpp.o
                0x00000000000029dc                measure_voc(scpi_parser_context*, scpi_token*)
 .text._Z11measure_jscP19scpi_parser_contextP10scpi_token
                0x0000000000002a02       0x26 project/commands.cpp.o
                0x0000000000002a02                measure_jsc(scpi_parser_context*, scpi_token*)
 .text._Z18measure_voc_statusP19scpi_parser_contextP10scpi_token
                0x0000000000002a28       0x30 project/commands.cpp.o
                0x0000000000002a28                measure_voc_status(scpi_parser_context*, scpi_token*)
 .text._Z18measure_jsc_statusP19scpi_parser_contextP10scpi_token
                0x0000000000002a58       0x30 project/commands.cpp.o
                0x0000000000002a58                measure_jsc_status(scpi_parser_context*, scpi_token*)
 .text._Z9iv_statusP19scpi_parser_contextP10scpi_token
                0x0000000000002a88       0x30 project/commands.cpp.o
                0x0000000000002a88                iv_status(scpi_parser_context*, scpi_token*)
 .text._Z16measure_voc_dataP19scpi_parser_contextP10scpi_token
                0x0000000000002ab8       0x48 project/commands.cpp.o
                0x0000000000002ab8                measure_voc_data(scpi_parser_context*, scpi_token*)
 .text._Z16measure_jsc_dataP19scpi_parser_contextP10scpi_token
                0x0000000000002b00       0x48 project/commands.cpp.o
                0x0000000000002b00                measure_jsc_data(scpi_parser_context*, scpi_token*)
 .text._Z15measure_voltageP19scpi_parser_contextP10scpi_token
                0x0000000000002b48       0x48 project/commands.cpp.o
                0x0000000000002b48                measure_voltage(scpi_parser_context*, scpi_token*)
 .text._Z15measure_currentP19scpi_parser_contextP10scpi_token
                0x0000000000002b90       0x48 project/commands.cpp.o
                0x0000000000002b90                measure_current(scpi_parser_context*, scpi_token*)
 .text._Z18ssr_pid_param_kp_hP19scpi_parser_contextP10scpi_token
                0x0000000000002bd8       0x58 project/commands.cpp.o
                0x0000000000002bd8                ssr_pid_param_kp_h(scpi_parser_context*, scpi_token*)
 .text._Z18ssr_pid_param_kp_cP19scpi_parser_contextP10scpi_token
                0x0000000000002c30       0x58 project/commands.cpp.o
                0x0000000000002c30                ssr_pid_param_kp_c(scpi_parser_context*, scpi_token*)
 .text._Z18ssr_pid_param_kd_hP19scpi_parser_contextP10scpi_token
                0x0000000000002c88       0x58 project/commands.cpp.o
                0x0000000000002c88                ssr_pid_param_kd_h(scpi_parser_context*, scpi_token*)
 .text._Z18ssr_pid_param_kd_cP19scpi_parser_contextP10scpi_token
                0x0000000000002ce0       0x58 project/commands.cpp.o
                0x0000000000002ce0                ssr_pid_param_kd_c(scpi_parser_context*, scpi_token*)
 .text._Z18ssr_pid_param_ki_hP19scpi_parser_contextP10scpi_token
                0x0000000000002d38       0x58 project/commands.cpp.o
                0x0000000000002d38                ssr_pid_param_ki_h(scpi_parser_context*, scpi_token*)
 .text._Z18ssr_pid_param_ki_cP19scpi_parser_contextP10scpi_token
                0x0000000000002d90       0x58 project/commands.cpp.o
                0x0000000000002d90                ssr_pid_param_ki_c(scpi_parser_context*, scpi_token*)
 .text._Z18ssr_pid_param_bi_hP19scpi_parser_contextP10scpi_token
                0x0000000000002de8       0x58 project/commands.cpp.o
                0x0000000000002de8                ssr_pid_param_bi_h(scpi_parser_context*, scpi_token*)
 .text._Z18ssr_pid_param_bi_cP19scpi_parser_contextP10scpi_token
                0x0000000000002e40       0x58 project/commands.cpp.o
                0x0000000000002e40                ssr_pid_param_bi_c(scpi_parser_context*, scpi_token*)
 .text._Z14ssr_set_targetP19scpi_parser_contextP10scpi_token
                0x0000000000002e98       0x50 project/commands.cpp.o
                0x0000000000002e98                ssr_set_target(scpi_parser_context*, scpi_token*)
 .text._Z21set_tracking_intervalP19scpi_parser_contextP10scpi_token
                0x0000000000002ee8       0x4c project/commands.cpp.o
                0x0000000000002ee8                set_tracking_interval(scpi_parser_context*, scpi_token*)
 .text._Z24set_tracking_switchdelayP19scpi_parser_contextP10scpi_token
                0x0000000000002f34       0x48 project/commands.cpp.o
                0x0000000000002f34                set_tracking_switchdelay(scpi_parser_context*, scpi_token*)
 .text._Z18set_tracking_speedP19scpi_parser_contextP10scpi_token
                0x0000000000002f7c       0x40 project/commands.cpp.o
                0x0000000000002f7c                set_tracking_speed(scpi_parser_context*, scpi_token*)
 .text._Z15set_dac_voltageP19scpi_parser_contextP10scpi_token
                0x0000000000002fbc       0x4c project/commands.cpp.o
                0x0000000000002fbc                set_dac_voltage(scpi_parser_context*, scpi_token*)
 .text._Z11set_voltageP19scpi_parser_contextP10scpi_token
                0x0000000000003008       0x4c project/commands.cpp.o
                0x0000000000003008                set_voltage(scpi_parser_context*, scpi_token*)
 .text._Z12set_iv_startP19scpi_parser_contextP10scpi_token
                0x0000000000003054       0x48 project/commands.cpp.o
                0x0000000000003054                set_iv_start(scpi_parser_context*, scpi_token*)
 .text._Z11set_iv_stopP19scpi_parser_contextP10scpi_token
                0x000000000000309c       0x48 project/commands.cpp.o
                0x000000000000309c                set_iv_stop(scpi_parser_context*, scpi_token*)
 .text._Z11set_iv_rateP19scpi_parser_contextP10scpi_token
                0x00000000000030e4       0x44 project/commands.cpp.o
                0x00000000000030e4                set_iv_rate(scpi_parser_context*, scpi_token*)
 .text._Z20set_tracking_voltageP19scpi_parser_contextP10scpi_token
                0x0000000000003128       0x48 project/commands.cpp.o
                0x0000000000003128                set_tracking_voltage(scpi_parser_context*, scpi_token*)
 .text._Z17set_tracking_fwbwP19scpi_parser_contextP10scpi_token
                0x0000000000003170       0x3e project/commands.cpp.o
                0x0000000000003170                set_tracking_fwbw(scpi_parser_context*, scpi_token*)
 .text._Z17set_tracking_bwfwP19scpi_parser_contextP10scpi_token
                0x00000000000031ae       0x3e project/commands.cpp.o
                0x00000000000031ae                set_tracking_bwfw(scpi_parser_context*, scpi_token*)
 .text._Z8set_gainP19scpi_parser_contextP10scpi_token
                0x00000000000031ec       0x60 project/commands.cpp.o
                0x00000000000031ec                set_gain(scpi_parser_context*, scpi_token*)
 .text._Z21set_device_photodiodeP19scpi_parser_contextP10scpi_token
                0x000000000000324c       0x50 project/commands.cpp.o
                0x000000000000324c                set_device_photodiode(scpi_parser_context*, scpi_token*)
 .text._Z17set_tracking_modeP19scpi_parser_contextP10scpi_token
                0x000000000000329c       0x44 project/commands.cpp.o
                0x000000000000329c                set_tracking_mode(scpi_parser_context*, scpi_token*)
 .text._Z17set_tracking_stepP19scpi_parser_contextP10scpi_token
                0x00000000000032e0       0x48 project/commands.cpp.o
                0x00000000000032e0                set_tracking_step(scpi_parser_context*, scpi_token*)
 .text._Z14pause_hardwareP19scpi_parser_contextP10scpi_token
                0x0000000000003328       0x16 project/commands.cpp.o
                0x0000000000003328                pause_hardware(scpi_parser_context*, scpi_token*)
 .text._Z15resume_hardwareP19scpi_parser_contextP10scpi_token
                0x000000000000333e       0x16 project/commands.cpp.o
                0x000000000000333e                resume_hardware(scpi_parser_context*, scpi_token*)
 .text._Z11reset_slaveP19scpi_parser_contextP10scpi_token
                0x0000000000003354       0x10 project/commands.cpp.o
                0x0000000000003354                reset_slave(scpi_parser_context*, scpi_token*)
 .text._Z15get_dac_voltageP19scpi_parser_contextP10scpi_token
                0x0000000000003364       0x40 project/commands.cpp.o
                0x0000000000003364                get_dac_voltage(scpi_parser_context*, scpi_token*)
 .text._Z20measure_voltage_codeP19scpi_parser_contextP10scpi_token
                0x00000000000033a4       0x40 project/commands.cpp.o
                0x00000000000033a4                measure_voltage_code(scpi_parser_context*, scpi_token*)
 .text._Z20measure_current_codeP19scpi_parser_contextP10scpi_token
                0x00000000000033e4       0x40 project/commands.cpp.o
                0x00000000000033e4                measure_current_code(scpi_parser_context*, scpi_token*)
 .text._Z7iv_dataP19scpi_parser_contextP10scpi_token
                0x0000000000003424       0xa4 project/commands.cpp.o
                0x0000000000003424                iv_data(scpi_parser_context*, scpi_token*)
 .text._Z16set_iv_autostartP19scpi_parser_contextP10scpi_token
                0x00000000000034c8       0x30 project/commands.cpp.o
                0x00000000000034c8                set_iv_autostart(scpi_parser_context*, scpi_token*)
 .text._Z17set_iv_hysteresisP19scpi_parser_contextP10scpi_token
                0x00000000000034f8       0x30 project/commands.cpp.o
                0x00000000000034f8                set_iv_hysteresis(scpi_parser_context*, scpi_token*)
 .text._Z17set_output_enableP19scpi_parser_contextP10scpi_token
                0x0000000000003528       0x40 project/commands.cpp.o
                0x0000000000003528                set_output_enable(scpi_parser_context*, scpi_token*)
 .text._Z21switch_external_relayP19scpi_parser_contextP10scpi_token
                0x0000000000003568       0x36 project/commands.cpp.o
                0x0000000000003568                switch_external_relay(scpi_parser_context*, scpi_token*)
 .text._Z20switch_general_relayP19scpi_parser_contextP10scpi_token
                0x000000000000359e       0x36 project/commands.cpp.o
                0x000000000000359e                switch_general_relay(scpi_parser_context*, scpi_token*)
 .text._Z12data_trackerP19scpi_parser_contextP10scpi_token
                0x00000000000035d4       0x1c project/commands.cpp.o
                0x00000000000035d4                data_tracker(scpi_parser_context*, scpi_token*)
 .text._Z8autoZeroP19scpi_parser_contextP10scpi_token
                0x00000000000035f0       0x4c project/commands.cpp.o
                0x00000000000035f0                autoZero(scpi_parser_context*, scpi_token*)
 .text._Z12light_enableP19scpi_parser_contextP10scpi_token
                0x000000000000363c       0x1c project/commands.cpp.o
                0x000000000000363c                light_enable(scpi_parser_context*, scpi_token*)
 .text._Z13light_disableP19scpi_parser_contextP10scpi_token
                0x0000000000003658       0x1c project/commands.cpp.o
                0x0000000000003658                light_disable(scpi_parser_context*, scpi_token*)
 .text._Z16get_humidity_boxP19scpi_parser_contextP10scpi_token
                0x0000000000003674       0x4c project/commands.cpp.o
                0x0000000000003674                get_humidity_box(scpi_parser_context*, scpi_token*)
 .text._Z10measure_pdP19scpi_parser_contextP10scpi_token
                0x00000000000036c0       0x34 project/commands.cpp.o
                0x00000000000036c0                measure_pd(scpi_parser_context*, scpi_token*)
 .text._Z14measure_pd_sunP19scpi_parser_contextP10scpi_token
                0x00000000000036f4       0x34 project/commands.cpp.o
                0x00000000000036f4                measure_pd_sun(scpi_parser_context*, scpi_token*)
 .text._Z15measure_pd_codeP19scpi_parser_contextP10scpi_token
                0x0000000000003728       0x2c project/commands.cpp.o
                0x0000000000003728                measure_pd_code(scpi_parser_context*, scpi_token*)
 .text._Z11ssr_disableP19scpi_parser_contextP10scpi_token
                0x0000000000003754       0x24 project/commands.cpp.o
                0x0000000000003754                ssr_disable(scpi_parser_context*, scpi_token*)
 .text._Z10ssr_enableP19scpi_parser_contextP10scpi_token
                0x0000000000003778       0x24 project/commands.cpp.o
                0x0000000000003778                ssr_enable(scpi_parser_context*, scpi_token*)
 .text._Z9ssr_valueP19scpi_parser_contextP10scpi_token
                0x000000000000379c       0x4c project/commands.cpp.o
                0x000000000000379c                ssr_value(scpi_parser_context*, scpi_token*)
 .text._Z16ssr_set_feedbackP19scpi_parser_contextP10scpi_token
                0x00000000000037e8       0x5c project/commands.cpp.o
                0x00000000000037e8                ssr_set_feedback(scpi_parser_context*, scpi_token*)
 .text._Z17light_isautomaticP19scpi_parser_contextP10scpi_token
                0x0000000000003844       0x2c project/commands.cpp.o
                0x0000000000003844                light_isautomatic(scpi_parser_context*, scpi_token*)
 .text._Z15light_isenabledP19scpi_parser_contextP10scpi_token
                0x0000000000003870       0x2c project/commands.cpp.o
                0x0000000000003870                light_isenabled(scpi_parser_context*, scpi_token*)
 .text._Z18light_set_setpointP19scpi_parser_contextP10scpi_token
                0x000000000000389c       0x3c project/commands.cpp.o
                0x000000000000389c                light_set_setpoint(scpi_parser_context*, scpi_token*)
 .text._Z17light_set_scalingP19scpi_parser_contextP10scpi_token
                0x00000000000038d8       0x40 project/commands.cpp.o
                0x00000000000038d8                light_set_scaling(scpi_parser_context*, scpi_token*)
 .text._Z11light_checkP19scpi_parser_contextP10scpi_token
                0x0000000000003918       0x1e project/commands.cpp.o
                0x0000000000003918                light_check(scpi_parser_context*, scpi_token*)
 .text._Z17light_force_checkP19scpi_parser_contextP10scpi_token
                0x0000000000003936       0x1e project/commands.cpp.o
                0x0000000000003936                light_force_check(scpi_parser_context*, scpi_token*)
 .text._Z12light_setPWMP19scpi_parser_contextP10scpi_token
                0x0000000000003954       0x44 project/commands.cpp.o
                0x0000000000003954                light_setPWM(scpi_parser_context*, scpi_token*)
 .text._ZN7TwoWire5writeEi
                0x0000000000003998        0xc project/commands.cpp.o
                0x0000000000003998                TwoWire::write(int)
 .text._Z20registerSCPICommandsv
                0x00000000000039a4      0xc00 project/commands.cpp.o
                0x00000000000039a4                registerSCPICommands()
 .text._Z20get_temperature_baseP19scpi_parser_contextP10scpi_token
                0x00000000000045a4       0x80 project/commands.cpp.o
                0x00000000000045a4                get_temperature_base(scpi_parser_context*, scpi_token*)
 .text._Z18get_temperature_irP19scpi_parser_contextP10scpi_token
                0x0000000000004624       0x88 project/commands.cpp.o
                0x0000000000004624                get_temperature_ir(scpi_parser_context*, scpi_token*)
 *fill*         0x00000000000046ac        0x4 
 .text._Z19read_4_20_mA_sensorP19scpi_parser_contextP10scpi_token
                0x00000000000046b0      0x110 project/commands.cpp.o
                0x00000000000046b0                read_4_20_mA_sensor(scpi_parser_context*, scpi_token*)
 .text._Z15light_isenabledh
                0x00000000000047c0       0x20 project/light.cpp.o
                0x00000000000047c0                light_isenabled(unsigned char)
 .text._Z17light_isautomatich
                0x00000000000047e0       0x20 project/light.cpp.o
                0x00000000000047e0                light_isautomatic(unsigned char)
 .text._Z16lightSetSetpointhf
                0x0000000000004800       0x1c project/light.cpp.o
                0x0000000000004800                lightSetSetpoint(unsigned char, float)
 .text._Z15lightSetScalinghf
                0x000000000000481c       0x1c project/light.cpp.o
                0x000000000000481c                lightSetScaling(unsigned char, float)
 .text._Z12light_setPWMhm
                0x0000000000004838       0x40 project/light.cpp.o
                0x0000000000004838                light_setPWM(unsigned char, unsigned long)
 .text._Z12measurePDSunh
                0x0000000000004878       0x38 project/light.cpp.o
                0x0000000000004878                measurePDSun(unsigned char)
 .text._Z9measurePDh
                0x00000000000048b0       0x28 project/light.cpp.o
                0x00000000000048b0                measurePD(unsigned char)
 .text._Z13measurePDCodeh
                0x00000000000048d8       0x2e project/light.cpp.o
                0x00000000000048d8                measurePDCode(unsigned char)
 *fill*         0x0000000000004906        0x2 
 .text._Z11light_checkhb
                0x0000000000004908      0x158 project/light.cpp.o
                0x0000000000004908                light_check(unsigned char, bool)
 .text.startup._GLOBAL__sub_I_lights
                0x0000000000004a60       0x44 project/light.cpp.o
 .text._Z19light_expander_initv
                0x0000000000004aa4       0x54 project/light_expander.cpp.o
                0x0000000000004aa4                light_expander_init()
 .text._Z24light_expander_updatePWMv
                0x0000000000004af8       0xf8 project/light_expander.cpp.o
                0x0000000000004af8                light_expander_updatePWM()
 .text._Z21light_expander_setPWMP19scpi_parser_contextP10scpi_token
                0x0000000000004bf0       0x48 project/light_expander.cpp.o
                0x0000000000004bf0                light_expander_setPWM(scpi_parser_context*, scpi_token*)
 .text.startup._GLOBAL__sub_I_lightExpanders
                0x0000000000004c38       0x34 project/light_expander.cpp.o
 .text._Z27light_expander_updateSwitchv
                0x0000000000004c6c       0x60 project/light_expander.cpp.o
                0x0000000000004c6c                light_expander_updateSwitch()
 .text._Z21light_expander_enableP19scpi_parser_contextP10scpi_token
                0x0000000000004ccc       0x24 project/light_expander.cpp.o
                0x0000000000004ccc                light_expander_enable(scpi_parser_context*, scpi_token*)
 .text._Z22light_expander_disableP19scpi_parser_contextP10scpi_token
                0x0000000000004cf0       0x24 project/light_expander.cpp.o
                0x0000000000004cf0                light_expander_disable(scpi_parser_context*, scpi_token*)
 .text._Z24light_expander_isEnabledP19scpi_parser_contextP10scpi_token
                0x0000000000004d14       0x5c project/light_expander.cpp.o
                0x0000000000004d14                light_expander_isEnabled(scpi_parser_context*, scpi_token*)
 .text._ZN3PID4nextEf
                0x0000000000004d70       0xdc project/pid.cpp.o
                0x0000000000004d70                PID::next(float)
 .text._Z14channelEnabledi
                0x0000000000004e4c       0x28 project/relays.cpp.o
                0x0000000000004e4c                channelEnabled(int)
 .text._Z14updateChannelsv
                0x0000000000004e74       0xa0 project/relays.cpp.o
                0x0000000000004e74                updateChannels()
 .text._Z20enableChannelGeneralh
                0x0000000000004f14       0x28 project/relays.cpp.o
                0x0000000000004f14                enableChannelGeneral(unsigned char)
 .text._Z21disableChannelGeneralh
                0x0000000000004f3c       0x28 project/relays.cpp.o
                0x0000000000004f3c                disableChannelGeneral(unsigned char)
 .text._Z11lightEnableh
                0x0000000000004f64       0x28 project/relays.cpp.o
                0x0000000000004f64                lightEnable(unsigned char)
 .text._Z12lightDisableh
                0x0000000000004f8c       0x28 project/relays.cpp.o
                0x0000000000004f8c                lightDisable(unsigned char)
 .text._Z13enableChanneli
                0x0000000000004fb4       0x2c project/relays.cpp.o
                0x0000000000004fb4                enableChannel(int)
 .text._Z14disableChanneli
                0x0000000000004fe0       0x2c project/relays.cpp.o
                0x0000000000004fe0                disableChannel(int)
 .text._Z21enableChannelExternali
                0x000000000000500c       0x28 project/relays.cpp.o
                0x000000000000500c                enableChannelExternal(int)
 .text._Z22disableChannelExternali
                0x0000000000005034       0x2c project/relays.cpp.o
                0x0000000000005034                disableChannelExternal(int)
 .text._Z13resetChannelsv
                0x0000000000005060       0x24 project/relays.cpp.o
                0x0000000000005060                resetChannels()
 .text.scpi_parse_string
                0x0000000000005084       0xc4 project/../../../Documents/Arduino/libraries/scpiparser/scpiparser.cpp.o
                0x0000000000005084                scpi_parse_string
 .text.scpi_register_command
                0x0000000000005148       0x48 project/../../../Documents/Arduino/libraries/scpiparser/scpiparser.cpp.o
                0x0000000000005148                scpi_register_command
 .text.scpi_init
                0x0000000000005190       0x9c project/../../../Documents/Arduino/libraries/scpiparser/scpiparser.cpp.o
                0x0000000000005190                scpi_init
 .text.scpi_find_command
                0x000000000000522c       0x6c project/../../../Documents/Arduino/libraries/scpiparser/scpiparser.cpp.o
                0x000000000000522c                scpi_find_command
 .text.scpi_execute_command
                0x0000000000005298       0x32 project/../../../Documents/Arduino/libraries/scpiparser/scpiparser.cpp.o
                0x0000000000005298                scpi_execute_command
 .text.scpi_free_some_tokens
                0x00000000000052ca       0x18 project/../../../Documents/Arduino/libraries/scpiparser/scpiparser.cpp.o
                0x00000000000052ca                scpi_free_some_tokens
 .text.scpi_free_tokens
                0x00000000000052e2        0xa project/../../../Documents/Arduino/libraries/scpiparser/scpiparser.cpp.o
                0x00000000000052e2                scpi_free_tokens
 .text.scpi_parse_bool
                0x00000000000052ec       0x14 project/../../../Documents/Arduino/libraries/scpiparser/scpiparser.cpp.o
                0x00000000000052ec                scpi_parse_bool
 .text.scpi_parse_numeric
                0x0000000000005300      0x2e0 project/../../../Documents/Arduino/libraries/scpiparser/scpiparser.cpp.o
                0x0000000000005300                scpi_parse_numeric
 .text.scpi_queue_error
                0x00000000000055e0       0x3a project/../../../Documents/Arduino/libraries/scpiparser/scpiparser.cpp.o
                0x00000000000055e0                scpi_queue_error
 *fill*         0x000000000000561a        0x2 
 .text.scpi_pop_error
                0x000000000000561c       0x30 project/../../../Documents/Arduino/libraries/scpiparser/scpiparser.cpp.o
                0x000000000000561c                scpi_pop_error
 .text.system_error
                0x000000000000564c       0x48 project/../../../Documents/Arduino/libraries/scpiparser/scpiparser.cpp.o
 .text._Z6muxI2ChR7TwoWire
                0x0000000000005694       0x24 project/slave.cpp.o
                0x0000000000005694                muxI2C(unsigned char, TwoWire&)
 .text._Z6muxI2Ch
                0x00000000000056b8       0x10 project/slave.cpp.o
                0x00000000000056b8                muxI2C(unsigned char)
 .text._Z8demuxI2CR7TwoWire
                0x00000000000056c8       0x1a project/slave.cpp.o
                0x00000000000056c8                demuxI2C(TwoWire&)
 *fill*         0x00000000000056e2        0x2 
 .text._Z17slave_readADS1015hh
                0x00000000000056e4       0x98 project/slave.cpp.o
                0x00000000000056e4                slave_readADS1015(unsigned char, unsigned char)
 *fill*         0x000000000000577c        0x4 
 .text._Z20aquireHumiditySensorh
                0x0000000000005780       0xe8 project/slave.cpp.o
                0x0000000000005780                aquireHumiditySensor(unsigned char)
 .text._Z11SSRSetValuehm
                0x0000000000005868       0x40 project/ssr.cpp.o
                0x0000000000005868                SSRSetValue(unsigned char, unsigned long)
 .text._Z11SSRSetValuehf
                0x00000000000058a8       0x44 project/ssr.cpp.o
                0x00000000000058a8                SSRSetValue(unsigned char, float)
 .text._Z10SSRDisableh
                0x00000000000058ec       0x1c project/ssr.cpp.o
                0x00000000000058ec                SSRDisable(unsigned char)
 .text._Z9SSREnableh
                0x0000000000005908       0x1c project/ssr.cpp.o
                0x0000000000005908                SSREnable(unsigned char)
 .text.startup._GLOBAL__sub_I_ssrs
                0x0000000000005924       0x20 project/ssr.cpp.o
 .text._ZN8SPIClass4initEv
                0x0000000000005944       0x12 libraries/SPI/SPI.cpp.o
                0x0000000000005944                SPIClass::init()
 .text._ZN8SPIClass6configE11SPISettings
                0x0000000000005956       0x36 libraries/SPI/SPI.cpp.o
                0x0000000000005956                SPIClass::config(SPISettings)
 .text._ZN8SPIClass5beginEv
                0x000000000000598c       0x50 libraries/SPI/SPI.cpp.o
                0x000000000000598c                SPIClass::begin()
 .text._ZN8SPIClass16beginTransactionE11SPISettings
                0x00000000000059dc       0x38 libraries/SPI/SPI.cpp.o
                0x00000000000059dc                SPIClass::beginTransaction(SPISettings)
 .text._ZN8SPIClass14endTransactionEv
                0x0000000000005a14       0x24 libraries/SPI/SPI.cpp.o
                0x0000000000005a14                SPIClass::endTransaction()
 .text._ZN8SPIClass8transferEh
                0x0000000000005a38        0xa libraries/SPI/SPI.cpp.o
                0x0000000000005a38                SPIClass::transfer(unsigned char)
 *fill*         0x0000000000005a42        0x2 
 .text.startup._GLOBAL__sub_I__ZN8SPIClassC2EP6SERCOMhhh14SercomSpiTXPad11SercomRXPad
                0x0000000000005a44       0x38 libraries/SPI/SPI.cpp.o
 .text._ZN5Print17availableForWriteEv
                0x0000000000005a7c        0x4 libraries/Wire/Wire.cpp.o
                0x0000000000005a7c                Print::availableForWrite()
 .text._ZN7TwoWire5writeEPKhj
                0x0000000000005a80       0x24 libraries/Wire/Wire.cpp.o
                0x0000000000005a80                TwoWire::write(unsigned char const*, unsigned int)
 .text._ZN7TwoWire5flushEv
                0x0000000000005aa4        0x2 libraries/Wire/Wire.cpp.o
                0x0000000000005aa4                TwoWire::flush()
 .text._ZN7TwoWire4peekEv
                0x0000000000005aa6       0x1a libraries/Wire/Wire.cpp.o
                0x0000000000005aa6                TwoWire::peek()
 .text._ZN7TwoWire9availableEv
                0x0000000000005ac0       0x12 libraries/Wire/Wire.cpp.o
                0x0000000000005ac0                TwoWire::available()
 *fill*         0x0000000000005ad2        0x2 
 .text._ZN7TwoWireC2EP6SERCOMhh
                0x0000000000005ad4       0x5c libraries/Wire/Wire.cpp.o
                0x0000000000005ad4                TwoWire::TwoWire(SERCOM*, unsigned char, unsigned char)
                0x0000000000005ad4                TwoWire::TwoWire(SERCOM*, unsigned char, unsigned char)
 .text._ZN7TwoWire5beginEv
                0x0000000000005b30       0x40 libraries/Wire/Wire.cpp.o
                0x0000000000005b30                TwoWire::begin()
 .text._ZN7TwoWire17beginTransmissionEh
                0x0000000000005b70       0x18 libraries/Wire/Wire.cpp.o
                0x0000000000005b70                TwoWire::beginTransmission(unsigned char)
 .text._ZN11RingBufferNILi256EE10store_charEh
                0x0000000000005b88       0x1a libraries/Wire/Wire.cpp.o
                0x0000000000005b88                RingBufferN<256>::store_char(unsigned char)
 .text._ZN7TwoWire11requestFromEhjb
                0x0000000000005ba2       0x76 libraries/Wire/Wire.cpp.o
                0x0000000000005ba2                TwoWire::requestFrom(unsigned char, unsigned int, bool)
 .text._ZN7TwoWire11requestFromEhj
                0x0000000000005c18        0xa libraries/Wire/Wire.cpp.o
                0x0000000000005c18                TwoWire::requestFrom(unsigned char, unsigned int)
 .text._ZN7TwoWire5writeEh
                0x0000000000005c22       0x2a libraries/Wire/Wire.cpp.o
                0x0000000000005c22                TwoWire::write(unsigned char)
 .text._ZN11RingBufferNILi256EE9read_charEv
                0x0000000000005c4c       0x20 libraries/Wire/Wire.cpp.o
                0x0000000000005c4c                RingBufferN<256>::read_char()
 .text._ZN7TwoWire15endTransmissionEb
                0x0000000000005c6c       0x72 libraries/Wire/Wire.cpp.o
                0x0000000000005c6c                TwoWire::endTransmission(bool)
 .text._ZN7TwoWire15endTransmissionEv
                0x0000000000005cde        0xa libraries/Wire/Wire.cpp.o
                0x0000000000005cde                TwoWire::endTransmission()
 .text._ZN7TwoWire4readEv
                0x0000000000005ce8        0xa libraries/Wire/Wire.cpp.o
                0x0000000000005ce8                TwoWire::read()
 .text._ZN7TwoWire9onServiceEv
                0x0000000000005cf2      0x11c libraries/Wire/Wire.cpp.o
                0x0000000000005cf2                TwoWire::onService()
 *fill*         0x0000000000005e0e        0x2 
 .text.SERCOM3_Handler
                0x0000000000005e10       0x10 libraries/Wire/Wire.cpp.o
                0x0000000000005e10                SERCOM3_Handler
 .text.startup._GLOBAL__sub_I__ZN7TwoWireC2EP6SERCOMhh
                0x0000000000005e20       0x18 libraries/Wire/Wire.cpp.o
 .text.Dummy_Handler
                0x0000000000005e38        0x2 ./core.a(cortex_handlers.c.o)
                0x0000000000005e38                SYSCTRL_Handler
                0x0000000000005e38                HardFault_Handler
                0x0000000000005e38                AC_Handler
                0x0000000000005e38                PendSV_Handler
                0x0000000000005e38                NMI_Handler
                0x0000000000005e38                TC7_Handler
                0x0000000000005e38                SERCOM1_Handler
                0x0000000000005e38                ADC_Handler
                0x0000000000005e38                TCC1_Handler
                0x0000000000005e38                SERCOM2_Handler
                0x0000000000005e38                TCC0_Handler
                0x0000000000005e38                RTC_Handler
                0x0000000000005e38                EIC_Handler
                0x0000000000005e38                TC6_Handler
                0x0000000000005e38                WDT_Handler
                0x0000000000005e38                TC4_Handler
                0x0000000000005e38                TC3_Handler
                0x0000000000005e38                Dummy_Handler
                0x0000000000005e38                PM_Handler
                0x0000000000005e38                SERCOM5_Handler
                0x0000000000005e38                SVC_Handler
                0x0000000000005e38                TCC2_Handler
                0x0000000000005e38                EVSYS_Handler
                0x0000000000005e38                SERCOM4_Handler
                0x0000000000005e38                I2S_Handler
                0x0000000000005e38                NVMCTRL_Handler
                0x0000000000005e38                SERCOM0_Handler
                0x0000000000005e38                DAC_Handler
                0x0000000000005e38                PTC_Handler
                0x0000000000005e38                DMAC_Handler
 *fill*         0x0000000000005e3a        0x2 
 .text.USB_Handler
                0x0000000000005e3c       0x14 ./core.a(cortex_handlers.c.o)
                0x0000000000005e3c                USB_Handler
 .text.Reset_Handler
                0x0000000000005e50       0x54 ./core.a(cortex_handlers.c.o)
                0x0000000000005e50                Reset_Handler
 .text.SysTick_Handler
                0x0000000000005ea4       0x10 ./core.a(cortex_handlers.c.o)
                0x0000000000005ea4                SysTick_Handler
 .text.USB_SetHandler
                0x0000000000005eb4        0xc ./core.a(cortex_handlers.c.o)
                0x0000000000005eb4                USB_SetHandler
 .text.millis   0x0000000000005ec0        0xc ./core.a(delay.c.o)
                0x0000000000005ec0                millis
 .text.delay    0x0000000000005ecc       0x20 ./core.a(delay.c.o)
                0x0000000000005ecc                delay
 .text.SysTick_DefaultHandler
                0x0000000000005eec       0x14 ./core.a(delay.c.o)
                0x0000000000005eec                SysTick_DefaultHandler
 .text.__empty  0x0000000000005f00        0x2 ./core.a(hooks.c.o)
                0x0000000000005f00                yield
 .text.__false  0x0000000000005f02        0x4 ./core.a(hooks.c.o)
                0x0000000000005f02                sysTickHook
 .text._Z11initVariantv
                0x0000000000005f06        0x2 ./core.a(main.cpp.o)
                0x0000000000005f06                initVariant()
 .text.startup.main
                0x0000000000005f08       0x40 ./core.a(main.cpp.o)
                0x0000000000005f08                main
 .text._Znwj    0x0000000000005f48        0x8 ./core.a(new.cpp.o)
                0x0000000000005f48                operator new(unsigned int)
 .text._ZN5Print5printEmi.part.3
                0x0000000000005f50        0xc ./core.a(Print.cpp.o)
 .text._ZN5Print5writeEPKc
                0x0000000000005f5c       0x1c ./core.a(Print.cpp.o)
                0x0000000000005f5c                Print::write(char const*)
 .text._ZN5Print5printEPKc
                0x0000000000005f78        0x8 ./core.a(Print.cpp.o)
                0x0000000000005f78                Print::print(char const*)
 .text._ZN5Print5printEc
                0x0000000000005f80        0xa ./core.a(Print.cpp.o)
                0x0000000000005f80                Print::print(char)
 *fill*         0x0000000000005f8a        0x2 
 .text._ZN5Print7printlnEv
                0x0000000000005f8c       0x10 ./core.a(Print.cpp.o)
                0x0000000000005f8c                Print::println()
 .text._ZN5Print7printlnEPKc
                0x0000000000005f9c       0x14 ./core.a(Print.cpp.o)
                0x0000000000005f9c                Print::println(char const*)
 .text._ZN5Print11printNumberEmh
                0x0000000000005fb0       0x4e ./core.a(Print.cpp.o)
                0x0000000000005fb0                Print::printNumber(unsigned long, unsigned char)
 .text._ZN5Print5printEli
                0x0000000000005ffe       0x3c ./core.a(Print.cpp.o)
                0x0000000000005ffe                Print::print(long, int)
 .text._ZN5Print5printEii
                0x000000000000603a        0x8 ./core.a(Print.cpp.o)
                0x000000000000603a                Print::print(int, int)
 .text._ZN5Print7printlnEii
                0x0000000000006042       0x14 ./core.a(Print.cpp.o)
                0x0000000000006042                Print::println(int, int)
 .text._ZN5Print7printlnEli
                0x0000000000006056       0x14 ./core.a(Print.cpp.o)
                0x0000000000006056                Print::println(long, int)
 .text._ZN5Print5printEmi
                0x000000000000606a       0x14 ./core.a(Print.cpp.o)
                0x000000000000606a                Print::print(unsigned long, int)
 .text._ZN5Print7printlnEhi
                0x000000000000607e       0x14 ./core.a(Print.cpp.o)
                0x000000000000607e                Print::println(unsigned char, int)
 *fill*         0x0000000000006092        0x2 
 .text.initiateReset
                0x0000000000006094        0xc ./core.a(Reset.cpp.o)
                0x0000000000006094                initiateReset
 .text.cancelReset
                0x00000000000060a0       0x10 ./core.a(Reset.cpp.o)
                0x00000000000060a0                cancelReset
 .text.tickReset
                0x00000000000060b0       0x74 ./core.a(Reset.cpp.o)
                0x00000000000060b0                tickReset
 .text._ZN6SERCOMC2EP6Sercom
                0x0000000000006124        0x4 ./core.a(SERCOM.cpp.o)
                0x0000000000006124                SERCOM::SERCOM(Sercom*)
                0x0000000000006124                SERCOM::SERCOM(Sercom*)
 .text._ZN6SERCOM12initSPIClockE18SercomSpiClockModem
                0x0000000000006128       0x30 ./core.a(SERCOM.cpp.o)
                0x0000000000006128                SERCOM::initSPIClock(SercomSpiClockMode, unsigned long)
 .text._ZN6SERCOM8resetSPIEv
                0x0000000000006158       0x1c ./core.a(SERCOM.cpp.o)
                0x0000000000006158                SERCOM::resetSPI()
 .text._ZN6SERCOM9enableSPIEv
                0x0000000000006174       0x14 ./core.a(SERCOM.cpp.o)
                0x0000000000006174                SERCOM::enableSPI()
 .text._ZN6SERCOM10disableSPIEv
                0x0000000000006188       0x12 ./core.a(SERCOM.cpp.o)
                0x0000000000006188                SERCOM::disableSPI()
 .text._ZN6SERCOM15transferDataSPIEh
                0x000000000000619a       0x1a ./core.a(SERCOM.cpp.o)
                0x000000000000619a                SERCOM::transferDataSPI(unsigned char)
 .text._ZN6SERCOM9resetWIREEv
                0x00000000000061b4       0x1c ./core.a(SERCOM.cpp.o)
                0x00000000000061b4                SERCOM::resetWIRE()
 .text._ZN6SERCOM10enableWIREEv
                0x00000000000061d0       0x28 ./core.a(SERCOM.cpp.o)
                0x00000000000061d0                SERCOM::enableWIRE()
 .text._ZN6SERCOM18prepareNackBitWIREEv
                0x00000000000061f8       0x10 ./core.a(SERCOM.cpp.o)
                0x00000000000061f8                SERCOM::prepareNackBitWIRE()
 .text._ZN6SERCOM17prepareAckBitWIREEv
                0x0000000000006208       0x14 ./core.a(SERCOM.cpp.o)
                0x0000000000006208                SERCOM::prepareAckBitWIRE()
 .text._ZN6SERCOM22prepareCommandBitsWireEh
                0x000000000000621c       0x2c ./core.a(SERCOM.cpp.o)
                0x000000000000621c                SERCOM::prepareCommandBitsWire(unsigned char)
 .text._ZN6SERCOM21startTransmissionWIREEh23SercomWireReadWriteFlag
                0x0000000000006248       0x5e ./core.a(SERCOM.cpp.o)
                0x0000000000006248                SERCOM::startTransmissionWIRE(unsigned char, SercomWireReadWriteFlag)
 .text._ZN6SERCOM18sendDataMasterWIREEh
                0x00000000000062a6       0x22 ./core.a(SERCOM.cpp.o)
                0x00000000000062a6                SERCOM::sendDataMasterWIRE(unsigned char)
 .text._ZN6SERCOM17sendDataSlaveWIREEh
                0x00000000000062c8       0x1a ./core.a(SERCOM.cpp.o)
                0x00000000000062c8                SERCOM::sendDataSlaveWIRE(unsigned char)
 .text._ZN6SERCOM11isSlaveWIREEv
                0x00000000000062e2       0x12 ./core.a(SERCOM.cpp.o)
                0x00000000000062e2                SERCOM::isSlaveWIRE()
 .text._ZN6SERCOM15isDataReadyWIREEv
                0x00000000000062f4        0xa ./core.a(SERCOM.cpp.o)
                0x00000000000062f4                SERCOM::isDataReadyWIRE()
 .text._ZN6SERCOM18isStopDetectedWIREEv
                0x00000000000062fe        0xa ./core.a(SERCOM.cpp.o)
                0x00000000000062fe                SERCOM::isStopDetectedWIRE()
 .text._ZN6SERCOM21isRestartDetectedWIREEv
                0x0000000000006308        0xa ./core.a(SERCOM.cpp.o)
                0x0000000000006308                SERCOM::isRestartDetectedWIRE()
 .text._ZN6SERCOM14isAddressMatchEv
                0x0000000000006312        0xa ./core.a(SERCOM.cpp.o)
                0x0000000000006312                SERCOM::isAddressMatch()
 .text._ZN6SERCOM25isMasterReadOperationWIREEv
                0x000000000000631c        0xa ./core.a(SERCOM.cpp.o)
                0x000000000000631c                SERCOM::isMasterReadOperationWIRE()
 .text._ZN6SERCOM12readDataWIREEv
                0x0000000000006326       0x1a ./core.a(SERCOM.cpp.o)
                0x0000000000006326                SERCOM::readDataWIRE()
 .text._ZN6SERCOM13initClockNVICEv
                0x0000000000006340       0xac ./core.a(SERCOM.cpp.o)
                0x0000000000006340                SERCOM::initClockNVIC()
 .text._ZN6SERCOM7initSPIE14SercomSpiTXPad11SercomRXPad17SercomSpiCharSize15SercomDataOrder
                0x00000000000063ec       0x48 ./core.a(SERCOM.cpp.o)
                0x00000000000063ec                SERCOM::initSPI(SercomSpiTXPad, SercomRXPad, SercomSpiCharSize, SercomDataOrder)
 .text._ZN6SERCOM14initMasterWIREEm
                0x0000000000006434       0x54 ./core.a(SERCOM.cpp.o)
                0x0000000000006434                SERCOM::initMasterWIRE(unsigned long)
 .text.SystemInit
                0x0000000000006488      0x168 ./core.a(startup.c.o)
                0x0000000000006488                SystemInit
 .text._ZN6Stream9timedReadEv
                0x00000000000065f0       0x2a ./core.a(Stream.cpp.o)
                0x00000000000065f0                Stream::timedRead()
 .text._ZN6Stream14readBytesUntilEcPcj
                0x000000000000661a       0x32 ./core.a(Stream.cpp.o)
                0x000000000000661a                Stream::readBytesUntil(char, char*, unsigned int)
 .text._ZN7Serial_17availableForWriteEv
                0x000000000000664c        0x4 ./core.a(CDC.cpp.o)
                0x000000000000664c                Serial_::availableForWrite()
 .text._ZN7Serial_5writeEh
                0x0000000000006650       0x14 ./core.a(CDC.cpp.o)
                0x0000000000006650                Serial_::write(unsigned char)
 .text._ZN7Serial_9availableEv
                0x0000000000006664        0xc ./core.a(CDC.cpp.o)
                0x0000000000006664                Serial_::available()
 .text._ZN7Serial_5flushEv
                0x0000000000006670        0xc ./core.a(CDC.cpp.o)
                0x0000000000006670                Serial_::flush()
 .text._ZN7Serial_5writeEPKhj
                0x000000000000667c       0x1c ./core.a(CDC.cpp.o)
                0x000000000000667c                Serial_::write(unsigned char const*, unsigned int)
 .text._ZN7Serial_4peekEv
                0x0000000000006698       0x1c ./core.a(CDC.cpp.o)
                0x0000000000006698                Serial_::peek()
 .text._ZN7Serial_4readEv
                0x00000000000066b4       0x24 ./core.a(CDC.cpp.o)
                0x00000000000066b4                Serial_::read()
 .text._Z16CDC_GetInterfacePh
                0x00000000000066d8       0x1c ./core.a(CDC.cpp.o)
                0x00000000000066d8                CDC_GetInterface(unsigned char*)
 .text._Z9CDC_SetupR8USBSetup
                0x00000000000066f4       0x80 ./core.a(CDC.cpp.o)
                0x00000000000066f4                CDC_Setup(USBSetup&)
 .text._ZN7Serial_5beginEm
                0x0000000000006774        0x2 ./core.a(CDC.cpp.o)
                0x0000000000006774                Serial_::begin(unsigned long)
 *fill*         0x0000000000006776        0x2 
 .text.startup._GLOBAL__sub_I__Z17_CDC_GetInterfacev
                0x0000000000006778       0x28 ./core.a(CDC.cpp.o)
 .text._ZL5utox8mPc
                0x00000000000067a0       0x1c ./core.a(USBCore.cpp.o)
 .text._ZN14USBDeviceClass6initEPEmm.part.4
                0x00000000000067bc       0xc8 ./core.a(USBCore.cpp.o)
 .text._ZN20USBDevice_SAMD21G18x5resetEv
                0x0000000000006884       0x28 ./core.a(USBCore.cpp.o)
                0x0000000000006884                USBDevice_SAMD21G18x::reset()
 .text._ZN20USBDevice_SAMD21G18x9calibrateEv
                0x00000000000068ac       0x5c ./core.a(USBCore.cpp.o)
                0x00000000000068ac                USBDevice_SAMD21G18x::calibrate()
 .text._ZN7__GuardC2Ev
                0x0000000000006908        0xe ./core.a(USBCore.cpp.o)
                0x0000000000006908                __Guard::__Guard()
                0x0000000000006908                __Guard::__Guard()
 .text._ZN7__GuardD2Ev
                0x0000000000006916        0xe ./core.a(USBCore.cpp.o)
                0x0000000000006916                __Guard::~__Guard()
                0x0000000000006916                __Guard::~__Guard()
 .text._ZNK26DoubleBufferedEPOutHandler9availableEv
                0x0000000000006924       0x5e ./core.a(USBCore.cpp.o)
                0x0000000000006924                DoubleBufferedEPOutHandler::available() const
 *fill*         0x0000000000006982        0x2 
 .text._ZN26DoubleBufferedEPOutHandler7releaseEv
                0x0000000000006984       0x58 ./core.a(USBCore.cpp.o)
                0x0000000000006984                DoubleBufferedEPOutHandler::release()
 .text._ZN26DoubleBufferedEPOutHandler4recvEPvm
                0x00000000000069dc      0x11c ./core.a(USBCore.cpp.o)
                0x00000000000069dc                DoubleBufferedEPOutHandler::recv(void*, unsigned long)
 .text._ZN26DoubleBufferedEPOutHandler14handleEndpointEv
                0x0000000000006af8       0xc8 ./core.a(USBCore.cpp.o)
                0x0000000000006af8                DoubleBufferedEPOutHandler::handleEndpoint()
 .text._ZN14USBDeviceClass14SendInterfacesEPm
                0x0000000000006bc0       0x2c ./core.a(USBCore.cpp.o)
                0x0000000000006bc0                USBDeviceClass::SendInterfaces(unsigned long*)
 .text._ZN14USBDeviceClass14handleEndpointEh
                0x0000000000006bec       0x40 ./core.a(USBCore.cpp.o)
                0x0000000000006bec                USBDeviceClass::handleEndpoint(unsigned char)
 .text._ZN14USBDeviceClass4initEv
                0x0000000000006c2c       0xc0 ./core.a(USBCore.cpp.o)
                0x0000000000006c2c                USBDeviceClass::init()
 .text._ZN14USBDeviceClass6attachEv
                0x0000000000006cec       0x34 ./core.a(USBCore.cpp.o)
                0x0000000000006cec                USBDeviceClass::attach()
 .text._ZN14USBDeviceClass10setAddressEm
                0x0000000000006d20       0x48 ./core.a(USBCore.cpp.o)
                0x0000000000006d20                USBDeviceClass::setAddress(unsigned long)
 .text._ZN14USBDeviceClass25handleClassInterfaceSetupER8USBSetup
                0x0000000000006d68       0x40 ./core.a(USBCore.cpp.o)
                0x0000000000006d68                USBDeviceClass::handleClassInterfaceSetup(USBSetup&)
 .text._ZN14USBDeviceClass6initEPEmm
                0x0000000000006da8       0xf4 ./core.a(USBCore.cpp.o)
                0x0000000000006da8                USBDeviceClass::initEP(unsigned long, unsigned long)
 .text._ZN14USBDeviceClass13initEndpointsEv
                0x0000000000006e9c       0x24 ./core.a(USBCore.cpp.o)
                0x0000000000006e9c                USBDeviceClass::initEndpoints()
 .text._ZN14USBDeviceClass9availableEm
                0x0000000000006ec0       0x2c ./core.a(USBCore.cpp.o)
                0x0000000000006ec0                USBDeviceClass::available(unsigned long)
 .text._ZN14USBDeviceClass5flushEm
                0x0000000000006eec       0x2c ./core.a(USBCore.cpp.o)
                0x0000000000006eec                USBDeviceClass::flush(unsigned long)
 .text._ZN14USBDeviceClass14armRecvCtrlOUTEm
                0x0000000000006f18       0x60 ./core.a(USBCore.cpp.o)
                0x0000000000006f18                USBDeviceClass::armRecvCtrlOUT(unsigned long)
 .text._ZN14USBDeviceClass11recvControlEPvm
                0x0000000000006f78       0x3c ./core.a(USBCore.cpp.o)
                0x0000000000006f78                USBDeviceClass::recvControl(void*, unsigned long)
 .text._ZN14USBDeviceClass7armRecvEm
                0x0000000000006fb4       0x3c ./core.a(USBCore.cpp.o)
                0x0000000000006fb4                USBDeviceClass::armRecv(unsigned long)
 .text._ZN14USBDeviceClass4recvEmPvm
                0x0000000000006ff0       0xc0 ./core.a(USBCore.cpp.o)
                0x0000000000006ff0                USBDeviceClass::recv(unsigned long, void*, unsigned long)
 .text._ZN14USBDeviceClass4recvEm
                0x00000000000070b0       0x1c ./core.a(USBCore.cpp.o)
                0x00000000000070b0                USBDeviceClass::recv(unsigned long)
 .text._ZN14USBDeviceClass4sendEmPKvm
                0x00000000000070cc      0x10c ./core.a(USBCore.cpp.o)
                0x00000000000070cc                USBDeviceClass::send(unsigned long, void const*, unsigned long)
 .text._ZN14USBDeviceClass7armSendEmPKvm
                0x00000000000071d8       0x48 ./core.a(USBCore.cpp.o)
                0x00000000000071d8                USBDeviceClass::armSend(unsigned long, void const*, unsigned long)
 .text._ZN14USBDeviceClass11sendControlEPKvm
                0x0000000000007220       0x58 ./core.a(USBCore.cpp.o)
                0x0000000000007220                USBDeviceClass::sendControl(void const*, unsigned long)
 .text._ZN14USBDeviceClass20sendStringDescriptorEPKhh
                0x0000000000007278       0x68 ./core.a(USBCore.cpp.o)
                0x0000000000007278                USBDeviceClass::sendStringDescriptor(unsigned char const*, unsigned char)
 .text._ZN14USBDeviceClass12packMessagesEb.part.6
                0x00000000000072e0       0x20 ./core.a(USBCore.cpp.o)
 .text._ZN14USBDeviceClass17sendConfigurationEm
                0x0000000000007300       0x90 ./core.a(USBCore.cpp.o)
                0x0000000000007300                USBDeviceClass::sendConfiguration(unsigned long)
 .text._ZN14USBDeviceClass14sendDescriptorER8USBSetup
                0x0000000000007390       0xec ./core.a(USBCore.cpp.o)
                0x0000000000007390                USBDeviceClass::sendDescriptor(USBSetup&)
 .text._ZN14USBDeviceClass19handleStandardSetupER8USBSetup
                0x000000000000747c      0x118 ./core.a(USBCore.cpp.o)
                0x000000000000747c                USBDeviceClass::handleStandardSetup(USBSetup&)
 .text._ZN14USBDeviceClass10ISRHandlerEv
                0x0000000000007594      0x108 ./core.a(USBCore.cpp.o)
                0x0000000000007594                USBDeviceClass::ISRHandler()
 .text.UDD_Handler
                0x000000000000769c       0x10 ./core.a(USBCore.cpp.o)
                0x000000000000769c                UDD_Handler
 .text.startup._GLOBAL__sub_I__ZN20USBDevice_SAMD21G18x5resetEv
                0x00000000000076ac       0x10 ./core.a(USBCore.cpp.o)
 .text.init     0x00000000000076bc       0xf0 ./core.a(wiring.c.o)
                0x00000000000076bc                init
 .text.analogReference
                0x00000000000077ac       0x5c ./core.a(wiring_analog.c.o)
                0x00000000000077ac                analogReference
 .text.pinMode  0x0000000000007808       0xb4 ./core.a(wiring_digital.c.o)
                0x0000000000007808                pinMode
 .text.digitalWrite
                0x00000000000078bc       0x60 ./core.a(wiring_digital.c.o)
                0x00000000000078bc                digitalWrite
 .text.digitalRead
                0x000000000000791c       0x30 ./core.a(wiring_digital.c.o)
                0x000000000000791c                digitalRead
 .text.pinPeripheral
                0x000000000000794c       0xc4 ./core.a(wiring_private.c.o)
                0x000000000000794c                pinPeripheral
 .text.startup._GLOBAL__sub_I_g_APinDescription
                0x0000000000007a10       0x64 ./core.a(variant.cpp.o)
 .text._ZN13PluggableUSB_12getInterfaceEPh
                0x0000000000007a74       0x2a ./core.a(PluggableUSB.cpp.o)
                0x0000000000007a74                PluggableUSB_::getInterface(unsigned char*)
 .text._ZN13PluggableUSB_13getDescriptorER8USBSetup
                0x0000000000007a9e       0x20 ./core.a(PluggableUSB.cpp.o)
                0x0000000000007a9e                PluggableUSB_::getDescriptor(USBSetup&)
 .text._ZN13PluggableUSB_12getShortNameEPc
                0x0000000000007abe       0x1e ./core.a(PluggableUSB.cpp.o)
                0x0000000000007abe                PluggableUSB_::getShortName(char*)
 .text._ZN13PluggableUSB_5setupER8USBSetup
                0x0000000000007adc       0x24 ./core.a(PluggableUSB.cpp.o)
                0x0000000000007adc                PluggableUSB_::setup(USBSetup&)
 .text._Z12PluggableUSBv
                0x0000000000007b00       0x24 ./core.a(PluggableUSB.cpp.o)
                0x0000000000007b00                PluggableUSB()
 .text          0x0000000000007b24       0x14 /Users/normanpellet/.arduinocdt/packages/arduino/tools/arm-none-eabi-gcc/4.8.3-2014q1/bin/../lib/gcc/arm-none-eabi/4.8.3/armv6-m/libgcc.a(_thumb1_case_uqi.o)
                0x0000000000007b24                __gnu_thumb1_case_uqi
 .text          0x0000000000007b38       0x9c /Users/normanpellet/.arduinocdt/packages/arduino/tools/arm-none-eabi-gcc/4.8.3-2014q1/bin/../lib/gcc/arm-none-eabi/4.8.3/armv6-m/libgcc.a(_udivsi3.o)
                0x0000000000007b38                __udivsi3
                0x0000000000007b38                __aeabi_uidiv
                0x0000000000007bc0                __aeabi_uidivmod
 .text          0x0000000000007bd4        0x4 /Users/normanpellet/.arduinocdt/packages/arduino/tools/arm-none-eabi-gcc/4.8.3-2014q1/bin/../lib/gcc/arm-none-eabi/4.8.3/armv6-m/libgcc.a(_dvmd_tls.o)
                0x0000000000007bd4                __aeabi_ldiv0
                0x0000000000007bd4                __aeabi_idiv0
 .text          0x0000000000007bd8       0x7c /Users/normanpellet/.arduinocdt/packages/arduino/tools/arm-none-eabi-gcc/4.8.3-2014q1/bin/../lib/gcc/arm-none-eabi/4.8.3/armv6-m/libgcc.a(_arm_cmpdf2.o)
                0x0000000000007bd8                __aeabi_cdrcmple
                0x0000000000007be8                __aeabi_cdcmple
                0x0000000000007be8                __aeabi_cdcmpeq
                0x0000000000007bf8                __aeabi_dcmpeq
                0x0000000000007c04                __aeabi_dcmplt
                0x0000000000007c18                __aeabi_dcmple
                0x0000000000007c2c                __aeabi_dcmpgt
                0x0000000000007c40                __aeabi_dcmpge
 .text          0x0000000000007c54       0x74 /Users/normanpellet/.arduinocdt/packages/arduino/tools/arm-none-eabi-gcc/4.8.3-2014q1/bin/../lib/gcc/arm-none-eabi/4.8.3/armv6-m/libgcc.a(_arm_cmpsf2.o)
                0x0000000000007c54                __aeabi_cfrcmple
                0x0000000000007c5c                __aeabi_cfcmple
                0x0000000000007c5c                __aeabi_cfcmpeq
                0x0000000000007c6c                __aeabi_fcmpeq
                0x0000000000007c78                __aeabi_fcmplt
                0x0000000000007c8c                __aeabi_fcmple
                0x0000000000007ca0                __aeabi_fcmpgt
                0x0000000000007cb4                __aeabi_fcmpge
 .text          0x0000000000007cc8       0x30 /Users/normanpellet/.arduinocdt/packages/arduino/tools/arm-none-eabi-gcc/4.8.3-2014q1/bin/../lib/gcc/arm-none-eabi/4.8.3/armv6-m/libgcc.a(_fixunssfsi.o)
                0x0000000000007cc8                __aeabi_f2uiz
                0x0000000000007cc8                __fixunssfsi
 .text          0x0000000000007cf8      0x2c8 /Users/normanpellet/.arduinocdt/packages/arduino/tools/arm-none-eabi-gcc/4.8.3-2014q1/bin/../lib/gcc/arm-none-eabi/4.8.3/armv6-m/libgcc.a(addsf3.o)
                0x0000000000007cf8                __aeabi_fadd
 .text          0x0000000000007fc0      0x24c /Users/normanpellet/.arduinocdt/packages/arduino/tools/arm-none-eabi-gcc/4.8.3-2014q1/bin/../lib/gcc/arm-none-eabi/4.8.3/armv6-m/libgcc.a(divsf3.o)
                0x0000000000007fc0                __aeabi_fdiv
 .text          0x000000000000820c       0x54 /Users/normanpellet/.arduinocdt/packages/arduino/tools/arm-none-eabi-gcc/4.8.3-2014q1/bin/../lib/gcc/arm-none-eabi/4.8.3/armv6-m/libgcc.a(eqsf2.o)
                0x000000000000820c                __nesf2
                0x000000000000820c                __eqsf2
 .text          0x0000000000008260       0x90 /Users/normanpellet/.arduinocdt/packages/arduino/tools/arm-none-eabi-gcc/4.8.3-2014q1/bin/../lib/gcc/arm-none-eabi/4.8.3/armv6-m/libgcc.a(gesf2.o)
                0x0000000000008260                __gtsf2
                0x0000000000008260                __gesf2
 .text          0x00000000000082f0       0x98 /Users/normanpellet/.arduinocdt/packages/arduino/tools/arm-none-eabi-gcc/4.8.3-2014q1/bin/../lib/gcc/arm-none-eabi/4.8.3/armv6-m/libgcc.a(lesf2.o)
                0x00000000000082f0                __lesf2
                0x00000000000082f0                __ltsf2
 .text          0x0000000000008388      0x254 /Users/normanpellet/.arduinocdt/packages/arduino/tools/arm-none-eabi-gcc/4.8.3-2014q1/bin/../lib/gcc/arm-none-eabi/4.8.3/armv6-m/libgcc.a(mulsf3.o)
                0x0000000000008388                __aeabi_fmul
 .text          0x00000000000085dc      0x2e0 /Users/normanpellet/.arduinocdt/packages/arduino/tools/arm-none-eabi-gcc/4.8.3-2014q1/bin/../lib/gcc/arm-none-eabi/4.8.3/armv6-m/libgcc.a(subsf3.o)
                0x00000000000085dc                __aeabi_fsub
 .text          0x00000000000088bc       0x40 /Users/normanpellet/.arduinocdt/packages/arduino/tools/arm-none-eabi-gcc/4.8.3-2014q1/bin/../lib/gcc/arm-none-eabi/4.8.3/armv6-m/libgcc.a(fixsfsi.o)
                0x00000000000088bc                __aeabi_f2iz
 .text          0x00000000000088fc       0xb8 /Users/normanpellet/.arduinocdt/packages/arduino/tools/arm-none-eabi-gcc/4.8.3-2014q1/bin/../lib/gcc/arm-none-eabi/4.8.3/armv6-m/libgcc.a(floatsisf.o)
                0x00000000000088fc                __aeabi_i2f
 .text          0x00000000000089b4       0xa0 /Users/normanpellet/.arduinocdt/packages/arduino/tools/arm-none-eabi-gcc/4.8.3-2014q1/bin/../lib/gcc/arm-none-eabi/4.8.3/armv6-m/libgcc.a(floatunsisf.o)
                0x00000000000089b4                __aeabi_ui2f
 .text          0x0000000000008a54      0x638 /Users/normanpellet/.arduinocdt/packages/arduino/tools/arm-none-eabi-gcc/4.8.3-2014q1/bin/../lib/gcc/arm-none-eabi/4.8.3/armv6-m/libgcc.a(adddf3.o)
                0x0000000000008a54                __aeabi_dadd
 .text          0x000000000000908c       0x94 /Users/normanpellet/.arduinocdt/packages/arduino/tools/arm-none-eabi-gcc/4.8.3-2014q1/bin/../lib/gcc/arm-none-eabi/4.8.3/armv6-m/libgcc.a(eqdf2.o)
                0x000000000000908c                __eqdf2
                0x000000000000908c                __nedf2
 .text          0x0000000000009120       0xfc /Users/normanpellet/.arduinocdt/packages/arduino/tools/arm-none-eabi-gcc/4.8.3-2014q1/bin/../lib/gcc/arm-none-eabi/4.8.3/armv6-m/libgcc.a(gedf2.o)
                0x0000000000009120                __gtdf2
                0x0000000000009120                __gedf2
 .text          0x000000000000921c       0xfc /Users/normanpellet/.arduinocdt/packages/arduino/tools/arm-none-eabi-gcc/4.8.3-2014q1/bin/../lib/gcc/arm-none-eabi/4.8.3/armv6-m/libgcc.a(ledf2.o)
                0x000000000000921c                __ltdf2
                0x000000000000921c                __ledf2
 .text          0x0000000000009318      0x520 /Users/normanpellet/.arduinocdt/packages/arduino/tools/arm-none-eabi-gcc/4.8.3-2014q1/bin/../lib/gcc/arm-none-eabi/4.8.3/armv6-m/libgcc.a(muldf3.o)
                0x0000000000009318                __aeabi_dmul
 .text          0x0000000000009838      0x654 /Users/normanpellet/.arduinocdt/packages/arduino/tools/arm-none-eabi-gcc/4.8.3-2014q1/bin/../lib/gcc/arm-none-eabi/4.8.3/armv6-m/libgcc.a(subdf3.o)
                0x0000000000009838                __aeabi_dsub
 .text          0x0000000000009e8c       0x7c /Users/normanpellet/.arduinocdt/packages/arduino/tools/arm-none-eabi-gcc/4.8.3-2014q1/bin/../lib/gcc/arm-none-eabi/4.8.3/armv6-m/libgcc.a(floatsidf.o)
                0x0000000000009e8c                __aeabi_i2d
 .text          0x0000000000009f08       0xa4 /Users/normanpellet/.arduinocdt/packages/arduino/tools/arm-none-eabi-gcc/4.8.3-2014q1/bin/../lib/gcc/arm-none-eabi/4.8.3/armv6-m/libgcc.a(extendsfdf2.o)
                0x0000000000009f08                __aeabi_f2d
 .text          0x0000000000009fac      0x118 /Users/normanpellet/.arduinocdt/packages/arduino/tools/arm-none-eabi-gcc/4.8.3-2014q1/bin/../lib/gcc/arm-none-eabi/4.8.3/armv6-m/libgcc.a(truncdfsf2.o)
                0x0000000000009fac                __aeabi_d2f
 .text          0x000000000000a0c4       0x3c /Users/normanpellet/.arduinocdt/packages/arduino/tools/arm-none-eabi-gcc/4.8.3-2014q1/bin/../lib/gcc/arm-none-eabi/4.8.3/armv6-m/libgcc.a(_clzsi2.o)
                0x000000000000a0c4                __clzsi2
 .text.__libc_init_array
                0x000000000000a100       0x4c /Users/normanpellet/.arduinocdt/packages/arduino/tools/arm-none-eabi-gcc/4.8.3-2014q1/bin/../lib/gcc/arm-none-eabi/4.8.3/../../../../arm-none-eabi/lib/armv6-m/libc_s.a(lib_a-init.o)
                0x000000000000a100                __libc_init_array
 .text.isalpha  0x000000000000a14c       0x14 /Users/normanpellet/.arduinocdt/packages/arduino/tools/arm-none-eabi-gcc/4.8.3-2014q1/bin/../lib/gcc/arm-none-eabi/4.8.3/../../../../arm-none-eabi/lib/armv6-m/libc_s.a(lib_a-isalpha.o)
                0x000000000000a14c                isalpha
 .text.isspace  0x000000000000a160       0x14 /Users/normanpellet/.arduinocdt/packages/arduino/tools/arm-none-eabi-gcc/4.8.3-2014q1/bin/../lib/gcc/arm-none-eabi/4.8.3/../../../../arm-none-eabi/lib/armv6-m/libc_s.a(lib_a-isspace.o)
                0x000000000000a160                isspace
 .text.isupper  0x000000000000a174       0x18 /Users/normanpellet/.arduinocdt/packages/arduino/tools/arm-none-eabi-gcc/4.8.3-2014q1/bin/../lib/gcc/arm-none-eabi/4.8.3/../../../../arm-none-eabi/lib/armv6-m/libc_s.a(lib_a-isupper.o)
                0x000000000000a174                isupper
 .text.malloc   0x000000000000a18c       0x14 /Users/normanpellet/.arduinocdt/packages/arduino/tools/arm-none-eabi-gcc/4.8.3-2014q1/bin/../lib/gcc/arm-none-eabi/4.8.3/../../../../arm-none-eabi/lib/armv6-m/libc_s.a(lib_a-malloc.o)
                0x000000000000a18c                malloc
 .text.free     0x000000000000a1a0       0x14 /Users/normanpellet/.arduinocdt/packages/arduino/tools/arm-none-eabi-gcc/4.8.3-2014q1/bin/../lib/gcc/arm-none-eabi/4.8.3/../../../../arm-none-eabi/lib/armv6-m/libc_s.a(lib_a-malloc.o)
                0x000000000000a1a0                free
 .text.memcmp   0x000000000000a1b4       0x1e /Users/normanpellet/.arduinocdt/packages/arduino/tools/arm-none-eabi-gcc/4.8.3-2014q1/bin/../lib/gcc/arm-none-eabi/4.8.3/../../../../arm-none-eabi/lib/armv6-m/libc_s.a(lib_a-memcmp.o)
                0x000000000000a1b4                memcmp
 .text.memcpy   0x000000000000a1d2       0x12 /Users/normanpellet/.arduinocdt/packages/arduino/tools/arm-none-eabi-gcc/4.8.3-2014q1/bin/../lib/gcc/arm-none-eabi/4.8.3/../../../../arm-none-eabi/lib/armv6-m/libc_s.a(lib_a-memcpy-stub.o)
                0x000000000000a1d2                memcpy
 .text.memset   0x000000000000a1e4       0x10 /Users/normanpellet/.arduinocdt/packages/arduino/tools/arm-none-eabi-gcc/4.8.3-2014q1/bin/../lib/gcc/arm-none-eabi/4.8.3/../../../../arm-none-eabi/lib/armv6-m/libc_s.a(lib_a-memset.o)
                0x000000000000a1e4                memset
 .text._free_r  0x000000000000a1f4       0x90 /Users/normanpellet/.arduinocdt/packages/arduino/tools/arm-none-eabi-gcc/4.8.3-2014q1/bin/../lib/gcc/arm-none-eabi/4.8.3/../../../../arm-none-eabi/lib/armv6-m/libc_s.a(lib_a-nano-freer.o)
                0x000000000000a1f4                _free_r
 .text._malloc_r
                0x000000000000a284       0xa8 /Users/normanpellet/.arduinocdt/packages/arduino/tools/arm-none-eabi-gcc/4.8.3-2014q1/bin/../lib/gcc/arm-none-eabi/4.8.3/../../../../arm-none-eabi/lib/armv6-m/libc_s.a(lib_a-nano-mallocr.o)
                0x000000000000a284                _malloc_r
 .text._sbrk_r  0x000000000000a32c       0x24 /Users/normanpellet/.arduinocdt/packages/arduino/tools/arm-none-eabi-gcc/4.8.3-2014q1/bin/../lib/gcc/arm-none-eabi/4.8.3/../../../../arm-none-eabi/lib/armv6-m/libc_s.a(lib_a-sbrkr.o)
                0x000000000000a32c                _sbrk_r
 .text.strlen   0x000000000000a350        0xe /Users/normanpellet/.arduinocdt/packages/arduino/tools/arm-none-eabi-gcc/4.8.3-2014q1/bin/../lib/gcc/arm-none-eabi/4.8.3/../../../../arm-none-eabi/lib/armv6-m/libc_s.a(lib_a-strlen.o)
                0x000000000000a350                strlen
 *fill*         0x000000000000a35e        0x2 
 .text._sbrk    0x000000000000a360       0x34 /Users/normanpellet/.arduinocdt/packages/arduino/tools/arm-none-eabi-gcc/4.8.3-2014q1/bin/../lib/gcc/arm-none-eabi/4.8.3/../../../../arm-none-eabi/lib/armv6-m/libnosys.a(sbrk.o)
                0x000000000000a360                _sbrk
 *(.init)
 .init          0x000000000000a394        0x4 /Users/normanpellet/.arduinocdt/packages/arduino/tools/arm-none-eabi-gcc/4.8.3-2014q1/bin/../lib/gcc/arm-none-eabi/4.8.3/armv6-m/crti.o
                0x000000000000a394                _init
 .init          0x000000000000a398        0x8 /Users/normanpellet/.arduinocdt/packages/arduino/tools/arm-none-eabi-gcc/4.8.3-2014q1/bin/../lib/gcc/arm-none-eabi/4.8.3/armv6-m/crtn.o
 *(.fini)
 .fini          0x000000000000a3a0        0x4 /Users/normanpellet/.arduinocdt/packages/arduino/tools/arm-none-eabi-gcc/4.8.3-2014q1/bin/../lib/gcc/arm-none-eabi/4.8.3/armv6-m/crti.o
                0x000000000000a3a0                _fini
 .fini          0x000000000000a3a4        0x8 /Users/normanpellet/.arduinocdt/packages/arduino/tools/arm-none-eabi-gcc/4.8.3-2014q1/bin/../lib/gcc/arm-none-eabi/4.8.3/armv6-m/crtn.o
 *crtbegin.o(.ctors)
 *crtbegin?.o(.ctors)
 *(EXCLUDE_FILE(*crtend.o *crtend?.o) .ctors)
 *(SORT(.ctors.*))
 *(.ctors)
 *crtbegin.o(.dtors)
 *crtbegin?.o(.dtors)
 *(EXCLUDE_FILE(*crtend.o *crtend?.o) .dtors)
 *(SORT(.dtors.*))
 *(.dtors)
 *(.rodata*)
 .rodata.str1.1
                0x000000000000a3ac       0x24 project/MPPT.cpp.o
                                         0x25 (size before relaxing)
 .rodata.str1.1
                0x000000000000a3d0      0x3e6 project/commands.cpp.o
                                        0x445 (size before relaxing)
 .rodata.str1.1
                0x0000000000000000        0x3 project/light.cpp.o
 .rodata.str1.1
                0x000000000000a7b6       0x34 project/../../../Documents/Arduino/libraries/scpiparser/scpiparser.cpp.o
                                         0x36 (size before relaxing)
 .rodata.str1.1
                0x0000000000000000        0x1 project/slave.cpp.o
 *fill*         0x000000000000a7ea        0x6 
 .rodata._ZTV7TwoWire
                0x000000000000a7f0       0x28 libraries/Wire/Wire.cpp.o
                0x000000000000a7f0                vtable for TwoWire
 .rodata.str1.1
                0x000000000000a818        0xf ./core.a(Print.cpp.o)
 *fill*         0x000000000000a827        0x1 
 .rodata._ZTV7Serial_
                0x000000000000a828       0x28 ./core.a(CDC.cpp.o)
                0x000000000000a828                vtable for Serial_
 .rodata._ZTV26DoubleBufferedEPOutHandler
                0x000000000000a850       0x18 ./core.a(USBCore.cpp.o)
                0x000000000000a850                vtable for DoubleBufferedEPOutHandler
 .rodata._ZL19STRING_MANUFACTURER
                0x000000000000a868        0xc ./core.a(USBCore.cpp.o)
 .rodata._ZL15STRING_LANGUAGE
                0x000000000000a874        0x4 ./core.a(USBCore.cpp.o)
 .rodata._ZL21USB_DeviceDescriptorB
                0x000000000000a878       0x12 ./core.a(USBCore.cpp.o)
 .rodata._ZL14STRING_PRODUCT
                0x000000000000a88a        0xd ./core.a(USBCore.cpp.o)
 *fill*         0x000000000000a897        0x1 
 .rodata.g_APinDescription
                0x000000000000a898      0x420 ./core.a(variant.cpp.o)
                0x000000000000a898                g_APinDescription
 .rodata        0x000000000000acb8       0x40 /Users/normanpellet/.arduinocdt/packages/arduino/tools/arm-none-eabi-gcc/4.8.3-2014q1/bin/../lib/gcc/arm-none-eabi/4.8.3/armv6-m/libgcc.a(divsf3.o)
 .rodata        0x000000000000acf8       0x40 /Users/normanpellet/.arduinocdt/packages/arduino/tools/arm-none-eabi-gcc/4.8.3-2014q1/bin/../lib/gcc/arm-none-eabi/4.8.3/armv6-m/libgcc.a(mulsf3.o)
 .rodata        0x000000000000ad38       0x40 /Users/normanpellet/.arduinocdt/packages/arduino/tools/arm-none-eabi-gcc/4.8.3-2014q1/bin/../lib/gcc/arm-none-eabi/4.8.3/armv6-m/libgcc.a(muldf3.o)
 .rodata.str1.1
                0x0000000000000000        0xf /Users/normanpellet/.arduinocdt/packages/arduino/tools/arm-none-eabi-gcc/4.8.3-2014q1/bin/../lib/gcc/arm-none-eabi/4.8.3/../../../../arm-none-eabi/lib/armv6-m/libc_s.a(lib_a-impure.o)
                                          0x2 (size before relaxing)
 .rodata._ctype_
                0x000000000000ad78      0x101 /Users/normanpellet/.arduinocdt/packages/arduino/tools/arm-none-eabi-gcc/4.8.3-2014q1/bin/../lib/gcc/arm-none-eabi/4.8.3/../../../../arm-none-eabi/lib/armv6-m/libc_s.a(lib_a-ctype_.o)
                0x000000000000ad78                _ctype_
 *fill*         0x000000000000ae79        0x3 
 .rodata.__sf_fake_stdin
                0x000000000000ae7c       0x20 /Users/normanpellet/.arduinocdt/packages/arduino/tools/arm-none-eabi-gcc/4.8.3-2014q1/bin/../lib/gcc/arm-none-eabi/4.8.3/../../../../arm-none-eabi/lib/armv6-m/libc_s.a(lib_a-findfp.o)
                0x000000000000ae7c                __sf_fake_stdin
 .rodata.__sf_fake_stdout
                0x000000000000ae9c       0x20 /Users/normanpellet/.arduinocdt/packages/arduino/tools/arm-none-eabi-gcc/4.8.3-2014q1/bin/../lib/gcc/arm-none-eabi/4.8.3/../../../../arm-none-eabi/lib/armv6-m/libc_s.a(lib_a-findfp.o)
                0x000000000000ae9c                __sf_fake_stdout
 .rodata.__sf_fake_stderr
                0x000000000000aebc       0x20 /Users/normanpellet/.arduinocdt/packages/arduino/tools/arm-none-eabi-gcc/4.8.3-2014q1/bin/../lib/gcc/arm-none-eabi/4.8.3/../../../../arm-none-eabi/lib/armv6-m/libc_s.a(lib_a-findfp.o)
                0x000000000000aebc                __sf_fake_stderr
 *(.eh_frame*)
 .eh_frame      0x000000000000aedc        0x0 /Users/normanpellet/.arduinocdt/packages/arduino/tools/arm-none-eabi-gcc/4.8.3-2014q1/bin/../lib/gcc/arm-none-eabi/4.8.3/armv6-m/crtbegin.o
 .eh_frame      0x000000000000aedc        0x4 /Users/normanpellet/.arduinocdt/packages/arduino/tools/arm-none-eabi-gcc/4.8.3-2014q1/bin/../lib/gcc/arm-none-eabi/4.8.3/armv6-m/crtend.o

.glue_7         0x000000000000aee0        0x0
 .glue_7        0x0000000000000000        0x0 linker stubs

.glue_7t        0x000000000000aee0        0x0
 .glue_7t       0x0000000000000000        0x0 linker stubs

.vfp11_veneer   0x000000000000aee0        0x0
 .vfp11_veneer  0x0000000000000000        0x0 linker stubs

.v4_bx          0x000000000000aee0        0x0
 .v4_bx         0x0000000000000000        0x0 linker stubs

.iplt           0x000000000000aee0        0x0
 .iplt          0x0000000000000000        0x0 /Users/normanpellet/.arduinocdt/packages/arduino/tools/arm-none-eabi-gcc/4.8.3-2014q1/bin/../lib/gcc/arm-none-eabi/4.8.3/armv6-m/crtbegin.o

.rel.dyn        0x000000000000aee0        0x0
 .rel.iplt      0x0000000000000000        0x0 /Users/normanpellet/.arduinocdt/packages/arduino/tools/arm-none-eabi-gcc/4.8.3-2014q1/bin/../lib/gcc/arm-none-eabi/4.8.3/armv6-m/crtbegin.o

.ARM.extab
 *(.ARM.extab* .gnu.linkonce.armextab.*)
                0x000000000000aee0                __exidx_start = .

.ARM.exidx
 *(.ARM.exidx* .gnu.linkonce.armexidx.*)
                0x000000000000aee0                __exidx_end = .
                0x000000000000aee0                __etext = .

.data           0x0000000020000000      0x120 load address 0x000000000000aee0
                0x0000000020000000                __data_start__ = .
 *(vtable)
 *(.data*)
 .data._ZL5ticks
                0x0000000020000000        0x4 ./core.a(Reset.cpp.o)
 .data._ZL12_usbLineInfo
                0x0000000020000004        0x8 ./core.a(CDC.cpp.o)
 .data._ZL10breakValue
                0x000000002000000c        0x4 ./core.a(CDC.cpp.o)
 .data._ZL13_cdcInterface
                0x0000000020000010       0x42 ./core.a(CDC.cpp.o)
 *fill*         0x0000000020000052        0x2 
 .data._serialPeek
                0x0000000020000054        0x4 ./core.a(CDC.cpp.o)
                0x0000000020000054                _serialPeek
 .data.EndPoints
                0x0000000020000058       0x28 ./core.a(USBCore.cpp.o)
                0x0000000020000058                EndPoints
 .data.SystemCoreClock
                0x0000000020000080        0x4 ./core.a(wiring.c.o)
                0x0000000020000080                SystemCoreClock
 .data.impure_data
                0x0000000020000084       0x60 /Users/normanpellet/.arduinocdt/packages/arduino/tools/arm-none-eabi-gcc/4.8.3-2014q1/bin/../lib/gcc/arm-none-eabi/4.8.3/../../../../arm-none-eabi/lib/armv6-m/libc_s.a(lib_a-impure.o)
 .data._impure_ptr
                0x00000000200000e4        0x4 /Users/normanpellet/.arduinocdt/packages/arduino/tools/arm-none-eabi-gcc/4.8.3-2014q1/bin/../lib/gcc/arm-none-eabi/4.8.3/../../../../arm-none-eabi/lib/armv6-m/libc_s.a(lib_a-impure.o)
                0x00000000200000e4                _impure_ptr
 .data.__ctype_ptr__
                0x00000000200000e8        0x4 /Users/normanpellet/.arduinocdt/packages/arduino/tools/arm-none-eabi-gcc/4.8.3-2014q1/bin/../lib/gcc/arm-none-eabi/4.8.3/../../../../arm-none-eabi/lib/armv6-m/libc_s.a(lib_a-ctype_.o)
                0x00000000200000e8                __ctype_ptr__
                0x00000000200000ec                . = ALIGN (0x4)
                0x00000000200000ec                PROVIDE (__preinit_array_start, .)
 *(.preinit_array)
                0x00000000200000ec                PROVIDE (__preinit_array_end, .)
                0x00000000200000ec                . = ALIGN (0x4)
                0x00000000200000ec                PROVIDE (__init_array_start, .)
 *(SORT(.init_array.*))
 *(.init_array)
 .init_array    0x00000000200000ec        0x4 /Users/normanpellet/.arduinocdt/packages/arduino/tools/arm-none-eabi-gcc/4.8.3-2014q1/bin/../lib/gcc/arm-none-eabi/4.8.3/armv6-m/crtbegin.o
 .init_array    0x00000000200000f0        0x4 project/MPPT.cpp.o
 .init_array    0x00000000200000f4        0x4 project/light.cpp.o
 .init_array    0x00000000200000f8        0x4 project/light_expander.cpp.o
 .init_array    0x00000000200000fc        0x4 project/ssr.cpp.o
 .init_array    0x0000000020000100        0x4 libraries/SPI/SPI.cpp.o
 .init_array    0x0000000020000104        0x4 libraries/Wire/Wire.cpp.o
 .init_array    0x0000000020000108        0x4 ./core.a(CDC.cpp.o)
 .init_array    0x000000002000010c        0x4 ./core.a(USBCore.cpp.o)
 .init_array    0x0000000020000110        0x4 ./core.a(variant.cpp.o)
                0x0000000020000114                PROVIDE (__init_array_end, .)
                0x0000000020000114                . = ALIGN (0x4)
                0x0000000020000114                PROVIDE (__fini_array_start, .)
 *(SORT(.fini_array.*))
 *(.fini_array)
 .fini_array    0x0000000020000114        0x4 /Users/normanpellet/.arduinocdt/packages/arduino/tools/arm-none-eabi-gcc/4.8.3-2014q1/bin/../lib/gcc/arm-none-eabi/4.8.3/armv6-m/crtbegin.o
                0x0000000020000118                PROVIDE (__fini_array_end, .)
 *(.jcr*)
 .jcr           0x0000000020000118        0x0 /Users/normanpellet/.arduinocdt/packages/arduino/tools/arm-none-eabi-gcc/4.8.3-2014q1/bin/../lib/gcc/arm-none-eabi/4.8.3/armv6-m/crtbegin.o
 .jcr           0x0000000020000118        0x4 /Users/normanpellet/.arduinocdt/packages/arduino/tools/arm-none-eabi-gcc/4.8.3-2014q1/bin/../lib/gcc/arm-none-eabi/4.8.3/armv6-m/crtend.o
                0x0000000020000120                . = ALIGN (0x10)
 *fill*         0x000000002000011c        0x4 
                0x0000000020000120                __data_end__ = .

.igot.plt       0x0000000020000120        0x0 load address 0x000000000000b000
 .igot.plt      0x0000000000000000        0x0 /Users/normanpellet/.arduinocdt/packages/arduino/tools/arm-none-eabi-gcc/4.8.3-2014q1/bin/../lib/gcc/arm-none-eabi/4.8.3/armv6-m/crtbegin.o

.bss            0x0000000020000120      0xb64 load address 0x000000000000b000
                0x0000000020000120                . = ALIGN (0x4)
                0x0000000020000120                __bss_start__ = .
 *(.bss*)
 .bss           0x0000000020000120       0x1c /Users/normanpellet/.arduinocdt/packages/arduino/tools/arm-none-eabi-gcc/4.8.3-2014q1/bin/../lib/gcc/arm-none-eabi/4.8.3/armv6-m/crtbegin.o
 .bss.statusByte
                0x000000002000013c        0x1 project/MPPT.cpp.o
                0x000000002000013c                statusByte
 *fill*         0x000000002000013d        0x3 
 .bss.WireSlave
                0x0000000020000140      0x234 project/MPPT.cpp.o
                0x0000000020000140                WireSlave
 .bss.u         0x0000000020000374        0x4 project/MPPT.cpp.o
 .bss.debug     0x0000000020000378        0x1 project/MPPT.cpp.o
                0x0000000020000378                debug
 *fill*         0x0000000020000379        0x3 
 .bss.PID_SSR1  0x000000002000037c       0x38 project/MPPT.cpp.o
                0x000000002000037c                PID_SSR1
 .bss.PID_SSR2  0x00000000200003b4       0x38 project/MPPT.cpp.o
                0x00000000200003b4                PID_SSR2
 .bss.ctx       0x00000000200003ec        0xc project/commands.cpp.o
                0x00000000200003ec                ctx
 .bss.lights    0x00000000200003f8        0xc project/light.cpp.o
                0x00000000200003f8                lights
 .bss.lightExpanders
                0x0000000020000404       0x10 project/light_expander.cpp.o
                0x0000000020000404                lightExpanders
 .bss.relays_1_8
                0x0000000020000414        0x1 project/relays.cpp.o
                0x0000000020000414                relays_1_8
 .bss.relays_ext_9_16
                0x0000000020000415        0x1 project/relays.cpp.o
                0x0000000020000415                relays_ext_9_16
 .bss.relays_gen
                0x0000000020000416        0x1 project/relays.cpp.o
                0x0000000020000416                relays_gen
 .bss.relays_ext_1_8
                0x0000000020000417        0x1 project/relays.cpp.o
                0x0000000020000417                relays_ext_1_8
 .bss.relays_9_16
                0x0000000020000418        0x1 project/relays.cpp.o
                0x0000000020000418                relays_9_16
 *fill*         0x0000000020000419        0x3 
 .bss.ssrs      0x000000002000041c        0xc project/ssr.cpp.o
                0x000000002000041c                ssrs
 .bss._ZL20DEFAULT_SPI_SETTINGS
                0x0000000020000428        0x8 libraries/SPI/SPI.cpp.o
 .bss.SPI       0x0000000020000430       0x10 libraries/SPI/SPI.cpp.o
                0x0000000020000430                SPI
 .bss.Wire      0x0000000020000440      0x234 libraries/Wire/Wire.cpp.o
                0x0000000020000440                Wire
 .bss.usb_isr   0x0000000020000674        0x4 ./core.a(cortex_handlers.c.o)
 .bss._ulTickCount
                0x0000000020000678        0x4 ./core.a(delay.c.o)
 .bss.SerialUSB
                0x000000002000067c       0x1c ./core.a(CDC.cpp.o)
                0x000000002000067c                SerialUSB
 .bss._ZL14isEndpointHalt
                0x0000000020000698        0x1 ./core.a(USBCore.cpp.o)
 .bss._pack_buffer
                0x0000000020000699      0x100 ./core.a(USBCore.cpp.o)
                0x0000000020000699                _pack_buffer
 *fill*         0x0000000020000799        0x1 
 .bss._pack_size
                0x000000002000079a        0x2 ./core.a(USBCore.cpp.o)
                0x000000002000079a                _pack_size
 .bss._ZL20LastTransmitTimedOut
                0x000000002000079c        0x7 ./core.a(USBCore.cpp.o)
 *fill*         0x00000000200007a3        0x1 
 .bss._ZL22udd_ep_in_cache_buffer
                0x00000000200007a4      0x1c0 ./core.a(USBCore.cpp.o)
 .bss._ZL23udd_ep_out_cache_buffer
                0x0000000020000964      0x1c0 ./core.a(USBCore.cpp.o)
 .bss._ZL10epHandlers
                0x0000000020000b24       0x1c ./core.a(USBCore.cpp.o)
 .bss._pack_message
                0x0000000020000b40        0x1 ./core.a(USBCore.cpp.o)
                0x0000000020000b40                _pack_message
 .bss._ZL21isRemoteWakeUpEnabled
                0x0000000020000b41        0x1 ./core.a(USBCore.cpp.o)
 .bss._dry_run  0x0000000020000b42        0x1 ./core.a(USBCore.cpp.o)
                0x0000000020000b42                _dry_run
 .bss.USBDevice
                0x0000000020000b43        0x1 ./core.a(USBCore.cpp.o)
                0x0000000020000b43                USBDevice
 .bss._usbSetInterface
                0x0000000020000b44        0x4 ./core.a(USBCore.cpp.o)
                0x0000000020000b44                _usbSetInterface
 .bss.usbd      0x0000000020000b48      0x104 ./core.a(USBCore.cpp.o)
                0x0000000020000b48                usbd
 .bss._usbConfiguration
                0x0000000020000c4c        0x4 ./core.a(USBCore.cpp.o)
                0x0000000020000c4c                _usbConfiguration
 .bss.sercom3   0x0000000020000c50        0x4 ./core.a(variant.cpp.o)
                0x0000000020000c50                sercom3
 .bss.sercom0   0x0000000020000c54        0x4 ./core.a(variant.cpp.o)
                0x0000000020000c54                sercom0
 .bss.sercom1   0x0000000020000c58        0x4 ./core.a(variant.cpp.o)
                0x0000000020000c58                sercom1
 .bss.sercom2   0x0000000020000c5c        0x4 ./core.a(variant.cpp.o)
                0x0000000020000c5c                sercom2
 .bss.sercom4   0x0000000020000c60        0x4 ./core.a(variant.cpp.o)
                0x0000000020000c60                sercom4
 .bss.sercom5   0x0000000020000c64        0x4 ./core.a(variant.cpp.o)
                0x0000000020000c64                sercom5
 .bss._ZZ12PluggableUSBvE3obj
                0x0000000020000c68        0x8 ./core.a(PluggableUSB.cpp.o)
 .bss._ZGVZ12PluggableUSBvE3obj
                0x0000000020000c70        0x4 ./core.a(PluggableUSB.cpp.o)
 .bss.__malloc_sbrk_start
                0x0000000020000c74        0x4 /Users/normanpellet/.arduinocdt/packages/arduino/tools/arm-none-eabi-gcc/4.8.3-2014q1/bin/../lib/gcc/arm-none-eabi/4.8.3/../../../../arm-none-eabi/lib/armv6-m/libc_s.a(lib_a-nano-mallocr.o)
                0x0000000020000c74                __malloc_sbrk_start
 .bss.__malloc_free_list
                0x0000000020000c78        0x4 /Users/normanpellet/.arduinocdt/packages/arduino/tools/arm-none-eabi-gcc/4.8.3-2014q1/bin/../lib/gcc/arm-none-eabi/4.8.3/../../../../arm-none-eabi/lib/armv6-m/libc_s.a(lib_a-nano-mallocr.o)
                0x0000000020000c78                __malloc_free_list
 .bss.heap_end.4243
                0x0000000020000c7c        0x4 /Users/normanpellet/.arduinocdt/packages/arduino/tools/arm-none-eabi-gcc/4.8.3-2014q1/bin/../lib/gcc/arm-none-eabi/4.8.3/../../../../arm-none-eabi/lib/armv6-m/libnosys.a(sbrk.o)
 *(COMMON)
 COMMON         0x0000000020000c80        0x4 /Users/normanpellet/.arduinocdt/packages/arduino/tools/arm-none-eabi-gcc/4.8.3-2014q1/bin/../lib/gcc/arm-none-eabi/4.8.3/../../../../arm-none-eabi/lib/armv6-m/libc_s.a(lib_a-reent.o)
                0x0000000020000c80                errno
                0x0000000020000c84                . = ALIGN (0x4)
                0x0000000020000c84                __bss_end__ = .

.heap           0x0000000020000c84        0x0
                0x0000000020000c84                __end__ = .
                0x0000000020000c84                PROVIDE (end, .)
 *(.heap*)