Archive member included because of file (symbol)

./core.a(cortex_handlers.c.o)
                              (Reset_Handler)
./core.a(delay.c.o)           ./core.a(cortex_handlers.c.o) (SysTick_DefaultHandler)
./core.a(hooks.c.o)           ./core.a(delay.c.o) (yield)
./core.a(main.cpp.o)          /Users/normanpellet/.arduinocdt/packages/arduino/tools/arm-none-eabi-gcc/4.8.3-2014q1/bin/../lib/gcc/arm-none-eabi/4.8.3/../../../../arm-none-eabi/lib/armv6-m/crt0.o (main)
./core.a(Reset.cpp.o)         ./core.a(delay.c.o) (tickReset)
./core.a(startup.c.o)         ./core.a(cortex_handlers.c.o) (SystemInit)
./core.a(USBCore.cpp.o)       ./core.a(main.cpp.o) (USBDeviceClass::init())
./core.a(wiring.c.o)          ./core.a(main.cpp.o) (init)
./core.a(wiring_analog.c.o)   ./core.a(wiring.c.o) (analogReference)
./core.a(wiring_digital.c.o)  ./core.a(USBCore.cpp.o) (pinMode)
./core.a(wiring_private.c.o)  ./core.a(wiring_analog.c.o) (pinPeripheral)
./core.a(variant.cpp.o)       ./core.a(wiring_analog.c.o) (g_apTCInstances)
./core.a(abi.cpp.o)           ./core.a(USBCore.cpp.o) (__cxa_pure_virtual)
./core.a(new.cpp.o)           ./core.a(USBCore.cpp.o) (operator new(unsigned int))
./core.a(SERCOM.cpp.o)        ./core.a(variant.cpp.o) (SERCOM::SERCOM(Sercom*))
./core.a(Uart.cpp.o)          ./core.a(variant.cpp.o) (Uart::Uart(SERCOM*, unsigned char, unsigned char, SercomRXPad, SercomUartTXPad))
./core.a(CDC.cpp.o)           ./core.a(USBCore.cpp.o) (CDC_GetInterface(unsigned char*))
./core.a(PluggableUSB.cpp.o)  ./core.a(USBCore.cpp.o) (PluggableUSB_::getInterface(unsigned char*))
./core.a(Print.cpp.o)         ./core.a(Uart.cpp.o) (Print::write(unsigned char const*, unsigned int))
/Users/normanpellet/.arduinocdt/packages/arduino/tools/arm-none-eabi-gcc/4.8.3-2014q1/bin/../lib/gcc/arm-none-eabi/4.8.3/../../../../arm-none-eabi/lib/armv6-m/libm.a(lib_a-s_fpclassify.o)
                              ./core.a(Print.cpp.o) (__fpclassifyd)
/Users/normanpellet/.arduinocdt/packages/arduino/tools/arm-none-eabi-gcc/4.8.3-2014q1/bin/../lib/gcc/arm-none-eabi/4.8.3/armv6-m/libgcc.a(_thumb1_case_uqi.o)
                              ./core.a(USBCore.cpp.o) (__gnu_thumb1_case_uqi)
/Users/normanpellet/.arduinocdt/packages/arduino/tools/arm-none-eabi-gcc/4.8.3-2014q1/bin/../lib/gcc/arm-none-eabi/4.8.3/armv6-m/libgcc.a(_udivsi3.o)
                              ./core.a(USBCore.cpp.o) (__aeabi_uidiv)
/Users/normanpellet/.arduinocdt/packages/arduino/tools/arm-none-eabi-gcc/4.8.3-2014q1/bin/../lib/gcc/arm-none-eabi/4.8.3/armv6-m/libgcc.a(_divsi3.o)
                              ./core.a(SERCOM.cpp.o) (__aeabi_idiv)
/Users/normanpellet/.arduinocdt/packages/arduino/tools/arm-none-eabi-gcc/4.8.3-2014q1/bin/../lib/gcc/arm-none-eabi/4.8.3/armv6-m/libgcc.a(_dvmd_tls.o)
                              /Users/normanpellet/.arduinocdt/packages/arduino/tools/arm-none-eabi-gcc/4.8.3-2014q1/bin/../lib/gcc/arm-none-eabi/4.8.3/armv6-m/libgcc.a(_udivsi3.o) (__aeabi_idiv0)
/Users/normanpellet/.arduinocdt/packages/arduino/tools/arm-none-eabi-gcc/4.8.3-2014q1/bin/../lib/gcc/arm-none-eabi/4.8.3/armv6-m/libgcc.a(_arm_cmpdf2.o)
                              ./core.a(Print.cpp.o) (__aeabi_dcmplt)
/Users/normanpellet/.arduinocdt/packages/arduino/tools/arm-none-eabi-gcc/4.8.3-2014q1/bin/../lib/gcc/arm-none-eabi/4.8.3/armv6-m/libgcc.a(_fixunsdfsi.o)
                              ./core.a(Print.cpp.o) (__aeabi_d2uiz)
/Users/normanpellet/.arduinocdt/packages/arduino/tools/arm-none-eabi-gcc/4.8.3-2014q1/bin/../lib/gcc/arm-none-eabi/4.8.3/armv6-m/libgcc.a(adddf3.o)
                              ./core.a(Print.cpp.o) (__aeabi_dadd)
/Users/normanpellet/.arduinocdt/packages/arduino/tools/arm-none-eabi-gcc/4.8.3-2014q1/bin/../lib/gcc/arm-none-eabi/4.8.3/armv6-m/libgcc.a(divdf3.o)
                              ./core.a(Print.cpp.o) (__aeabi_ddiv)
/Users/normanpellet/.arduinocdt/packages/arduino/tools/arm-none-eabi-gcc/4.8.3-2014q1/bin/../lib/gcc/arm-none-eabi/4.8.3/armv6-m/libgcc.a(eqdf2.o)
                              /Users/normanpellet/.arduinocdt/packages/arduino/tools/arm-none-eabi-gcc/4.8.3-2014q1/bin/../lib/gcc/arm-none-eabi/4.8.3/armv6-m/libgcc.a(_arm_cmpdf2.o) (__eqdf2)
/Users/normanpellet/.arduinocdt/packages/arduino/tools/arm-none-eabi-gcc/4.8.3-2014q1/bin/../lib/gcc/arm-none-eabi/4.8.3/armv6-m/libgcc.a(gedf2.o)
                              /Users/normanpellet/.arduinocdt/packages/arduino/tools/arm-none-eabi-gcc/4.8.3-2014q1/bin/../lib/gcc/arm-none-eabi/4.8.3/armv6-m/libgcc.a(_arm_cmpdf2.o) (__gedf2)
/Users/normanpellet/.arduinocdt/packages/arduino/tools/arm-none-eabi-gcc/4.8.3-2014q1/bin/../lib/gcc/arm-none-eabi/4.8.3/armv6-m/libgcc.a(ledf2.o)
                              /Users/normanpellet/.arduinocdt/packages/arduino/tools/arm-none-eabi-gcc/4.8.3-2014q1/bin/../lib/gcc/arm-none-eabi/4.8.3/armv6-m/libgcc.a(_arm_cmpdf2.o) (__ledf2)
[...]
Memory Configuration

Name             Origin             Length             Attributes
FLASH            0x0000000000002000 0x000000000003e000 xr
RAM              0x0000000020000000 0x0000000000008000 xrw
*default*        0x0000000000000000 0xffffffffffffffff

Linker script and memory map

LOAD /Users/normanpellet/.arduinocdt/packages/arduino/tools/arm-none-eabi-gcc/4.8.3-2014q1/bin/../lib/gcc/arm-none-eabi/4.8.3/armv6-m/crti.o
LOAD /Users/normanpellet/.arduinocdt/packages/arduino/tools/arm-none-eabi-gcc/4.8.3-2014q1/bin/../lib/gcc/arm-none-eabi/4.8.3/armv6-m/crtbegin.o
LOAD /Users/normanpellet/.arduinocdt/packages/arduino/tools/arm-none-eabi-gcc/4.8.3-2014q1/bin/../lib/gcc/arm-none-eabi/4.8.3/../../../../arm-none-eabi/lib/armv6-m/crt0.o
LOAD project/MPPT.cpp.o
START GROUP
LOAD /Users/normanpellet/.arduinocdt/packages/arduino/tools/CMSIS/4.5.0/CMSIS/Lib/GCC//libarm_cortexM0l_math.a
LOAD /Users/normanpellet/.arduinocdt/packages/arduino/tools/arm-none-eabi-gcc/4.8.3-2014q1/bin/../lib/gcc/arm-none-eabi/4.8.3/../../../../arm-none-eabi/lib/armv6-m/libm.a
LOAD ./core.a
END GROUP
START GROUP
LOAD /Users/normanpellet/.arduinocdt/packages/arduino/tools/arm-none-eabi-gcc/4.8.3-2014q1/bin/../lib/gcc/arm-none-eabi/4.8.3/armv6-m/libgcc.a
LOAD /Users/normanpellet/.arduinocdt/packages/arduino/tools/arm-none-eabi-gcc/4.8.3-2014q1/bin/../lib/gcc/arm-none-eabi/4.8.3/../../../../arm-none-eabi/lib/armv6-m/libc_s.a
END GROUP
START GROUP
LOAD /Users/normanpellet/.arduinocdt/packages/arduino/tools/arm-none-eabi-gcc/4.8.3-2014q1/bin/../lib/gcc/arm-none-eabi/4.8.3/armv6-m/libgcc.a
LOAD /Users/normanpellet/.arduinocdt/packages/arduino/tools/arm-none-eabi-gcc/4.8.3-2014q1/bin/../lib/gcc/arm-none-eabi/4.8.3/../../../../arm-none-eabi/lib/armv6-m/libc_s.a
LOAD /Users/normanpellet/.arduinocdt/packages/arduino/tools/arm-none-eabi-gcc/4.8.3-2014q1/bin/../lib/gcc/arm-none-eabi/4.8.3/../../../../arm-none-eabi/lib/armv6-m/libnosys.a
END GROUP
START GROUP
LOAD /Users/normanpellet/.arduinocdt/packages/arduino/tools/arm-none-eabi-gcc/4.8.3-2014q1/bin/../lib/gcc/arm-none-eabi/4.8.3/armv6-m/libgcc.a
LOAD /Users/normanpellet/.arduinocdt/packages/arduino/tools/arm-none-eabi-gcc/4.8.3-2014q1/bin/../lib/gcc/arm-none-eabi/4.8.3/../../../../arm-none-eabi/lib/armv6-m/libc_s.a
LOAD /Users/normanpellet/.arduinocdt/packages/arduino/tools/arm-none-eabi-gcc/4.8.3-2014q1/bin/../lib/gcc/arm-none-eabi/4.8.3/../../../../arm-none-eabi/lib/armv6-m/libnosys.a
END GROUP
LOAD /Users/normanpellet/.arduinocdt/packages/arduino/tools/arm-none-eabi-gcc/4.8.3-2014q1/bin/../lib/gcc/arm-none-eabi/4.8.3/armv6-m/crtend.o
LOAD /Users/normanpellet/.arduinocdt/packages/arduino/tools/arm-none-eabi-gcc/4.8.3-2014q1/bin/../lib/gcc/arm-none-eabi/4.8.3/armv6-m/crtn.o

.text           0x0000000000002000     0x2760
                0x0000000000002000                __text_start__ = .
 *(.sketch_boot)
                0x0000000000002000                . = ALIGN (0x2000)
 *(.isr_vector)
 .isr_vector    0x0000000000002000       0xb4 ./core.a(cortex_handlers.c.o)
                0x0000000000002000                exception_table
 *(.text*)
 .text          0x00000000000020b4       0x60 /Users/normanpellet/.arduinocdt/packages/arduino/tools/arm-none-eabi-gcc/4.8.3-2014q1/bin/../lib/gcc/arm-none-eabi/4.8.3/armv6-m/crtbegin.o
 .text.setup    0x0000000000002114        0x2 project/MPPT.cpp.o
                0x0000000000002114                setup
 .text.loop     0x0000000000002116        0x2 project/MPPT.cpp.o
                0x0000000000002116                loop
 .text.Dummy_Handler
                0x0000000000002118        0x2 ./core.a(cortex_handlers.c.o)
                0x0000000000002118                SYSCTRL_Handler
                0x0000000000002118                HardFault_Handler
                0x0000000000002118                AC_Handler
                0x0000000000002118                PendSV_Handler
                0x0000000000002118                NMI_Handler
                0x0000000000002118                TC7_Handler
                0x0000000000002118                SERCOM1_Handler
                0x0000000000002118                ADC_Handler
                0x0000000000002118                TCC1_Handler
                0x0000000000002118                SERCOM2_Handler
                0x0000000000002118                TCC0_Handler
                0x0000000000002118                RTC_Handler
                0x0000000000002118                EIC_Handler
                0x0000000000002118                TC6_Handler
                0x0000000000002118                WDT_Handler
                0x0000000000002118                TC4_Handler
                0x0000000000002118                TC3_Handler
                0x0000000000002118                Dummy_Handler
                0x0000000000002118                PM_Handler
                0x0000000000002118                SVC_Handler
                0x0000000000002118                TCC2_Handler
                0x0000000000002118                EVSYS_Handler
                0x0000000000002118                SERCOM3_Handler
                0x0000000000002118                SERCOM4_Handler
                0x0000000000002118                I2S_Handler
                0x0000000000002118                NVMCTRL_Handler
                0x0000000000002118                DAC_Handler
                0x0000000000002118                PTC_Handler
                0x0000000000002118                DMAC_Handler
 *fill*         0x000000000000211a        0x2 
 .text.USB_Handler
                0x000000000000211c       0x14 ./core.a(cortex_handlers.c.o)
                0x000000000000211c                USB_Handler
 .text.Reset_Handler
                0x0000000000002130       0x54 ./core.a(cortex_handlers.c.o)
                0x0000000000002130                Reset_Handler
 .text.SysTick_Handler
                0x0000000000002184       0x10 ./core.a(cortex_handlers.c.o)
                0x0000000000002184                SysTick_Handler
 .text.USB_SetHandler
                0x0000000000002194        0xc ./core.a(cortex_handlers.c.o)
                0x0000000000002194                USB_SetHandler
 .text.delay    0x00000000000021a0       0x20 ./core.a(delay.c.o)
                0x00000000000021a0                delay
 .text.SysTick_DefaultHandler
                0x00000000000021c0       0x14 ./core.a(delay.c.o)
                0x00000000000021c0                SysTick_DefaultHandler
 .text.__empty  0x00000000000021d4        0x2 ./core.a(hooks.c.o)
                0x00000000000021d4                yield
 .text.__false  0x00000000000021d6        0x4 ./core.a(hooks.c.o)
                0x00000000000021d6                sysTickHook
 .text._Z11initVariantv
                0x00000000000021da        0x2 ./core.a(main.cpp.o)
                0x00000000000021da                initVariant()
 .text.startup.main
                0x00000000000021dc       0x40 ./core.a(main.cpp.o)
                0x00000000000021dc                main
 .text.initiateReset
                0x000000000000221c        0xc ./core.a(Reset.cpp.o)
                0x000000000000221c                initiateReset
 .text.cancelReset
                0x0000000000002228       0x10 ./core.a(Reset.cpp.o)
                0x0000000000002228                cancelReset
 .text.tickReset
                0x0000000000002238       0x74 ./core.a(Reset.cpp.o)
                0x0000000000002238                tickReset
 .text.SystemInit
                0x00000000000022ac      0x168 ./core.a(startup.c.o)
                0x00000000000022ac                SystemInit
 .text._ZL5utox8mPc
                0x0000000000002414       0x1c ./core.a(USBCore.cpp.o)
 .text._ZN14USBDeviceClass6initEPEmm.part.4
                0x0000000000002430       0xc8 ./core.a(USBCore.cpp.o)
 .text._ZN20USBDevice_SAMD21G18x5resetEv
                0x00000000000024f8       0x28 ./core.a(USBCore.cpp.o)
                0x00000000000024f8                USBDevice_SAMD21G18x::reset()
 .text._ZN20USBDevice_SAMD21G18x9calibrateEv
                0x0000000000002520       0x5c ./core.a(USBCore.cpp.o)
                0x0000000000002520                USBDevice_SAMD21G18x::calibrate()
 .text._ZN7__GuardC2Ev
                0x000000000000257c        0xe ./core.a(USBCore.cpp.o)
                0x000000000000257c                __Guard::__Guard()
                0x000000000000257c                __Guard::__Guard()
 .text._ZN7__GuardD2Ev
                0x000000000000258a        0xe ./core.a(USBCore.cpp.o)
                0x000000000000258a                __Guard::~__Guard()
                0x000000000000258a                __Guard::~__Guard()
 .text._ZNK26DoubleBufferedEPOutHandler9availableEv
                0x0000000000002598       0x5e ./core.a(USBCore.cpp.o)
                0x0000000000002598                DoubleBufferedEPOutHandler::available() const
 *fill*         0x00000000000025f6        0x2 
 .text._ZN26DoubleBufferedEPOutHandler7releaseEv
                0x00000000000025f8       0x58 ./core.a(USBCore.cpp.o)
                0x00000000000025f8                DoubleBufferedEPOutHandler::release()
 .text._ZN26DoubleBufferedEPOutHandler4recvEPvm
                0x0000000000002650      0x11c ./core.a(USBCore.cpp.o)
                0x0000000000002650                DoubleBufferedEPOutHandler::recv(void*, unsigned long)
 .text._ZN26DoubleBufferedEPOutHandler14handleEndpointEv
                0x000000000000276c       0xc8 ./core.a(USBCore.cpp.o)
                0x000000000000276c                DoubleBufferedEPOutHandler::handleEndpoint()
 .text._ZN14USBDeviceClass14SendInterfacesEPm
                0x0000000000002834       0x2c ./core.a(USBCore.cpp.o)
                0x0000000000002834                USBDeviceClass::SendInterfaces(unsigned long*)
 .text._ZN14USBDeviceClass14handleEndpointEh
                0x0000000000002860       0x40 ./core.a(USBCore.cpp.o)
                0x0000000000002860                USBDeviceClass::handleEndpoint(unsigned char)
 .text._ZN14USBDeviceClass4initEv
                0x00000000000028a0       0xf0 ./core.a(USBCore.cpp.o)
                0x00000000000028a0                USBDeviceClass::init()
 .text._ZN14USBDeviceClass6attachEv
                0x0000000000002990       0x34 ./core.a(USBCore.cpp.o)
                0x0000000000002990                USBDeviceClass::attach()
 .text._ZN14USBDeviceClass10setAddressEm
                0x00000000000029c4       0x48 ./core.a(USBCore.cpp.o)
                0x00000000000029c4                USBDeviceClass::setAddress(unsigned long)
 .text._ZN14USBDeviceClass25handleClassInterfaceSetupER8USBSetup
                0x0000000000002a0c       0x40 ./core.a(USBCore.cpp.o)
                0x0000000000002a0c                USBDeviceClass::handleClassInterfaceSetup(USBSetup&)
 .text._ZN14USBDeviceClass6initEPEmm
                0x0000000000002a4c       0xf4 ./core.a(USBCore.cpp.o)
                0x0000000000002a4c                USBDeviceClass::initEP(unsigned long, unsigned long)
 .text._ZN14USBDeviceClass13initEndpointsEv
                0x0000000000002b40       0x24 ./core.a(USBCore.cpp.o)
                0x0000000000002b40                USBDeviceClass::initEndpoints()
 .text._ZN14USBDeviceClass9availableEm
                0x0000000000002b64       0x2c ./core.a(USBCore.cpp.o)
                0x0000000000002b64                USBDeviceClass::available(unsigned long)
 .text._ZN14USBDeviceClass5flushEm
                0x0000000000002b90       0x2c ./core.a(USBCore.cpp.o)
                0x0000000000002b90                USBDeviceClass::flush(unsigned long)
 .text._ZN14USBDeviceClass14armRecvCtrlOUTEm
                0x0000000000002bbc       0x60 ./core.a(USBCore.cpp.o)
                0x0000000000002bbc                USBDeviceClass::armRecvCtrlOUT(unsigned long)
 .text._ZN14USBDeviceClass11recvControlEPvm
                0x0000000000002c1c       0x3c ./core.a(USBCore.cpp.o)
                0x0000000000002c1c                USBDeviceClass::recvControl(void*, unsigned long)
 .text._ZN14USBDeviceClass7armRecvEm
                0x0000000000002c58       0x3c ./core.a(USBCore.cpp.o)
                0x0000000000002c58                USBDeviceClass::armRecv(unsigned long)
 .text._ZN14USBDeviceClass4recvEmPvm
                0x0000000000002c94       0xd8 ./core.a(USBCore.cpp.o)
                0x0000000000002c94                USBDeviceClass::recv(unsigned long, void*, unsigned long)
 .text._ZN14USBDeviceClass4recvEm
                0x0000000000002d6c       0x1c ./core.a(USBCore.cpp.o)
                0x0000000000002d6c                USBDeviceClass::recv(unsigned long)
 .text._ZN14USBDeviceClass4sendEmPKvm
                0x0000000000002d88      0x124 ./core.a(USBCore.cpp.o)
                0x0000000000002d88                USBDeviceClass::send(unsigned long, void const*, unsigned long)
 .text._ZN14USBDeviceClass7armSendEmPKvm
                0x0000000000002eac       0x48 ./core.a(USBCore.cpp.o)
                0x0000000000002eac                USBDeviceClass::armSend(unsigned long, void const*, unsigned long)
 .text._ZN14USBDeviceClass11sendControlEPKvm
                0x0000000000002ef4       0x58 ./core.a(USBCore.cpp.o)
                0x0000000000002ef4                USBDeviceClass::sendControl(void const*, unsigned long)
 .text._ZN14USBDeviceClass20sendStringDescriptorEPKhh
                0x0000000000002f4c       0x68 ./core.a(USBCore.cpp.o)
                0x0000000000002f4c                USBDeviceClass::sendStringDescriptor(unsigned char const*, unsigned char)
 .text._ZN14USBDeviceClass12packMessagesEb.part.6
                0x0000000000002fb4       0x20 ./core.a(USBCore.cpp.o)
 .text._ZN14USBDeviceClass17sendConfigurationEm
                0x0000000000002fd4       0x90 ./core.a(USBCore.cpp.o)
                0x0000000000002fd4                USBDeviceClass::sendConfiguration(unsigned long)
 .text._ZN14USBDeviceClass14sendDescriptorER8USBSetup
                0x0000000000003064       0xec ./core.a(USBCore.cpp.o)
                0x0000000000003064                USBDeviceClass::sendDescriptor(USBSetup&)
 .text._ZN14USBDeviceClass19handleStandardSetupER8USBSetup
                0x0000000000003150      0x118 ./core.a(USBCore.cpp.o)
                0x0000000000003150                USBDeviceClass::handleStandardSetup(USBSetup&)
 .text._ZN14USBDeviceClass10ISRHandlerEv
                0x0000000000003268      0x150 ./core.a(USBCore.cpp.o)
                0x0000000000003268                USBDeviceClass::ISRHandler()
 .text.UDD_Handler
                0x00000000000033b8       0x10 ./core.a(USBCore.cpp.o)
                0x00000000000033b8                UDD_Handler
 .text.startup._GLOBAL__sub_I__ZN20USBDevice_SAMD21G18x5resetEv
                0x00000000000033c8       0x10 ./core.a(USBCore.cpp.o)
 .text.init     0x00000000000033d8       0xf0 ./core.a(wiring.c.o)
                0x00000000000033d8                init
 .text.analogReference
                0x00000000000034c8       0x5c ./core.a(wiring_analog.c.o)
                0x00000000000034c8                analogReference
 .text.pinMode  0x0000000000003524       0xb4 ./core.a(wiring_digital.c.o)
                0x0000000000003524                pinMode
 .text.digitalWrite
                0x00000000000035d8       0x60 ./core.a(wiring_digital.c.o)
                0x00000000000035d8                digitalWrite
 .text.pinPeripheral
                0x0000000000003638       0xc4 ./core.a(wiring_private.c.o)
                0x0000000000003638                pinPeripheral
 .text.SERCOM0_Handler
                0x00000000000036fc       0x10 ./core.a(variant.cpp.o)
                0x00000000000036fc                SERCOM0_Handler
 .text.SERCOM5_Handler
                0x000000000000370c       0x10 ./core.a(variant.cpp.o)
                0x000000000000370c                SERCOM5_Handler
 .text.startup._GLOBAL__sub_I_g_APinDescription
                0x000000000000371c       0x94 ./core.a(variant.cpp.o)
 .text._Znwj    0x00000000000037b0        0x8 ./core.a(new.cpp.o)
                0x00000000000037b0                operator new(unsigned int)
 .text._ZN6SERCOMC2EP6Sercom
                0x00000000000037b8        0x4 ./core.a(SERCOM.cpp.o)
                0x00000000000037b8                SERCOM::SERCOM(Sercom*)
                0x00000000000037b8                SERCOM::SERCOM(Sercom*)
 .text._ZN6SERCOM9initFrameE18SercomUartCharSize15SercomDataOrder16SercomParityMode19SercomNumberStopBit
                0x00000000000037bc       0x38 ./core.a(SERCOM.cpp.o)
                0x00000000000037bc                SERCOM::initFrame(SercomUartCharSize, SercomDataOrder, SercomParityMode, SercomNumberStopBit)
 .text._ZN6SERCOM8initPadsE15SercomUartTXPad11SercomRXPad
                0x00000000000037f4       0x26 ./core.a(SERCOM.cpp.o)
                0x00000000000037f4                SERCOM::initPads(SercomUartTXPad, SercomRXPad)
 .text._ZN6SERCOM9resetUARTEv
                0x000000000000381a       0x1c ./core.a(SERCOM.cpp.o)
                0x000000000000381a                SERCOM::resetUART()
 .text._ZN6SERCOM10enableUARTEv
                0x0000000000003836       0x14 ./core.a(SERCOM.cpp.o)
                0x0000000000003836                SERCOM::enableUART()
 .text._ZN6SERCOM9flushUARTEv
                0x000000000000384a       0x10 ./core.a(SERCOM.cpp.o)
                0x000000000000384a                SERCOM::flushUART()
 .text._ZN6SERCOM15clearStatusUARTEv
                0x000000000000385a        0x8 ./core.a(SERCOM.cpp.o)
                0x000000000000385a                SERCOM::clearStatusUART()
 .text._ZN6SERCOM17availableDataUARTEv
                0x0000000000003862        0xa ./core.a(SERCOM.cpp.o)
                0x0000000000003862                SERCOM::availableDataUART()
 .text._ZN6SERCOM11isUARTErrorEv
                0x000000000000386c        0x8 ./core.a(SERCOM.cpp.o)
                0x000000000000386c                SERCOM::isUARTError()
 .text._ZN6SERCOM20acknowledgeUARTErrorEv
                0x0000000000003874        0xe ./core.a(SERCOM.cpp.o)
                0x0000000000003874                SERCOM::acknowledgeUARTError()
 .text._ZN6SERCOM23isDataRegisterEmptyUARTEv
                0x0000000000003882        0xa ./core.a(SERCOM.cpp.o)
                0x0000000000003882                SERCOM::isDataRegisterEmptyUART()
 .text._ZN6SERCOM12readDataUARTEv
                0x000000000000388c        0x8 ./core.a(SERCOM.cpp.o)
                0x000000000000388c                SERCOM::readDataUART()
 .text._ZN6SERCOM13writeDataUARTEh
                0x0000000000003894        0xe ./core.a(SERCOM.cpp.o)
                0x0000000000003894                SERCOM::writeDataUART(unsigned char)
 .text._ZN6SERCOM36enableDataRegisterEmptyInterruptUARTEv
                0x00000000000038a2        0x8 ./core.a(SERCOM.cpp.o)
                0x00000000000038a2                SERCOM::enableDataRegisterEmptyInterruptUART()
 .text._ZN6SERCOM37disableDataRegisterEmptyInterruptUARTEv
                0x00000000000038aa        0x8 ./core.a(SERCOM.cpp.o)
                0x00000000000038aa                SERCOM::disableDataRegisterEmptyInterruptUART()
 *fill*         0x00000000000038b2        0x2 
 .text._ZN6SERCOM13initClockNVICEv
                0x00000000000038b4       0xac ./core.a(SERCOM.cpp.o)
                0x00000000000038b4                SERCOM::initClockNVIC()
 .text._ZN6SERCOM8initUARTE14SercomUartMode20SercomUartSampleRatem
                0x0000000000003960       0x6c ./core.a(SERCOM.cpp.o)
                0x0000000000003960                SERCOM::initUART(SercomUartMode, SercomUartSampleRate, unsigned long)
 .text._ZN4UartcvbEv
                0x00000000000039cc        0x4 ./core.a(Uart.cpp.o)
                0x00000000000039cc                Uart::operator bool()
 .text._ZN4Uart5beginEm
                0x00000000000039d0       0x10 ./core.a(Uart.cpp.o)
                0x00000000000039d0                Uart::begin(unsigned long)
 .text._ZN4Uart4peekEv
                0x00000000000039e0       0x16 ./core.a(Uart.cpp.o)
                0x00000000000039e0                Uart::peek()
 .text._ZN4Uart3endEv
                0x00000000000039f6       0x1c ./core.a(Uart.cpp.o)
                0x00000000000039f6                Uart::end()
 *fill*         0x0000000000003a12        0x2 
 .text._ZN4UartC2EP6SERCOMhh11SercomRXPad15SercomUartTXPadhh
                0x0000000000003a14       0x7c ./core.a(Uart.cpp.o)
                0x0000000000003a14                Uart::Uart(SERCOM*, unsigned char, unsigned char, SercomRXPad, SercomUartTXPad, unsigned char, unsigned char)
                0x0000000000003a14                Uart::Uart(SERCOM*, unsigned char, unsigned char, SercomRXPad, SercomUartTXPad, unsigned char, unsigned char)
 .text._ZN4UartC2EP6SERCOMhh11SercomRXPad15SercomUartTXPad
                0x0000000000003a90       0x24 ./core.a(Uart.cpp.o)
                0x0000000000003a90                Uart::Uart(SERCOM*, unsigned char, unsigned char, SercomRXPad, SercomUartTXPad)
                0x0000000000003a90                Uart::Uart(SERCOM*, unsigned char, unsigned char, SercomRXPad, SercomUartTXPad)
 .text._ZN4Uart16extractNbStopBitEt
                0x0000000000003ab4        0xe ./core.a(Uart.cpp.o)
                0x0000000000003ab4                Uart::extractNbStopBit(unsigned short)
 .text._ZN4Uart15extractCharSizeEt
                0x0000000000003ac2       0x2c ./core.a(Uart.cpp.o)
                0x0000000000003ac2                Uart::extractCharSize(unsigned short)
 .text._ZN4Uart13extractParityEt
                0x0000000000003aee       0x18 ./core.a(Uart.cpp.o)
                0x0000000000003aee                Uart::extractParity(unsigned short)
 *fill*         0x0000000000003b06        0x2 
 .text._ZN4Uart5beginEmt
                0x0000000000003b08       0xf4 ./core.a(Uart.cpp.o)
                0x0000000000003b08                Uart::begin(unsigned long, unsigned short)
 .text._ZN11RingBufferNILi64EE9availableEv
                0x0000000000003bfc        0xc ./core.a(Uart.cpp.o)
                0x0000000000003bfc                RingBufferN<64>::available()
 .text._ZN4Uart5flushEv
                0x0000000000003c08       0x18 ./core.a(Uart.cpp.o)
                0x0000000000003c08                Uart::flush()
 .text._ZN4Uart9availableEv
                0x0000000000003c20        0xa ./core.a(Uart.cpp.o)
                0x0000000000003c20                Uart::available()
 .text._ZN11RingBufferNILi64EE17availableForStoreEv
                0x0000000000003c2a       0x1c ./core.a(Uart.cpp.o)
                0x0000000000003c2a                RingBufferN<64>::availableForStore()
 .text._ZN4Uart17availableForWriteEv
                0x0000000000003c46        0xa ./core.a(Uart.cpp.o)
                0x0000000000003c46                Uart::availableForWrite()
 .text._ZN4Uart10IrqHandlerEv
                0x0000000000003c50       0xb2 ./core.a(Uart.cpp.o)
                0x0000000000003c50                Uart::IrqHandler()
 *fill*         0x0000000000003d02        0x2 
 .text._ZN4Uart5writeEh
                0x0000000000003d04       0xb8 ./core.a(Uart.cpp.o)
                0x0000000000003d04                Uart::write(unsigned char)
 .text._ZN4Uart4readEv
                0x0000000000003dbc       0x48 ./core.a(Uart.cpp.o)
                0x0000000000003dbc                Uart::read()
 .text._ZN7Serial_17availableForWriteEv
                0x0000000000003e04        0x4 ./core.a(CDC.cpp.o)
                0x0000000000003e04                Serial_::availableForWrite()
 .text._ZN7Serial_5writeEh
                0x0000000000003e08       0x14 ./core.a(CDC.cpp.o)
                0x0000000000003e08                Serial_::write(unsigned char)
 .text._ZN7Serial_9availableEv
                0x0000000000003e1c        0xc ./core.a(CDC.cpp.o)
                0x0000000000003e1c                Serial_::available()
 .text._ZN7Serial_5flushEv
                0x0000000000003e28        0xc ./core.a(CDC.cpp.o)
                0x0000000000003e28                Serial_::flush()
 .text._ZN7Serial_5writeEPKhj
                0x0000000000003e34       0x1c ./core.a(CDC.cpp.o)
                0x0000000000003e34                Serial_::write(unsigned char const*, unsigned int)
 .text._ZN7Serial_4peekEv
                0x0000000000003e50       0x1c ./core.a(CDC.cpp.o)
                0x0000000000003e50                Serial_::peek()
 .text._ZN7Serial_4readEv
                0x0000000000003e6c       0x24 ./core.a(CDC.cpp.o)
                0x0000000000003e6c                Serial_::read()
 .text._Z16CDC_GetInterfacePh
                0x0000000000003e90       0x1c ./core.a(CDC.cpp.o)
                0x0000000000003e90                CDC_GetInterface(unsigned char*)
 .text._Z9CDC_SetupR8USBSetup
                0x0000000000003eac       0x80 ./core.a(CDC.cpp.o)
                0x0000000000003eac                CDC_Setup(USBSetup&)
 .text.startup._GLOBAL__sub_I__Z17_CDC_GetInterfacev
                0x0000000000003f2c       0x28 ./core.a(CDC.cpp.o)
 .text._ZN13PluggableUSB_12getInterfaceEPh
                0x0000000000003f54       0x2a ./core.a(PluggableUSB.cpp.o)
                0x0000000000003f54                PluggableUSB_::getInterface(unsigned char*)
 .text._ZN13PluggableUSB_13getDescriptorER8USBSetup
                0x0000000000003f7e       0x20 ./core.a(PluggableUSB.cpp.o)
                0x0000000000003f7e                PluggableUSB_::getDescriptor(USBSetup&)
 .text._ZN13PluggableUSB_12getShortNameEPc
                0x0000000000003f9e       0x1e ./core.a(PluggableUSB.cpp.o)
                0x0000000000003f9e                PluggableUSB_::getShortName(char*)
 .text._ZN13PluggableUSB_5setupER8USBSetup
                0x0000000000003fbc       0x24 ./core.a(PluggableUSB.cpp.o)
                0x0000000000003fbc                PluggableUSB_::setup(USBSetup&)
 .text._Z12PluggableUSBv
                0x0000000000003fe0       0x24 ./core.a(PluggableUSB.cpp.o)
                0x0000000000003fe0                PluggableUSB()
 .text._ZN5Print5writeEPKhj
                0x0000000000004004       0x28 ./core.a(Print.cpp.o)
                0x0000000000004004                Print::write(unsigned char const*, unsigned int)
 .text          0x000000000000402c       0x14 /Users/normanpellet/.arduinocdt/packages/arduino/tools/arm-none-eabi-gcc/4.8.3-2014q1/bin/../lib/gcc/arm-none-eabi/4.8.3/armv6-m/libgcc.a(_thumb1_case_uqi.o)
                0x000000000000402c                __gnu_thumb1_case_uqi
 .text          0x0000000000004040       0x9c /Users/normanpellet/.arduinocdt/packages/arduino/tools/arm-none-eabi-gcc/4.8.3-2014q1/bin/../lib/gcc/arm-none-eabi/4.8.3/armv6-m/libgcc.a(_udivsi3.o)
                0x0000000000004040                __udivsi3
                0x0000000000004040                __aeabi_uidiv
                0x00000000000040c8                __aeabi_uidivmod
 .text          0x00000000000040dc        0x4 /Users/normanpellet/.arduinocdt/packages/arduino/tools/arm-none-eabi-gcc/4.8.3-2014q1/bin/../lib/gcc/arm-none-eabi/4.8.3/armv6-m/libgcc.a(_dvmd_tls.o)
                0x00000000000040dc                __aeabi_ldiv0
                0x00000000000040dc                __aeabi_idiv0
 .text.__libc_init_array
                0x00000000000040e0       0x4c /Users/normanpellet/.arduinocdt/packages/arduino/tools/arm-none-eabi-gcc/4.8.3-2014q1/bin/../lib/gcc/arm-none-eabi/4.8.3/../../../../arm-none-eabi/lib/armv6-m/libc_s.a(lib_a-init.o)
                0x00000000000040e0                __libc_init_array
 .text.malloc   0x000000000000412c       0x14 /Users/normanpellet/.arduinocdt/packages/arduino/tools/arm-none-eabi-gcc/4.8.3-2014q1/bin/../lib/gcc/arm-none-eabi/4.8.3/../../../../arm-none-eabi/lib/armv6-m/libc_s.a(lib_a-malloc.o)
                0x000000000000412c                malloc
 .text.memcpy   0x0000000000004140       0x12 /Users/normanpellet/.arduinocdt/packages/arduino/tools/arm-none-eabi-gcc/4.8.3-2014q1/bin/../lib/gcc/arm-none-eabi/4.8.3/../../../../arm-none-eabi/lib/armv6-m/libc_s.a(lib_a-memcpy-stub.o)
                0x0000000000004140                memcpy
 .text.memset   0x0000000000004152       0x10 /Users/normanpellet/.arduinocdt/packages/arduino/tools/arm-none-eabi-gcc/4.8.3-2014q1/bin/../lib/gcc/arm-none-eabi/4.8.3/../../../../arm-none-eabi/lib/armv6-m/libc_s.a(lib_a-memset.o)
                0x0000000000004152                memset
 *fill*         0x0000000000004162        0x2 
 .text._malloc_r
                0x0000000000004164       0xa8 /Users/normanpellet/.arduinocdt/packages/arduino/tools/arm-none-eabi-gcc/4.8.3-2014q1/bin/../lib/gcc/arm-none-eabi/4.8.3/../../../../arm-none-eabi/lib/armv6-m/libc_s.a(lib_a-nano-mallocr.o)
                0x0000000000004164                _malloc_r
 .text._sbrk_r  0x000000000000420c       0x24 /Users/normanpellet/.arduinocdt/packages/arduino/tools/arm-none-eabi-gcc/4.8.3-2014q1/bin/../lib/gcc/arm-none-eabi/4.8.3/../../../../arm-none-eabi/lib/armv6-m/libc_s.a(lib_a-sbrkr.o)
                0x000000000000420c                _sbrk_r
 .text.strlen   0x0000000000004230        0xe /Users/normanpellet/.arduinocdt/packages/arduino/tools/arm-none-eabi-gcc/4.8.3-2014q1/bin/../lib/gcc/arm-none-eabi/4.8.3/../../../../arm-none-eabi/lib/armv6-m/libc_s.a(lib_a-strlen.o)
                0x0000000000004230                strlen
 *fill*         0x000000000000423e        0x2 
 .text._sbrk    0x0000000000004240       0x34 /Users/normanpellet/.arduinocdt/packages/arduino/tools/arm-none-eabi-gcc/4.8.3-2014q1/bin/../lib/gcc/arm-none-eabi/4.8.3/../../../../arm-none-eabi/lib/armv6-m/libnosys.a(sbrk.o)
                0x0000000000004240                _sbrk
 *(.init)
 .init          0x0000000000004274        0x4 /Users/normanpellet/.arduinocdt/packages/arduino/tools/arm-none-eabi-gcc/4.8.3-2014q1/bin/../lib/gcc/arm-none-eabi/4.8.3/armv6-m/crti.o
                0x0000000000004274                _init
 .init          0x0000000000004278        0x8 /Users/normanpellet/.arduinocdt/packages/arduino/tools/arm-none-eabi-gcc/4.8.3-2014q1/bin/../lib/gcc/arm-none-eabi/4.8.3/armv6-m/crtn.o
 *(.fini)
 .fini          0x0000000000004280        0x4 /Users/normanpellet/.arduinocdt/packages/arduino/tools/arm-none-eabi-gcc/4.8.3-2014q1/bin/../lib/gcc/arm-none-eabi/4.8.3/armv6-m/crti.o
                0x0000000000004280                _fini
 .fini          0x0000000000004284        0x8 /Users/normanpellet/.arduinocdt/packages/arduino/tools/arm-none-eabi-gcc/4.8.3-2014q1/bin/../lib/gcc/arm-none-eabi/4.8.3/armv6-m/crtn.o
 *crtbegin.o(.ctors)
 *crtbegin?.o(.ctors)
 *(EXCLUDE_FILE(*crtend.o *crtend?.o) .ctors)
 *(SORT(.ctors.*))
 *(.ctors)
 *crtbegin.o(.dtors)
 *crtbegin?.o(.dtors)
 *(EXCLUDE_FILE(*crtend.o *crtend?.o) .dtors)
 *(SORT(.dtors.*))
 *(.dtors)
 *(.rodata*)
 *fill*         0x000000000000428c        0x4 
 .rodata._ZTV26DoubleBufferedEPOutHandler
                0x0000000000004290       0x18 ./core.a(USBCore.cpp.o)
                0x0000000000004290                vtable for DoubleBufferedEPOutHandler
 .rodata._ZL19STRING_MANUFACTURER
                0x00000000000042a8        0xc ./core.a(USBCore.cpp.o)
 .rodata._ZL15STRING_LANGUAGE
                0x00000000000042b4        0x4 ./core.a(USBCore.cpp.o)
 .rodata._ZL21USB_DeviceDescriptorB
                0x00000000000042b8       0x12 ./core.a(USBCore.cpp.o)
 .rodata._ZL14STRING_PRODUCT
                0x00000000000042ca        0xd ./core.a(USBCore.cpp.o)
 *fill*         0x00000000000042d7        0x1 
 .rodata.g_APinDescription
                0x00000000000042d8      0x420 ./core.a(variant.cpp.o)
                0x00000000000042d8                g_APinDescription
 .rodata._ZTV4Uart
                0x00000000000046f8       0x38 ./core.a(Uart.cpp.o)
                0x00000000000046f8                vtable for Uart
 .rodata._ZTV7Serial_
                0x0000000000004730       0x28 ./core.a(CDC.cpp.o)
                0x0000000000004730                vtable for Serial_
 .rodata.str1.1
                0x0000000000004758        0x2 /Users/normanpellet/.arduinocdt/packages/arduino/tools/arm-none-eabi-gcc/4.8.3-2014q1/bin/../lib/gcc/arm-none-eabi/4.8.3/../../../../arm-none-eabi/lib/armv6-m/libc_s.a(lib_a-impure.o)
 *(.eh_frame*)
 *fill*         0x000000000000475a        0x2 
 .eh_frame      0x000000000000475c        0x0 /Users/normanpellet/.arduinocdt/packages/arduino/tools/arm-none-eabi-gcc/4.8.3-2014q1/bin/../lib/gcc/arm-none-eabi/4.8.3/armv6-m/crtbegin.o
 .eh_frame      0x000000000000475c        0x4 /Users/normanpellet/.arduinocdt/packages/arduino/tools/arm-none-eabi-gcc/4.8.3-2014q1/bin/../lib/gcc/arm-none-eabi/4.8.3/armv6-m/crtend.o

.glue_7         0x0000000000004760        0x0
 .glue_7        0x0000000000000000        0x0 linker stubs

.glue_7t        0x0000000000004760        0x0
 .glue_7t       0x0000000000000000        0x0 linker stubs

.vfp11_veneer   0x0000000000004760        0x0
 .vfp11_veneer  0x0000000000000000        0x0 linker stubs

.v4_bx          0x0000000000004760        0x0
 .v4_bx         0x0000000000000000        0x0 linker stubs

.iplt           0x0000000000004760        0x0
 .iplt          0x0000000000000000        0x0 /Users/normanpellet/.arduinocdt/packages/arduino/tools/arm-none-eabi-gcc/4.8.3-2014q1/bin/../lib/gcc/arm-none-eabi/4.8.3/armv6-m/crtbegin.o

.rel.dyn        0x0000000000004760        0x0
 .rel.iplt      0x0000000000000000        0x0 /Users/normanpellet/.arduinocdt/packages/arduino/tools/arm-none-eabi-gcc/4.8.3-2014q1/bin/../lib/gcc/arm-none-eabi/4.8.3/armv6-m/crtbegin.o

.ARM.extab
 *(.ARM.extab* .gnu.linkonce.armextab.*)
                0x0000000000004760                __exidx_start = .

.ARM.exidx
 *(.ARM.exidx* .gnu.linkonce.armexidx.*)
                0x0000000000004760                __exidx_end = .
                0x0000000000004760                __etext = .

.data           0x0000000020000000      0x100 load address 0x0000000000004760
                0x0000000020000000                __data_start__ = .
 *(vtable)
 *(.data*)
 .data._ZL5ticks
                0x0000000020000000        0x4 ./core.a(Reset.cpp.o)
 .data.EndPoints
                0x0000000020000004       0x28 ./core.a(USBCore.cpp.o)
                0x0000000020000004                EndPoints
 .data.SystemCoreClock
                0x000000002000002c        0x4 ./core.a(wiring.c.o)
                0x000000002000002c                SystemCoreClock
 .data._ZL12_usbLineInfo
                0x0000000020000030        0x8 ./core.a(CDC.cpp.o)
 .data._ZL10breakValue
                0x0000000020000038        0x4 ./core.a(CDC.cpp.o)
 .data._ZL13_cdcInterface
                0x000000002000003c       0x42 ./core.a(CDC.cpp.o)
 *fill*         0x000000002000007e        0x2 
 .data._serialPeek
                0x0000000020000080        0x4 ./core.a(CDC.cpp.o)
                0x0000000020000080                _serialPeek
 .data.impure_data
                0x0000000020000084       0x60 /Users/normanpellet/.arduinocdt/packages/arduino/tools/arm-none-eabi-gcc/4.8.3-2014q1/bin/../lib/gcc/arm-none-eabi/4.8.3/../../../../arm-none-eabi/lib/armv6-m/libc_s.a(lib_a-impure.o)
 .data._impure_ptr
                0x00000000200000e4        0x4 /Users/normanpellet/.arduinocdt/packages/arduino/tools/arm-none-eabi-gcc/4.8.3-2014q1/bin/../lib/gcc/arm-none-eabi/4.8.3/../../../../arm-none-eabi/lib/armv6-m/libc_s.a(lib_a-impure.o)
                0x00000000200000e4                _impure_ptr
                0x00000000200000e8                . = ALIGN (0x4)
                0x00000000200000e8                PROVIDE (__preinit_array_start, .)
 *(.preinit_array)
                0x00000000200000e8                PROVIDE (__preinit_array_end, .)
                0x00000000200000e8                . = ALIGN (0x4)
                0x00000000200000e8                PROVIDE (__init_array_start, .)
 *(SORT(.init_array.*))
 *(.init_array)
 .init_array    0x00000000200000e8        0x4 /Users/normanpellet/.arduinocdt/packages/arduino/tools/arm-none-eabi-gcc/4.8.3-2014q1/bin/../lib/gcc/arm-none-eabi/4.8.3/armv6-m/crtbegin.o
 .init_array    0x00000000200000ec        0x4 ./core.a(USBCore.cpp.o)
 .init_array    0x00000000200000f0        0x4 ./core.a(variant.cpp.o)
 .init_array    0x00000000200000f4        0x4 ./core.a(CDC.cpp.o)
                0x00000000200000f8                PROVIDE (__init_array_end, .)
                0x00000000200000f8                . = ALIGN (0x4)
                0x00000000200000f8                PROVIDE (__fini_array_start, .)
 *(SORT(.fini_array.*))
 *(.fini_array)
 .fini_array    0x00000000200000f8        0x4 /Users/normanpellet/.arduinocdt/packages/arduino/tools/arm-none-eabi-gcc/4.8.3-2014q1/bin/../lib/gcc/arm-none-eabi/4.8.3/armv6-m/crtbegin.o
                0x00000000200000fc                PROVIDE (__fini_array_end, .)
 *(.jcr*)
 .jcr           0x00000000200000fc        0x0 /Users/normanpellet/.arduinocdt/packages/arduino/tools/arm-none-eabi-gcc/4.8.3-2014q1/bin/../lib/gcc/arm-none-eabi/4.8.3/armv6-m/crtbegin.o
 .jcr           0x00000000200000fc        0x4 /Users/normanpellet/.arduinocdt/packages/arduino/tools/arm-none-eabi-gcc/4.8.3-2014q1/bin/../lib/gcc/arm-none-eabi/4.8.3/armv6-m/crtend.o
                0x0000000020000100                . = ALIGN (0x10)
                0x0000000020000100                __data_end__ = .

.igot.plt       0x0000000020000100        0x0 load address 0x0000000000004860
 .igot.plt      0x0000000000000000        0x0 /Users/normanpellet/.arduinocdt/packages/arduino/tools/arm-none-eabi-gcc/4.8.3-2014q1/bin/../lib/gcc/arm-none-eabi/4.8.3/armv6-m/crtbegin.o

.bss            0x0000000020000100      0x7ac load address 0x0000000000004860
                0x0000000020000100                . = ALIGN (0x4)
                0x0000000020000100                __bss_start__ = .
 *(.bss*)
 .bss           0x0000000020000100       0x1c /Users/normanpellet/.arduinocdt/packages/arduino/tools/arm-none-eabi-gcc/4.8.3-2014q1/bin/../lib/gcc/arm-none-eabi/4.8.3/armv6-m/crtbegin.o
 .bss.usb_isr   0x000000002000011c        0x4 ./core.a(cortex_handlers.c.o)
 .bss._ulTickCount
                0x0000000020000120        0x4 ./core.a(delay.c.o)
 .bss._ZL14isEndpointHalt
                0x0000000020000124        0x1 ./core.a(USBCore.cpp.o)
 .bss._pack_buffer
                0x0000000020000125      0x100 ./core.a(USBCore.cpp.o)
                0x0000000020000125                _pack_buffer
 *fill*         0x0000000020000225        0x1 
 .bss._pack_size
                0x0000000020000226        0x2 ./core.a(USBCore.cpp.o)
                0x0000000020000226                _pack_size
 .bss._ZL20LastTransmitTimedOut
                0x0000000020000228        0x7 ./core.a(USBCore.cpp.o)
 *fill*         0x000000002000022f        0x1 
 .bss._ZL22udd_ep_in_cache_buffer
                0x0000000020000230      0x1c0 ./core.a(USBCore.cpp.o)
 .bss._ZL10txLEDPulse
                0x00000000200003f0        0x1 ./core.a(USBCore.cpp.o)
 *fill*         0x00000000200003f1        0x3 
 .bss._ZL23udd_ep_out_cache_buffer
                0x00000000200003f4      0x1c0 ./core.a(USBCore.cpp.o)
 .bss._ZL10epHandlers
                0x00000000200005b4       0x1c ./core.a(USBCore.cpp.o)
 .bss._pack_message
                0x00000000200005d0        0x1 ./core.a(USBCore.cpp.o)
                0x00000000200005d0                _pack_message
 .bss._ZL21isRemoteWakeUpEnabled
                0x00000000200005d1        0x1 ./core.a(USBCore.cpp.o)
 .bss._dry_run  0x00000000200005d2        0x1 ./core.a(USBCore.cpp.o)
                0x00000000200005d2                _dry_run
 .bss.USBDevice
                0x00000000200005d3        0x1 ./core.a(USBCore.cpp.o)
                0x00000000200005d3                USBDevice
 .bss._usbSetInterface
                0x00000000200005d4        0x4 ./core.a(USBCore.cpp.o)
                0x00000000200005d4                _usbSetInterface
 .bss._ZL10rxLEDPulse
                0x00000000200005d8        0x1 ./core.a(USBCore.cpp.o)
 *fill*         0x00000000200005d9        0x3 
 .bss.usbd      0x00000000200005dc      0x104 ./core.a(USBCore.cpp.o)
                0x00000000200005dc                usbd
 .bss._usbConfiguration
                0x00000000200006e0        0x4 ./core.a(USBCore.cpp.o)
                0x00000000200006e0                _usbConfiguration
 .bss.Serial    0x00000000200006e4       0xbc ./core.a(variant.cpp.o)
                0x00000000200006e4                Serial
 .bss.Serial1   0x00000000200007a0       0xbc ./core.a(variant.cpp.o)
                0x00000000200007a0                Serial1
 .bss.sercom3   0x000000002000085c        0x4 ./core.a(variant.cpp.o)
                0x000000002000085c                sercom3
 .bss.sercom0   0x0000000020000860        0x4 ./core.a(variant.cpp.o)
                0x0000000020000860                sercom0
 .bss.sercom1   0x0000000020000864        0x4 ./core.a(variant.cpp.o)
                0x0000000020000864                sercom1
 .bss.sercom2   0x0000000020000868        0x4 ./core.a(variant.cpp.o)
                0x0000000020000868                sercom2
 .bss.sercom4   0x000000002000086c        0x4 ./core.a(variant.cpp.o)
                0x000000002000086c                sercom4
 .bss.sercom5   0x0000000020000870        0x4 ./core.a(variant.cpp.o)
                0x0000000020000870                sercom5
 .bss.SerialUSB
                0x0000000020000874       0x1c ./core.a(CDC.cpp.o)
                0x0000000020000874                SerialUSB
 .bss._ZZ12PluggableUSBvE3obj
                0x0000000020000890        0x8 ./core.a(PluggableUSB.cpp.o)
 .bss._ZGVZ12PluggableUSBvE3obj
                0x0000000020000898        0x4 ./core.a(PluggableUSB.cpp.o)
 .bss.__malloc_sbrk_start
                0x000000002000089c        0x4 /Users/normanpellet/.arduinocdt/packages/arduino/tools/arm-none-eabi-gcc/4.8.3-2014q1/bin/../lib/gcc/arm-none-eabi/4.8.3/../../../../arm-none-eabi/lib/armv6-m/libc_s.a(lib_a-nano-mallocr.o)
                0x000000002000089c                __malloc_sbrk_start
 .bss.__malloc_free_list
                0x00000000200008a0        0x4 /Users/normanpellet/.arduinocdt/packages/arduino/tools/arm-none-eabi-gcc/4.8.3-2014q1/bin/../lib/gcc/arm-none-eabi/4.8.3/../../../../arm-none-eabi/lib/armv6-m/libc_s.a(lib_a-nano-mallocr.o)
                0x00000000200008a0                __malloc_free_list
 .bss.heap_end.4243
                0x00000000200008a4        0x4 /Users/normanpellet/.arduinocdt/packages/arduino/tools/arm-none-eabi-gcc/4.8.3-2014q1/bin/../lib/gcc/arm-none-eabi/4.8.3/../../../../arm-none-eabi/lib/armv6-m/libnosys.a(sbrk.o)
 *(COMMON)
 COMMON         0x00000000200008a8        0x4 /Users/normanpellet/.arduinocdt/packages/arduino/tools/arm-none-eabi-gcc/4.8.3-2014q1/bin/../lib/gcc/arm-none-eabi/4.8.3/../../../../arm-none-eabi/lib/armv6-m/libc_s.a(lib_a-reent.o)
                0x00000000200008a8                errno
                0x00000000200008ac                . = ALIGN (0x4)
                0x00000000200008ac                __bss_end__ = .

.heap           0x00000000200008ac        0x0
                0x00000000200008ac                __end__ = .
                0x00000000200008ac                PROVIDE (end, .)
 *(.heap*)
                0x00000000200008ac                __HeapLimit = .

.stack_dummy    0x00000000200008ac        0x0
 *(.stack*)
                0x0000000020008000                __StackTop = (ORIGIN (RAM) + 0x8000)
                0x0000000020008000                __StackLimit = (__StackTop - SIZEOF (.stack_dummy))
                0x0000000020008000                PROVIDE (__stack, __StackTop)
                0x0000000020007fff                __ram_end__ = ((ORIGIN (RAM) + 0x8000) - 0x1)
                0x0000000000000001                ASSERT ((__StackLimit >= __HeapLimit), region RAM overflowed with stack)
OUTPUT(./MPPT.elf elf32-littlearm)

.ARM.attributes
                0x0000000000000000       0x28
 .ARM.attributes
                0x0000000000000000       0x1e /Users/normanpellet/.arduinocdt/packages/arduino/tools/arm-none-eabi-gcc/4.8.3-2014q1/bin/../lib/gcc/arm-none-eabi/4.8.3/armv6-m/crti.o
 .ARM.attributes
                0x000000000000001e       0x2c /Users/normanpellet/.arduinocdt/packages/arduino/tools/arm-none-eabi-gcc/4.8.3-2014q1/bin/../lib/gcc/arm-none-eabi/4.8.3/armv6-m/crtbegin.o
 .ARM.attributes
                0x000000000000004a       0x32 project/MPPT.cpp.o
 .ARM.attributes
                0x000000000000007c       0x32 ./core.a(cortex_handlers.c.o)
 .ARM.attributes
                0x00000000000000ae       0x32 ./core.a(delay.c.o)
 .ARM.attributes
                0x00000000000000e0       0x32 ./core.a(hooks.c.o)
 .ARM.attributes
                0x0000000000000112       0x32 ./core.a(main.cpp.o)
 .ARM.attributes
                0x0000000000000144       0x32 ./core.a(Reset.cpp.o)
 .ARM.attributes
                0x0000000000000176       0x32 ./core.a(startup.c.o)
 .ARM.attributes
                0x00000000000001a8       0x32 ./core.a(USBCore.cpp.o)
 .ARM.attributes
                0x00000000000001da       0x32 ./core.a(wiring.c.o)
 .ARM.attributes
                0x000000000000020c       0x32 ./core.a(wiring_analog.c.o)
 .ARM.attributes
                0x000000000000023e       0x32 ./core.a(wiring_digital.c.o)
 .ARM.attributes
                0x0000000000000270       0x32 ./core.a(wiring_private.c.o)
 .ARM.attributes
                0x00000000000002a2       0x32 ./core.a(variant.cpp.o)
 .ARM.attributes
                0x00000000000002d4       0x32 ./core.a(new.cpp.o)
 .ARM.attributes
                0x0000000000000306       0x32 ./core.a(SERCOM.cpp.o)
 .ARM.attributes
                0x0000000000000338       0x32 ./core.a(Uart.cpp.o)
 .ARM.attributes
                0x000000000000036a       0x32 ./core.a(CDC.cpp.o)
 .ARM.attributes
                0x000000000000039c       0x32 ./core.a(PluggableUSB.cpp.o)
 .ARM.attributes
                0x00000000000003ce       0x32 ./core.a(Print.cpp.o)
 .ARM.attributes
                0x0000000000000400       0x1e /Users/normanpellet/.arduinocdt/packages/arduino/tools/arm-none-eabi-gcc/4.8.3-2014q1/bin/../lib/gcc/arm-none-eabi/4.8.3/armv6-m/libgcc.a(_thumb1_case_uqi.o)
 .ARM.attributes
                0x000000000000041e       0x1e /Users/normanpellet/.arduinocdt/packages/arduino/tools/arm-none-eabi-gcc/4.8.3-2014q1/bin/../lib/gcc/arm-none-eabi/4.8.3/armv6-m/libgcc.a(_udivsi3.o)
 .ARM.attributes
                0x000000000000043c       0x1e /Users/normanpellet/.arduinocdt/packages/arduino/tools/arm-none-eabi-gcc/4.8.3-2014q1/bin/../lib/gcc/arm-none-eabi/4.8.3/armv6-m/libgcc.a(_dvmd_tls.o)
 .ARM.attributes
                0x000000000000045a       0x2c /Users/normanpellet/.arduinocdt/packages/arduino/tools/arm-none-eabi-gcc/4.8.3-2014q1/bin/../lib/gcc/arm-none-eabi/4.8.3/../../../../arm-none-eabi/lib/armv6-m/libc_s.a(lib_a-impure.o)
 .ARM.attributes
                0x0000000000000486       0x2c /Users/normanpellet/.arduinocdt/packages/arduino/tools/arm-none-eabi-gcc/4.8.3-2014q1/bin/../lib/gcc/arm-none-eabi/4.8.3/../../../../arm-none-eabi/lib/armv6-m/libc_s.a(lib_a-init.o)
 .ARM.attributes
                0x00000000000004b2       0x2c /Users/normanpellet/.arduinocdt/packages/arduino/tools/arm-none-eabi-gcc/4.8.3-2014q1/bin/../lib/gcc/arm-none-eabi/4.8.3/../../../../arm-none-eabi/lib/armv6-m/libc_s.a(lib_a-malloc.o)
 .ARM.attributes
                0x00000000000004de       0x2c /Users/normanpellet/.arduinocdt/packages/arduino/tools/arm-none-eabi-gcc/4.8.3-2014q1/bin/../lib/gcc/arm-none-eabi/4.8.3/../../../../arm-none-eabi/lib/armv6-m/libc_s.a(lib_a-memcpy-stub.o)
 .ARM.attributes
                0x000000000000050a       0x2c /Users/normanpellet/.arduinocdt/packages/arduino/tools/arm-none-eabi-gcc/4.8.3-2014q1/bin/../lib/gcc/arm-none-eabi/4.8.3/../../../../arm-none-eabi/lib/armv6-m/libc_s.a(lib_a-memset.o)
 .ARM.attributes
                0x0000000000000536       0x2c /Users/normanpellet/.arduinocdt/packages/arduino/tools/arm-none-eabi-gcc/4.8.3-2014q1/bin/../lib/gcc/arm-none-eabi/4.8.3/../../../../arm-none-eabi/lib/armv6-m/libc_s.a(lib_a-nano-mallocr.o)
 .ARM.attributes
                0x0000000000000562       0x2c /Users/normanpellet/.arduinocdt/packages/arduino/tools/arm-none-eabi-gcc/4.8.3-2014q1/bin/../lib/gcc/arm-none-eabi/4.8.3/../../../../arm-none-eabi/lib/armv6-m/libc_s.a(lib_a-sbrkr.o)
 .ARM.attributes
                0x000000000000058e       0x2c /Users/normanpellet/.arduinocdt/packages/arduino/tools/arm-none-eabi-gcc/4.8.3-2014q1/bin/../lib/gcc/arm-none-eabi/4.8.3/../../../../arm-none-eabi/lib/armv6-m/libc_s.a(lib_a-strlen.o)
 .ARM.attributes
                0x00000000000005ba       0x2c /Users/normanpellet/.arduinocdt/packages/arduino/tools/arm-none-eabi-gcc/4.8.3-2014q1/bin/../lib/gcc/arm-none-eabi/4.8.3/../../../../arm-none-eabi/lib/armv6-m/libc_s.a(lib_a-reent.o)
 .ARM.attributes
                0x00000000000005e6       0x2c /Users/normanpellet/.arduinocdt/packages/arduino/tools/arm-none-eabi-gcc/4.8.3-2014q1/bin/../lib/gcc/arm-none-eabi/4.8.3/../../../../arm-none-eabi/lib/armv6-m/libnosys.a(sbrk.o)
 .ARM.attributes
                0x0000000000000612       0x2c /Users/normanpellet/.arduinocdt/packages/arduino/tools/arm-none-eabi-gcc/4.8.3-2014q1/bin/../lib/gcc/arm-none-eabi/4.8.3/armv6-m/crtend.o
 .ARM.attributes
                0x000000000000063e       0x1e /Users/normanpellet/.arduinocdt/packages/arduino/tools/arm-none-eabi-gcc/4.8.3-2014q1/bin/../lib/gcc/arm-none-eabi/4.8.3/armv6-m/crtn.o

.comment        0x0000000000000000       0x70
 .comment       0x0000000000000000       0x70 project/MPPT.cpp.o
                                         0x71 (size before relaxing)
 .comment       0x0000000000000000       0x71 ./core.a(cortex_handlers.c.o)
 .comment       0x0000000000000000       0x71 ./core.a(delay.c.o)
 .comment       0x0000000000000000       0x71 ./core.a(hooks.c.o)
 .comment       0x0000000000000000       0x71 ./core.a(main.cpp.o)
 .comment       0x0000000000000000       0x71 ./core.a(Reset.cpp.o)
 .comment       0x0000000000000000       0x71 ./core.a(startup.c.o)
 .comment       0x0000000000000000       0x71 ./core.a(USBCore.cpp.o)
 .comment       0x0000000000000000       0x71 ./core.a(wiring.c.o)
 .comment       0x0000000000000000       0x71 ./core.a(wiring_analog.c.o)
 .comment       0x0000000000000000       0x71 ./core.a(wiring_digital.c.o)
 .comment       0x0000000000000000       0x71 ./core.a(wiring_private.c.o)
 .comment       0x0000000000000000       0x71 ./core.a(variant.cpp.o)
 .comment       0x0000000000000000       0x71 ./core.a(new.cpp.o)
 .comment       0x0000000000000000       0x71 ./core.a(SERCOM.cpp.o)
 .comment       0x0000000000000000       0x71 ./core.a(Uart.cpp.o)
 .comment       0x0000000000000000       0x71 ./core.a(CDC.cpp.o)
 .comment       0x0000000000000000       0x71 ./core.a(PluggableUSB.cpp.o)
 .comment       0x0000000000000000       0x71 ./core.a(Print.cpp.o)

.debug_info     0x0000000000000000    0x27cef
 .debug_info    0x0000000000000000      0x198 project/MPPT.cpp.o
 .debug_info    0x0000000000000198      0x4d6 ./core.a(cortex_handlers.c.o)
 .debug_info    0x000000000000066e      0x362 ./core.a(delay.c.o)
 .debug_info    0x00000000000009d0       0x60 ./core.a(hooks.c.o)
 .debug_info    0x0000000000000a30      0x7c2 ./core.a(main.cpp.o)
 .debug_info    0x00000000000011f2      0x846 ./core.a(Reset.cpp.o)
 .debug_info    0x0000000000001a38     0x28ff ./core.a(startup.c.o)
 .debug_info    0x0000000000004337     0x7c8e ./core.a(USBCore.cpp.o)
 .debug_info    0x000000000000bfc5     0x1ddc ./core.a(wiring.c.o)
 .debug_info    0x000000000000dda1     0x435b ./core.a(wiring_analog.c.o)
 .debug_info    0x00000000000120fc      0xb8f ./core.a(wiring_digital.c.o)
 .debug_info    0x0000000000012c8b      0xb78 ./core.a(wiring_private.c.o)
 .debug_info    0x0000000000013803     0x551c ./core.a(variant.cpp.o)
 .debug_info    0x0000000000018d1f      0x1a1 ./core.a(new.cpp.o)
 .debug_info    0x0000000000018ec0     0x3a9b ./core.a(SERCOM.cpp.o)
 .debug_info    0x000000000001c95b     0x58a9 ./core.a(Uart.cpp.o)
 .debug_info    0x0000000000022204     0x2ca3 ./core.a(CDC.cpp.o)
 .debug_info    0x0000000000024ea7      0x6f0 ./core.a(PluggableUSB.cpp.o)
 .debug_info    0x0000000000025597     0x2758 ./core.a(Print.cpp.o)

.debug_abbrev   0x0000000000000000     0x3960
 .debug_abbrev  0x0000000000000000       0x91 project/MPPT.cpp.o
 .debug_abbrev  0x0000000000000091      0x159 ./core.a(cortex_handlers.c.o)
 .debug_abbrev  0x00000000000001ea      0x158 ./core.a(delay.c.o)
 .debug_abbrev  0x0000000000000342       0x47 ./core.a(hooks.c.o)
 .debug_abbrev  0x0000000000000389      0x216 ./core.a(main.cpp.o)
 .debug_abbrev  0x000000000000059f      0x264 ./core.a(Reset.cpp.o)
 .debug_abbrev  0x0000000000000803      0x17a ./core.a(startup.c.o)
 .debug_abbrev  0x000000000000097d      0x8f9 ./core.a(USBCore.cpp.o)
 .debug_abbrev  0x0000000000001276      0x281 ./core.a(wiring.c.o)
 .debug_abbrev  0x00000000000014f7      0x38f ./core.a(wiring_analog.c.o)
 .debug_abbrev  0x0000000000001886      0x201 ./core.a(wiring_digital.c.o)
 .debug_abbrev  0x0000000000001a87      0x21b ./core.a(wiring_private.c.o)
 .debug_abbrev  0x0000000000001ca2      0x32b ./core.a(variant.cpp.o)
 .debug_abbrev  0x0000000000001fcd       0xd7 ./core.a(new.cpp.o)
 .debug_abbrev  0x00000000000020a4      0x48d ./core.a(SERCOM.cpp.o)
 .debug_abbrev  0x0000000000002531      0x65e ./core.a(Uart.cpp.o)
 .debug_abbrev  0x0000000000002b8f      0x659 ./core.a(CDC.cpp.o)
 .debug_abbrev  0x00000000000031e8      0x2f1 ./core.a(PluggableUSB.cpp.o)
 .debug_abbrev  0x00000000000034d9      0x487 ./core.a(Print.cpp.o)

.debug_aranges  0x0000000000000000      0x8a8
 .debug_aranges
                0x0000000000000000       0x28 project/MPPT.cpp.o
 .debug_aranges
                0x0000000000000028       0x40 ./core.a(cortex_handlers.c.o)
 .debug_aranges
                0x0000000000000068       0x38 ./core.a(delay.c.o)
 .debug_aranges
                0x00000000000000a0       0x30 ./core.a(hooks.c.o)
 .debug_aranges
                0x00000000000000d0       0x28 ./core.a(main.cpp.o)
 .debug_aranges
                0x00000000000000f8       0x30 ./core.a(Reset.cpp.o)
 .debug_aranges
                0x0000000000000128       0x20 ./core.a(startup.c.o)
 .debug_aranges
                0x0000000000000148      0x170 ./core.a(USBCore.cpp.o)
 .debug_aranges
                0x00000000000002b8       0x20 ./core.a(wiring.c.o)
 .debug_aranges
                0x00000000000002d8       0x48 ./core.a(wiring_analog.c.o)
 .debug_aranges
                0x0000000000000320       0x30 ./core.a(wiring_digital.c.o)
 .debug_aranges
                0x0000000000000350       0x20 ./core.a(wiring_private.c.o)
 .debug_aranges
                0x0000000000000370       0x30 ./core.a(variant.cpp.o)
 .debug_aranges
                0x00000000000003a0       0x38 ./core.a(new.cpp.o)
 .debug_aranges
                0x00000000000003d8      0x1d8 ./core.a(SERCOM.cpp.o)
 .debug_aranges
                0x00000000000005b0       0xb8 ./core.a(Uart.cpp.o)
 .debug_aranges
                0x0000000000000668       0xe8 ./core.a(CDC.cpp.o)
 .debug_aranges
                0x0000000000000750       0x50 ./core.a(PluggableUSB.cpp.o)
 .debug_aranges
                0x00000000000007a0      0x108 ./core.a(Print.cpp.o)

.debug_ranges   0x0000000000000000     0x12c0
 .debug_ranges  0x0000000000000000       0x18 project/MPPT.cpp.o
 .debug_ranges  0x0000000000000018       0x30 ./core.a(cortex_handlers.c.o)
 .debug_ranges  0x0000000000000048       0x28 ./core.a(delay.c.o)
 .debug_ranges  0x0000000000000070       0x20 ./core.a(hooks.c.o)
 .debug_ranges  0x0000000000000090       0x18 ./core.a(main.cpp.o)
 .debug_ranges  0x00000000000000a8       0x38 ./core.a(Reset.cpp.o)
 .debug_ranges  0x00000000000000e0       0x10 ./core.a(startup.c.o)
 .debug_ranges  0x00000000000000f0      0x790 ./core.a(USBCore.cpp.o)
 .debug_ranges  0x0000000000000880       0x28 ./core.a(wiring.c.o)
 .debug_ranges  0x00000000000008a8       0x38 ./core.a(wiring_analog.c.o)
 .debug_ranges  0x00000000000008e0       0x20 ./core.a(wiring_digital.c.o)
 .debug_ranges  0x0000000000000900       0x28 ./core.a(wiring_private.c.o)
 .debug_ranges  0x0000000000000928       0x20 ./core.a(variant.cpp.o)
 .debug_ranges  0x0000000000000948       0x28 ./core.a(new.cpp.o)
 .debug_ranges  0x0000000000000970      0x298 ./core.a(SERCOM.cpp.o)
 .debug_ranges  0x0000000000000c08      0x228 ./core.a(Uart.cpp.o)
 .debug_ranges  0x0000000000000e30      0x130 ./core.a(CDC.cpp.o)
 .debug_ranges  0x0000000000000f60       0xd0 ./core.a(PluggableUSB.cpp.o)
 .debug_ranges  0x0000000000001030      0x290 ./core.a(Print.cpp.o)

.debug_line     0x0000000000000000     0x5631
 .debug_line    0x0000000000000000      0x214 project/MPPT.cpp.o
 .debug_line    0x0000000000000214      0x2fb ./core.a(cortex_handlers.c.o)
 .debug_line    0x000000000000050f      0x2f2 ./core.a(delay.c.o)
 .debug_line    0x0000000000000801       0xab ./core.a(hooks.c.o)
 .debug_line    0x00000000000008ac      0x2bc ./core.a(main.cpp.o)
 .debug_line    0x0000000000000b68      0x35c ./core.a(Reset.cpp.o)
 .debug_line    0x0000000000000ec4      0x3b9 ./core.a(startup.c.o)
 .debug_line    0x000000000000127d      0xea3 ./core.a(USBCore.cpp.o)
 .debug_line    0x0000000000002120      0x3f0 ./core.a(wiring.c.o)
 .debug_line    0x0000000000002510      0x4dc ./core.a(wiring_analog.c.o)
 .debug_line    0x00000000000029ec      0x350 ./core.a(wiring_digital.c.o)
 .debug_line    0x0000000000002d3c      0x353 ./core.a(wiring_private.c.o)
 .debug_line    0x000000000000308f      0x2ee ./core.a(variant.cpp.o)
 .debug_line    0x000000000000337d      0x1be ./core.a(new.cpp.o)
 .debug_line    0x000000000000353b      0x968 ./core.a(SERCOM.cpp.o)
 .debug_line    0x0000000000003ea3      0x7b9 ./core.a(Uart.cpp.o)
 .debug_line    0x000000000000465c      0x656 ./core.a(CDC.cpp.o)
 .debug_line    0x0000000000004cb2      0x2f1 ./core.a(PluggableUSB.cpp.o)
 .debug_line    0x0000000000004fa3      0x68e ./core.a(Print.cpp.o)

.debug_str      0x0000000000000000     0x86fd
 .debug_str     0x0000000000000000      0x21c project/MPPT.cpp.o
                                        0x269 (size before relaxing)
 .debug_str     0x000000000000021c      0x4c5 ./core.a(cortex_handlers.c.o)
                                        0x613 (size before relaxing)
 .debug_str     0x00000000000006e1       0xf6 ./core.a(delay.c.o)
                                        0x2c0 (size before relaxing)
 .debug_str     0x00000000000007d7       0x73 ./core.a(hooks.c.o)
                                        0x132 (size before relaxing)
 .debug_str     0x000000000000084a      0x6e6 ./core.a(main.cpp.o)
                                        0x98b (size before relaxing)
 .debug_str     0x0000000000000f30      0x237 ./core.a(Reset.cpp.o)
                                        0x5e8 (size before relaxing)
 .debug_str     0x0000000000001167      0x88f ./core.a(startup.c.o)
                                        0xd60 (size before relaxing)
 .debug_str     0x00000000000019f6     0x2877 ./core.a(USBCore.cpp.o)
                                       0x3b8a (size before relaxing)
 .debug_str     0x000000000000426d      0x1a5 ./core.a(wiring.c.o)
                                        0xbe3 (size before relaxing)
 .debug_str     0x0000000000004412      0xb7f ./core.a(wiring_analog.c.o)
                                       0x15fc (size before relaxing)
 .debug_str     0x0000000000004f91       0x8b ./core.a(wiring_digital.c.o)
                                        0x96e (size before relaxing)
 .debug_str     0x000000000000501c       0x77 ./core.a(wiring_private.c.o)
                                        0x9a1 (size before relaxing)
 .debug_str     0x0000000000005093     0x18eb ./core.a(variant.cpp.o)
                                       0x2f7a (size before relaxing)
 .debug_str     0x000000000000697e       0xa8 ./core.a(new.cpp.o)
                                        0x273 (size before relaxing)
 .debug_str     0x0000000000006a26      0x1c9 ./core.a(SERCOM.cpp.o)
                                       0x22db (size before relaxing)
 .debug_str     0x0000000000006bef     0x1175 ./core.a(Uart.cpp.o)
                                       0x3a5d (size before relaxing)
 .debug_str     0x0000000000007d64      0x54f ./core.a(CDC.cpp.o)
                                       0x1f0a (size before relaxing)
 .debug_str     0x00000000000082b3       0x90 ./core.a(PluggableUSB.cpp.o)
                                        0x602 (size before relaxing)
 .debug_str     0x0000000000008343      0x3ba ./core.a(Print.cpp.o)
                                       0x1031 (size before relaxing)

.debug_frame    0x0000000000000000     0x1640
 .debug_frame   0x0000000000000000       0x30 project/MPPT.cpp.o
 .debug_frame   0x0000000000000030       0x7c ./core.a(cortex_handlers.c.o)
 .debug_frame   0x00000000000000ac       0x78 ./core.a(delay.c.o)
 .debug_frame   0x0000000000000124       0x40 ./core.a(hooks.c.o)
 .debug_frame   0x0000000000000164       0x38 ./core.a(main.cpp.o)
 .debug_frame   0x000000000000019c       0x40 ./core.a(Reset.cpp.o)
 .debug_frame   0x00000000000001dc       0x2c ./core.a(startup.c.o)
 .debug_frame   0x0000000000000208      0x458 ./core.a(USBCore.cpp.o)
 .debug_frame   0x0000000000000660       0x28 ./core.a(wiring.c.o)
 .debug_frame   0x0000000000000688       0x90 ./core.a(wiring_analog.c.o)
 .debug_frame   0x0000000000000718       0x58 ./core.a(wiring_digital.c.o)
 .debug_frame   0x0000000000000770       0x30 ./core.a(wiring_private.c.o)
 .debug_frame   0x00000000000007a0       0x64 ./core.a(variant.cpp.o)
 .debug_frame   0x0000000000000804       0x70 ./core.a(new.cpp.o)
 .debug_frame   0x0000000000000874      0x448 ./core.a(SERCOM.cpp.o)
 .debug_frame   0x0000000000000cbc      0x1c8 ./core.a(Uart.cpp.o)
 .debug_frame   0x0000000000000e84      0x214 ./core.a(CDC.cpp.o)
 .debug_frame   0x0000000000001098       0xc4 ./core.a(PluggableUSB.cpp.o)
 .debug_frame   0x000000000000115c      0x330 ./core.a(Print.cpp.o)
 .debug_frame   0x000000000000148c       0x20 /Users/normanpellet/.arduinocdt/packages/arduino/tools/arm-none-eabi-gcc/4.8.3-2014q1/bin/../lib/gcc/arm-none-eabi/4.8.3/armv6-m/libgcc.a(_udivsi3.o)
 .debug_frame   0x00000000000014ac       0x2c /Users/normanpellet/.arduinocdt/packages/arduino/tools/arm-none-eabi-gcc/4.8.3-2014q1/bin/../lib/gcc/arm-none-eabi/4.8.3/../../../../arm-none-eabi/lib/armv6-m/libc_s.a(lib_a-init.o)
 .debug_frame   0x00000000000014d8       0x40 /Users/normanpellet/.arduinocdt/packages/arduino/tools/arm-none-eabi-gcc/4.8.3-2014q1/bin/../lib/gcc/arm-none-eabi/4.8.3/../../../../arm-none-eabi/lib/armv6-m/libc_s.a(lib_a-malloc.o)
 .debug_frame   0x0000000000001518       0x28 /Users/normanpellet/.arduinocdt/packages/arduino/tools/arm-none-eabi-gcc/4.8.3-2014q1/bin/../lib/gcc/arm-none-eabi/4.8.3/../../../../arm-none-eabi/lib/armv6-m/libc_s.a(lib_a-memcpy-stub.o)
 .debug_frame   0x0000000000001540       0x20 /Users/normanpellet/.arduinocdt/packages/arduino/tools/arm-none-eabi-gcc/4.8.3-2014q1/bin/../lib/gcc/arm-none-eabi/4.8.3/../../../../arm-none-eabi/lib/armv6-m/libc_s.a(lib_a-memset.o)
 .debug_frame   0x0000000000001560       0x2c /Users/normanpellet/.arduinocdt/packages/arduino/tools/arm-none-eabi-gcc/4.8.3-2014q1/bin/../lib/gcc/arm-none-eabi/4.8.3/../../../../arm-none-eabi/lib/armv6-m/libc_s.a(lib_a-nano-mallocr.o)
 .debug_frame   0x000000000000158c       0x2c /Users/normanpellet/.arduinocdt/packages/arduino/tools/arm-none-eabi-gcc/4.8.3-2014q1/bin/../lib/gcc/arm-none-eabi/4.8.3/../../../../arm-none-eabi/lib/armv6-m/libc_s.a(lib_a-sbrkr.o)
 .debug_frame   0x00000000000015b8       0x20 /Users/normanpellet/.arduinocdt/packages/arduino/tools/arm-none-eabi-gcc/4.8.3-2014q1/bin/../lib/gcc/arm-none-eabi/4.8.3/../../../../arm-none-eabi/lib/armv6-m/libc_s.a(lib_a-strlen.o)
 .debug_frame   0x00000000000015d8       0x48 /Users/normanpellet/.arduinocdt/packages/arduino/tools/arm-none-eabi-gcc/4.8.3-2014q1/bin/../lib/gcc/arm-none-eabi/4.8.3/../../../../arm-none-eabi/lib/armv6-m/libc_s.a(lib_a-reent.o)
 .debug_frame   0x0000000000001620       0x20 /Users/normanpellet/.arduinocdt/packages/arduino/tools/arm-none-eabi-gcc/4.8.3-2014q1/bin/../lib/gcc/arm-none-eabi/4.8.3/../../../../arm-none-eabi/lib/armv6-m/libnosys.a(sbrk.o)

.debug_loc      0x0000000000000000     0x5f59
 .debug_loc     0x0000000000000000       0x7b ./core.a(cortex_handlers.c.o)
 .debug_loc     0x000000000000007b       0xf4 ./core.a(delay.c.o)
 .debug_loc     0x000000000000016f       0x58 ./core.a(startup.c.o)
 .debug_loc     0x00000000000001c7     0x25e9 ./core.a(USBCore.cpp.o)
 .debug_loc     0x00000000000027b0       0xe9 ./core.a(wiring.c.o)
 .debug_loc     0x0000000000002899      0x53d ./core.a(wiring_analog.c.o)
 .debug_loc     0x0000000000002dd6      0x19f ./core.a(wiring_digital.c.o)
 .debug_loc     0x0000000000002f75      0x123 ./core.a(wiring_private.c.o)
 .debug_loc     0x0000000000003098       0x84 ./core.a(new.cpp.o)
 .debug_loc     0x000000000000311c      0xa97 ./core.a(SERCOM.cpp.o)
 .debug_loc     0x0000000000003bb3      0xa94 ./core.a(Uart.cpp.o)
 .debug_loc     0x0000000000004647      0x565 ./core.a(CDC.cpp.o)
 .debug_loc     0x0000000000004bac      0x258 ./core.a(PluggableUSB.cpp.o)
 .debug_loc     0x0000000000004e04     0x1155 ./core.a(Print.cpp.o)

Cross Reference Table

Symbol                                            File
AC_Handler                                        ./core.a(cortex_handlers.c.o)
ADC_Handler                                       ./core.a(cortex_handlers.c.o)
CDC_GetInterface(unsigned char*)                  ./core.a(CDC.cpp.o)
                                                  ./core.a(USBCore.cpp.o)
CDC_Setup(USBSetup&)                              ./core.a(CDC.cpp.o)
                                                  ./core.a(USBCore.cpp.o)
DAC_Handler                                       ./core.a(cortex_handlers.c.o)
DMAC_Handler                                      ./core.a(cortex_handlers.c.o)
DoubleBufferedEPOutHandler::available() const     ./core.a(USBCore.cpp.o)
DoubleBufferedEPOutHandler::handleEndpoint()      ./core.a(USBCore.cpp.o)
DoubleBufferedEPOutHandler::recv(void*, unsigned long) ./core.a(USBCore.cpp.o)
DoubleBufferedEPOutHandler::release()             ./core.a(USBCore.cpp.o)
Dummy_Handler                                     ./core.a(cortex_handlers.c.o)
EIC_Handler                                       ./core.a(cortex_handlers.c.o)
EVSYS_Handler                                     ./core.a(cortex_handlers.c.o)
EndPoints                                         ./core.a(USBCore.cpp.o)
                                                  ./core.a(PluggableUSB.cpp.o)
HardFault_Handler                                 ./core.a(cortex_handlers.c.o)
I2S_Handler                                       ./core.a(cortex_handlers.c.o)
NMI_Handler                                       ./core.a(cortex_handlers.c.o)
NVMCTRL_Handler                                   ./core.a(cortex_handlers.c.o)
PM_Handler                                        ./core.a(cortex_handlers.c.o)
PTC_Handler                                       ./core.a(cortex_handlers.c.o)
PendSV_Handler                                    ./core.a(cortex_handlers.c.o)
PluggableUSB()                                    ./core.a(PluggableUSB.cpp.o)
                                                  ./core.a(USBCore.cpp.o)
PluggableUSB_::PluggableUSB_()                    ./core.a(PluggableUSB.cpp.o)
PluggableUSB_::PluggableUSB_()                    ./core.a(PluggableUSB.cpp.o)
PluggableUSB_::getDescriptor(USBSetup&)           ./core.a(PluggableUSB.cpp.o)
                                                  ./core.a(USBCore.cpp.o)
PluggableUSB_::getInterface(unsigned char*)       ./core.a(PluggableUSB.cpp.o)
                                                  ./core.a(USBCore.cpp.o)
PluggableUSB_::getShortName(char*)                ./core.a(PluggableUSB.cpp.o)
                                                  ./core.a(USBCore.cpp.o)
PluggableUSB_::plug(PluggableUSBModule*)          ./core.a(PluggableUSB.cpp.o)
PluggableUSB_::setup(USBSetup&)                   ./core.a(PluggableUSB.cpp.o)
                                                  ./core.a(USBCore.cpp.o)
Print::availableForWrite()                        ./core.a(Uart.cpp.o)
                                                  ./core.a(Print.cpp.o)
                                                  ./core.a(CDC.cpp.o)
Print::flush()                                    ./core.a(Uart.cpp.o)
                                                  ./core.a(Print.cpp.o)
                                                  ./core.a(CDC.cpp.o)
Print::print(Printable const&)                    ./core.a(Print.cpp.o)
Print::print(String const&)                       ./core.a(Print.cpp.o)
Print::print(__FlashStringHelper const*)          ./core.a(Print.cpp.o)
Print::print(char const*)                         ./core.a(Print.cpp.o)
Print::print(char)                                ./core.a(Print.cpp.o)
Print::print(double, int)                         ./core.a(Print.cpp.o)
Print::print(int, int)                            ./core.a(Print.cpp.o)
Print::print(long, int)                           ./core.a(Print.cpp.o)
Print::print(unsigned char, int)                  ./core.a(Print.cpp.o)
Print::print(unsigned int, int)                   ./core.a(Print.cpp.o)
Print::print(unsigned long, int)                  ./core.a(Print.cpp.o)
Print::printFloat(double, unsigned char)          ./core.a(Print.cpp.o)
Print::printNumber(unsigned long, unsigned char)  ./core.a(Print.cpp.o)
Print::println()                                  ./core.a(Print.cpp.o)
Print::println(Printable const&)                  ./core.a(Print.cpp.o)
Print::println(String const&)                     ./core.a(Print.cpp.o)
Print::println(__FlashStringHelper const*)        ./core.a(Print.cpp.o)
Print::println(char const*)                       ./core.a(Print.cpp.o)
Print::println(char)                              ./core.a(Print.cpp.o)
Print::println(double, int)                       ./core.a(Print.cpp.o)
Print::println(int, int)                          ./core.a(Print.cpp.o)
Print::println(long, int)                         ./core.a(Print.cpp.o)
Print::println(unsigned char, int)                ./core.a(Print.cpp.o)
Print::println(unsigned int, int)                 ./core.a(Print.cpp.o)
Print::println(unsigned long, int)                ./core.a(Print.cpp.o)
Print::write(char const*)                         ./core.a(Print.cpp.o)
Print::write(unsigned char const*, unsigned int)  ./core.a(Print.cpp.o)
                                                  ./core.a(Uart.cpp.o)
RTC_Handler                                       ./core.a(cortex_handlers.c.o)
Reset_Handler                                     ./core.a(cortex_handlers.c.o)
RingBufferN<64>::available()                      ./core.a(Uart.cpp.o)
RingBufferN<64>::availableForStore()              ./core.a(Uart.cpp.o)
SERCOM0_Handler                                   ./core.a(variant.cpp.o)
                                                  ./core.a(cortex_handlers.c.o)
SERCOM1_Handler                                   ./core.a(cortex_handlers.c.o)
SERCOM2_Handler                                   ./core.a(cortex_handlers.c.o)
SERCOM3_Handler                                   ./core.a(cortex_handlers.c.o)
SERCOM4_Handler                                   ./core.a(cortex_handlers.c.o)
SERCOM5_Handler                                   ./core.a(variant.cpp.o)
                                                  ./core.a(cortex_handlers.c.o)
SERCOM::SERCOM(Sercom*)                           ./core.a(SERCOM.cpp.o)
                                                  ./core.a(variant.cpp.o)
SERCOM::SERCOM(Sercom*)                           ./core.a(SERCOM.cpp.o)
SERCOM::acknowledgeUARTError()                    ./core.a(SERCOM.cpp.o)
                                                  ./core.a(Uart.cpp.o)
SERCOM::availableDataUART()                       ./core.a(SERCOM.cpp.o)
                                                  ./core.a(Uart.cpp.o)
SERCOM::availableWIRE()                           ./core.a(SERCOM.cpp.o)
SERCOM::calculateBaudrateSynchronous(unsigned long) ./core.a(SERCOM.cpp.o)
SERCOM::clearStatusUART()                         ./core.a(SERCOM.cpp.o)
                                                  ./core.a(Uart.cpp.o)
SERCOM::disableDataRegisterEmptyInterruptUART()   ./core.a(SERCOM.cpp.o)
                                                  ./core.a(Uart.cpp.o)
SERCOM::disableSPI()                              ./core.a(SERCOM.cpp.o)
SERCOM::disableWIRE()                             ./core.a(SERCOM.cpp.o)
SERCOM::enableDataRegisterEmptyInterruptUART()    ./core.a(SERCOM.cpp.o)
                                                  ./core.a(Uart.cpp.o)
SERCOM::enableSPI()                               ./core.a(SERCOM.cpp.o)
SERCOM::enableUART()                              ./core.a(SERCOM.cpp.o)
                                                  ./core.a(Uart.cpp.o)
SERCOM::enableWIRE()                              ./core.a(SERCOM.cpp.o)
SERCOM::flushUART()                               ./core.a(SERCOM.cpp.o)
                                                  ./core.a(Uart.cpp.o)
SERCOM::getDataOrderSPI()                         ./core.a(SERCOM.cpp.o)
SERCOM::initClockNVIC()                           ./core.a(SERCOM.cpp.o)
SERCOM::initFrame(SercomUartCharSize, SercomDataOrder, SercomParityMode, SercomNumberStopBit) ./core.a(SERCOM.cpp.o)
                                                  ./core.a(Uart.cpp.o)
SERCOM::initMasterWIRE(unsigned long)             ./core.a(SERCOM.cpp.o)
SERCOM::initPads(SercomUartTXPad, SercomRXPad)    ./core.a(SERCOM.cpp.o)
                                                  ./core.a(Uart.cpp.o)
SERCOM::initSPI(SercomSpiTXPad, SercomRXPad, SercomSpiCharSize, SercomDataOrder) ./core.a(SERCOM.cpp.o)
SERCOM::initSPIClock(SercomSpiClockMode, unsigned long) ./core.a(SERCOM.cpp.o)
SERCOM::initSlaveWIRE(unsigned char, bool)        ./core.a(SERCOM.cpp.o)
SERCOM::initUART(SercomUartMode, SercomUartSampleRate, unsigned long) ./core.a(SERCOM.cpp.o)
                                                  ./core.a(Uart.cpp.o)
SERCOM::isAddressMatch()                          ./core.a(SERCOM.cpp.o)
SERCOM::isBufferOverflowErrorSPI()                ./core.a(SERCOM.cpp.o)
SERCOM::isBufferOverflowErrorUART()               ./core.a(SERCOM.cpp.o)
SERCOM::isBusIdleWIRE()                           ./core.a(SERCOM.cpp.o)
SERCOM::isBusOwnerWIRE()                          ./core.a(SERCOM.cpp.o)
SERCOM::isDataReadyWIRE()                         ./core.a(SERCOM.cpp.o)
SERCOM::isDataRegisterEmptySPI()                  ./core.a(SERCOM.cpp.o)
SERCOM::isDataRegisterEmptyUART()                 ./core.a(SERCOM.cpp.o)
                                                  ./core.a(Uart.cpp.o)
SERCOM::isFrameErrorUART()                        ./core.a(SERCOM.cpp.o)
SERCOM::isMasterReadOperationWIRE()               ./core.a(SERCOM.cpp.o)
SERCOM::isMasterWIRE()                            ./core.a(SERCOM.cpp.o)
SERCOM::isParityErrorUART()                       ./core.a(SERCOM.cpp.o)
SERCOM::isRXNackReceivedWIRE()                    ./core.a(SERCOM.cpp.o)
SERCOM::isRestartDetectedWIRE()                   ./core.a(SERCOM.cpp.o)
SERCOM::isSlaveWIRE()                             ./core.a(SERCOM.cpp.o)
SERCOM::isStopDetectedWIRE()                      ./core.a(SERCOM.cpp.o)
SERCOM::isUARTError()                             ./core.a(SERCOM.cpp.o)
                                                  ./core.a(Uart.cpp.o)
SERCOM::prepareAckBitWIRE()                       ./core.a(SERCOM.cpp.o)
SERCOM::prepareCommandBitsWire(unsigned char)     ./core.a(SERCOM.cpp.o)
SERCOM::prepareNackBitWIRE()                      ./core.a(SERCOM.cpp.o)
SERCOM::readDataUART()                            ./core.a(SERCOM.cpp.o)
                                                  ./core.a(Uart.cpp.o)
SERCOM::readDataWIRE()                            ./core.a(SERCOM.cpp.o)
SERCOM::resetSPI()                                ./core.a(SERCOM.cpp.o)
SERCOM::resetUART()                               ./core.a(SERCOM.cpp.o)
                                                  ./core.a(Uart.cpp.o)
SERCOM::resetWIRE()                               ./core.a(SERCOM.cpp.o)
SERCOM::sendDataMasterWIRE(unsigned char)         ./core.a(SERCOM.cpp.o)
SERCOM::sendDataSlaveWIRE(unsigned char)          ./core.a(SERCOM.cpp.o)
SERCOM::setBaudrateSPI(unsigned char)             ./core.a(SERCOM.cpp.o)
SERCOM::setClockModeSPI(SercomSpiClockMode)       ./core.a(SERCOM.cpp.o)
SERCOM::setDataOrderSPI(SercomDataOrder)          ./core.a(SERCOM.cpp.o)
SERCOM::startTransmissionWIRE(unsigned char, SercomWireReadWriteFlag) ./core.a(SERCOM.cpp.o)
SERCOM::transferDataSPI(unsigned char)            ./core.a(SERCOM.cpp.o)
SERCOM::writeDataUART(unsigned char)              ./core.a(SERCOM.cpp.o)
                                                  ./core.a(Uart.cpp.o)
SVC_Handler                                       ./core.a(cortex_handlers.c.o)
SYSCTRL_Handler                                   ./core.a(cortex_handlers.c.o)
Serial                                            ./core.a(variant.cpp.o)
Serial1                                           ./core.a(variant.cpp.o)
SerialUSB                                         ./core.a(CDC.cpp.o)
Serial_::available()                              ./core.a(CDC.cpp.o)
Serial_::availableForWrite()                      ./core.a(CDC.cpp.o)
Serial_::baud()                                   ./core.a(CDC.cpp.o)
Serial_::begin(unsigned long)                     ./core.a(CDC.cpp.o)
Serial_::begin(unsigned long, unsigned char)      ./core.a(CDC.cpp.o)
Serial_::dtr()                                    ./core.a(CDC.cpp.o)
Serial_::end()                                    ./core.a(CDC.cpp.o)
Serial_::flush()                                  ./core.a(CDC.cpp.o)
Serial_::numbits()                                ./core.a(CDC.cpp.o)
Serial_::operator bool()                          ./core.a(CDC.cpp.o)
Serial_::paritytype()                             ./core.a(CDC.cpp.o)
Serial_::peek()                                   ./core.a(CDC.cpp.o)
Serial_::read()                                   ./core.a(CDC.cpp.o)
Serial_::readBreak()                              ./core.a(CDC.cpp.o)
Serial_::readBytes(char*, unsigned int)           ./core.a(CDC.cpp.o)
Serial_::rts()                                    ./core.a(CDC.cpp.o)
Serial_::stopbits()                               ./core.a(CDC.cpp.o)
Serial_::write(unsigned char const*, unsigned int) ./core.a(CDC.cpp.o)
Serial_::write(unsigned char)                     ./core.a(CDC.cpp.o)
SysTick_DefaultHandler                            ./core.a(delay.c.o)
                                                  ./core.a(cortex_handlers.c.o)
SysTick_Handler                                   ./core.a(cortex_handlers.c.o)
SystemCoreClock                                   ./core.a(wiring.c.o)
                                                  ./core.a(SERCOM.cpp.o)
                                                  ./core.a(USBCore.cpp.o)
                                                  ./core.a(startup.c.o)
SystemInit                                        ./core.a(startup.c.o)
                                                  ./core.a(cortex_handlers.c.o)
TC3_Handler                                       ./core.a(cortex_handlers.c.o)
TC4_Handler                                       ./core.a(cortex_handlers.c.o)
TC5_Handler                                       ./core.a(cortex_handlers.c.o)
TC6_Handler                                       ./core.a(cortex_handlers.c.o)
TC7_Handler                                       ./core.a(cortex_handlers.c.o)
TCC0_Handler                                      ./core.a(cortex_handlers.c.o)
TCC1_Handler                                      ./core.a(cortex_handlers.c.o)
TCC2_Handler                                      ./core.a(cortex_handlers.c.o)
UDD_Handler                                       ./core.a(USBCore.cpp.o)
USBDevice                                         ./core.a(USBCore.cpp.o)
                                                  ./core.a(CDC.cpp.o)
                                                  ./core.a(main.cpp.o)
USBDeviceClass::ISRHandler()                      ./core.a(USBCore.cpp.o)
USBDeviceClass::SendInterfaces(unsigned long*)    ./core.a(USBCore.cpp.o)
USBDeviceClass::armRecv(unsigned long)            ./core.a(USBCore.cpp.o)
USBDeviceClass::armRecvCtrlOUT(unsigned long)     ./core.a(USBCore.cpp.o)
USBDeviceClass::armSend(unsigned long, void const*, unsigned long) ./core.a(USBCore.cpp.o)
USBDeviceClass::attach()                          ./core.a(USBCore.cpp.o)
                                                  ./core.a(main.cpp.o)
USBDeviceClass::available(unsigned long)          ./core.a(USBCore.cpp.o)
                                                  ./core.a(CDC.cpp.o)
USBDeviceClass::configured()                      ./core.a(USBCore.cpp.o)
USBDeviceClass::connected()                       ./core.a(USBCore.cpp.o)
USBDeviceClass::detach()                          ./core.a(USBCore.cpp.o)
USBDeviceClass::flush(unsigned long)              ./core.a(USBCore.cpp.o)
                                                  ./core.a(CDC.cpp.o)
USBDeviceClass::handleClassInterfaceSetup(USBSetup&) ./core.a(USBCore.cpp.o)
USBDeviceClass::handleEndpoint(unsigned char)     ./core.a(USBCore.cpp.o)
USBDeviceClass::handleStandardSetup(USBSetup&)    ./core.a(USBCore.cpp.o)
USBDeviceClass::init()                            ./core.a(USBCore.cpp.o)
                                                  ./core.a(main.cpp.o)
USBDeviceClass::initEP(unsigned long, unsigned long) ./core.a(USBCore.cpp.o)
USBDeviceClass::initEndpoints()                   ./core.a(USBCore.cpp.o)
USBDeviceClass::packMessages(bool)                ./core.a(USBCore.cpp.o)
USBDeviceClass::recv(unsigned long)               ./core.a(USBCore.cpp.o)
                                                  ./core.a(CDC.cpp.o)
USBDeviceClass::recv(unsigned long, void*, unsigned long) ./core.a(USBCore.cpp.o)
                                                  ./core.a(CDC.cpp.o)
USBDeviceClass::recvControl(void*, unsigned long) ./core.a(USBCore.cpp.o)
                                                  ./core.a(CDC.cpp.o)
USBDeviceClass::send(unsigned long, void const*, unsigned long) ./core.a(USBCore.cpp.o)
                                                  ./core.a(CDC.cpp.o)
USBDeviceClass::sendConfiguration(unsigned long)  ./core.a(USBCore.cpp.o)
USBDeviceClass::sendControl(void const*, unsigned long) ./core.a(USBCore.cpp.o)
                                                  ./core.a(CDC.cpp.o)
USBDeviceClass::sendDescriptor(USBSetup&)         ./core.a(USBCore.cpp.o)
USBDeviceClass::sendStringDescriptor(unsigned char const*, unsigned char) ./core.a(USBCore.cpp.o)
USBDeviceClass::sendZlp(unsigned long)            ./core.a(USBCore.cpp.o)
USBDeviceClass::setAddress(unsigned long)         ./core.a(USBCore.cpp.o)
USBDeviceClass::stall(unsigned long)              ./core.a(USBCore.cpp.o)
USBDeviceClass::standby()                         ./core.a(USBCore.cpp.o)
USBDevice_SAMD21G18x::calibrate()                 ./core.a(USBCore.cpp.o)
USBDevice_SAMD21G18x::reset()                     ./core.a(USBCore.cpp.o)
USB_Handler                                       ./core.a(cortex_handlers.c.o)
USB_SetHandler                                    ./core.a(cortex_handlers.c.o)
                                                  ./core.a(USBCore.cpp.o)
Uart::IrqHandler()                                ./core.a(Uart.cpp.o)
                                                  ./core.a(variant.cpp.o)
Uart::Uart(SERCOM*, unsigned char, unsigned char, SercomRXPad, SercomUartTXPad) ./core.a(Uart.cpp.o)
Uart::Uart(SERCOM*, unsigned char, unsigned char, SercomRXPad, SercomUartTXPad) ./core.a(Uart.cpp.o)
                                                  ./core.a(variant.cpp.o)
Uart::Uart(SERCOM*, unsigned char, unsigned char, SercomRXPad, SercomUartTXPad, unsigned char, unsigned char) ./core.a(Uart.cpp.o)
Uart::Uart(SERCOM*, unsigned char, unsigned char, SercomRXPad, SercomUartTXPad, unsigned char, unsigned char) ./core.a(Uart.cpp.o)
Uart::available()                                 ./core.a(Uart.cpp.o)
Uart::availableForWrite()                         ./core.a(Uart.cpp.o)
Uart::begin(unsigned long)                        ./core.a(Uart.cpp.o)
Uart::begin(unsigned long, unsigned short)        ./core.a(Uart.cpp.o)
Uart::end()                                       ./core.a(Uart.cpp.o)
Uart::extractCharSize(unsigned short)             ./core.a(Uart.cpp.o)
Uart::extractNbStopBit(unsigned short)            ./core.a(Uart.cpp.o)
Uart::extractParity(unsigned short)               ./core.a(Uart.cpp.o)
Uart::flush()                                     ./core.a(Uart.cpp.o)
Uart::operator bool()                             ./core.a(Uart.cpp.o)
Uart::peek()                                      ./core.a(Uart.cpp.o)
Uart::read()                                      ./core.a(Uart.cpp.o)
Uart::write(unsigned char)                        ./core.a(Uart.cpp.o)
WDT_Handler                                       ./core.a(cortex_handlers.c.o)
_CDC_GetInterface()                               ./core.a(CDC.cpp.o)
_CDC_GetInterfaceLength()                         ./core.a(CDC.cpp.o)
_Jv_RegisterClasses                               /Users/normanpellet/.arduinocdt/packages/arduino/tools/arm-none-eabi-gcc/4.8.3-2014q1/bin/../lib/gcc/arm-none-eabi/4.8.3/armv6-m/crtbegin.o
__Guard::__Guard()                                ./core.a(USBCore.cpp.o)
__Guard::__Guard()                                ./core.a(USBCore.cpp.o)
__Guard::~__Guard()                               ./core.a(USBCore.cpp.o)
__Guard::~__Guard()                               ./core.a(USBCore.cpp.o)
__StackTop                                        ./core.a(cortex_handlers.c.o)
__aeabi_cdcmpeq                                   /Users/normanpellet/.arduinocdt/packages/arduino/tools/arm-none-eabi-gcc/4.8.3-2014q1/bin/../lib/gcc/arm-none-eabi/4.8.3/armv6-m/libgcc.a(_arm_cmpdf2.o)
__aeabi_cdcmple                                   /Users/normanpellet/.arduinocdt/packages/arduino/tools/arm-none-eabi-gcc/4.8.3-2014q1/bin/../lib/gcc/arm-none-eabi/4.8.3/armv6-m/libgcc.a(_arm_cmpdf2.o)
__aeabi_cdrcmple                                  /Users/normanpellet/.arduinocdt/packages/arduino/tools/arm-none-eabi-gcc/4.8.3-2014q1/bin/../lib/gcc/arm-none-eabi/4.8.3/armv6-m/libgcc.a(_arm_cmpdf2.o)
__aeabi_d2iz                                      /Users/normanpellet/.arduinocdt/packages/arduino/tools/arm-none-eabi-gcc/4.8.3-2014q1/bin/../lib/gcc/arm-none-eabi/4.8.3/armv6-m/libgcc.a(fixdfsi.o)
                                                  /Users/normanpellet/.arduinocdt/packages/arduino/tools/arm-none-eabi-gcc/4.8.3-2014q1/bin/../lib/gcc/arm-none-eabi/4.8.3/armv6-m/libgcc.a(_fixunsdfsi.o)
__aeabi_d2uiz                                     /Users/normanpellet/.arduinocdt/packages/arduino/tools/arm-none-eabi-gcc/4.8.3-2014q1/bin/../lib/gcc/arm-none-eabi/4.8.3/armv6-m/libgcc.a(_fixunsdfsi.o)
                                                  ./core.a(Print.cpp.o)
__aeabi_dadd                                      /Users/normanpellet/.arduinocdt/packages/arduino/tools/arm-none-eabi-gcc/4.8.3-2014q1/bin/../lib/gcc/arm-none-eabi/4.8.3/armv6-m/libgcc.a(adddf3.o)
                                                  ./core.a(Print.cpp.o)
__aeabi_dcmpeq                                    /Users/normanpellet/.arduinocdt/packages/arduino/tools/arm-none-eabi-gcc/4.8.3-2014q1/bin/../lib/gcc/arm-none-eabi/4.8.3/armv6-m/libgcc.a(_arm_cmpdf2.o)
__aeabi_dcmpge                                    /Users/normanpellet/.arduinocdt/packages/arduino/tools/arm-none-eabi-gcc/4.8.3-2014q1/bin/../lib/gcc/arm-none-eabi/4.8.3/armv6-m/libgcc.a(_arm_cmpdf2.o)
                                                  /Users/normanpellet/.arduinocdt/packages/arduino/tools/arm-none-eabi-gcc/4.8.3-2014q1/bin/../lib/gcc/arm-none-eabi/4.8.3/armv6-m/libgcc.a(_fixunsdfsi.o)
__aeabi_dcmpgt                                    /Users/normanpellet/.arduinocdt/packages/arduino/tools/arm-none-eabi-gcc/4.8.3-2014q1/bin/../lib/gcc/arm-none-eabi/4.8.3/armv6-m/libgcc.a(_arm_cmpdf2.o)
                                                  ./core.a(Print.cpp.o)
__aeabi_dcmple                                    /Users/normanpellet/.arduinocdt/packages/arduino/tools/arm-none-eabi-gcc/4.8.3-2014q1/bin/../lib/gcc/arm-none-eabi/4.8.3/armv6-m/libgcc.a(_arm_cmpdf2.o)
__aeabi_dcmplt                                    /Users/normanpellet/.arduinocdt/packages/arduino/tools/arm-none-eabi-gcc/4.8.3-2014q1/bin/../lib/gcc/arm-none-eabi/4.8.3/armv6-m/libgcc.a(_arm_cmpdf2.o)
                                                  ./core.a(Print.cpp.o)
__aeabi_ddiv                                      /Users/normanpellet/.arduinocdt/packages/arduino/tools/arm-none-eabi-gcc/4.8.3-2014q1/bin/../lib/gcc/arm-none-eabi/4.8.3/armv6-m/libgcc.a(divdf3.o)
                                                  ./core.a(Print.cpp.o)
__aeabi_dmul                                      /Users/normanpellet/.arduinocdt/packages/arduino/tools/arm-none-eabi-gcc/4.8.3-2014q1/bin/../lib/gcc/arm-none-eabi/4.8.3/armv6-m/libgcc.a(muldf3.o)
                                                  ./core.a(Print.cpp.o)
__aeabi_dsub                                      /Users/normanpellet/.arduinocdt/packages/arduino/tools/arm-none-eabi-gcc/4.8.3-2014q1/bin/../lib/gcc/arm-none-eabi/4.8.3/armv6-m/libgcc.a(subdf3.o)
                                                  /Users/normanpellet/.arduinocdt/packages/arduino/tools/arm-none-eabi-gcc/4.8.3-2014q1/bin/../lib/gcc/arm-none-eabi/4.8.3/armv6-m/libgcc.a(_fixunsdfsi.o)
                                                  ./core.a(Print.cpp.o)
__aeabi_idiv                                      /Users/normanpellet/.arduinocdt/packages/arduino/tools/arm-none-eabi-gcc/4.8.3-2014q1/bin/../lib/gcc/arm-none-eabi/4.8.3/armv6-m/libgcc.a(_divsi3.o)
                                                  ./core.a(SERCOM.cpp.o)
__aeabi_idiv0                                     /Users/normanpellet/.arduinocdt/packages/arduino/tools/arm-none-eabi-gcc/4.8.3-2014q1/bin/../lib/gcc/arm-none-eabi/4.8.3/armv6-m/libgcc.a(_dvmd_tls.o)
                                                  /Users/normanpellet/.arduinocdt/packages/arduino/tools/arm-none-eabi-gcc/4.8.3-2014q1/bin/../lib/gcc/arm-none-eabi/4.8.3/armv6-m/libgcc.a(_divsi3.o)
                                                  /Users/normanpellet/.arduinocdt/packages/arduino/tools/arm-none-eabi-gcc/4.8.3-2014q1/bin/../lib/gcc/arm-none-eabi/4.8.3/armv6-m/libgcc.a(_udivsi3.o)
__aeabi_idivmod                                   /Users/normanpellet/.arduinocdt/packages/arduino/tools/arm-none-eabi-gcc/4.8.3-2014q1/bin/../lib/gcc/arm-none-eabi/4.8.3/armv6-m/libgcc.a(_divsi3.o)
__aeabi_ldiv0                                     /Users/normanpellet/.arduinocdt/packages/arduino/tools/arm-none-eabi-gcc/4.8.3-2014q1/bin/../lib/gcc/arm-none-eabi/4.8.3/armv6-m/libgcc.a(_dvmd_tls.o)
__aeabi_ui2d                                      /Users/normanpellet/.arduinocdt/packages/arduino/tools/arm-none-eabi-gcc/4.8.3-2014q1/bin/../lib/gcc/arm-none-eabi/4.8.3/armv6-m/libgcc.a(floatunsidf.o)
                                                  ./core.a(Print.cpp.o)
__aeabi_uidiv                                     /Users/normanpellet/.arduinocdt/packages/arduino/tools/arm-none-eabi-gcc/4.8.3-2014q1/bin/../lib/gcc/arm-none-eabi/4.8.3/armv6-m/libgcc.a(_udivsi3.o)
                                                  /Users/normanpellet/.arduinocdt/packages/arduino/tools/arm-none-eabi-gcc/4.8.3-2014q1/bin/../lib/gcc/arm-none-eabi/4.8.3/armv6-m/libgcc.a(divdf3.o)
                                                  ./core.a(Print.cpp.o)
                                                  ./core.a(SERCOM.cpp.o)
                                                  ./core.a(wiring.c.o)
                                                  ./core.a(USBCore.cpp.o)
__aeabi_uidivmod                                  /Users/normanpellet/.arduinocdt/packages/arduino/tools/arm-none-eabi-gcc/4.8.3-2014q1/bin/../lib/gcc/arm-none-eabi/4.8.3/armv6-m/libgcc.a(_udivsi3.o)
                                                  /Users/normanpellet/.arduinocdt/packages/arduino/tools/arm-none-eabi-gcc/4.8.3-2014q1/bin/../lib/gcc/arm-none-eabi/4.8.3/armv6-m/libgcc.a(divdf3.o)
                                                  ./core.a(Print.cpp.o)
__bss_end__                                       ./core.a(cortex_handlers.c.o)
                                                  /Users/normanpellet/.arduinocdt/packages/arduino/tools/arm-none-eabi-gcc/4.8.3-2014q1/bin/../lib/gcc/arm-none-eabi/4.8.3/../../../../arm-none-eabi/lib/armv6-m/crt0.o
__bss_start__                                     ./core.a(cortex_handlers.c.o)
                                                  /Users/normanpellet/.arduinocdt/packages/arduino/tools/arm-none-eabi-gcc/4.8.3-2014q1/bin/../lib/gcc/arm-none-eabi/4.8.3/../../../../arm-none-eabi/lib/armv6-m/crt0.o
__call_exitprocs                                  /Users/normanpellet/.arduinocdt/packages/arduino/tools/arm-none-eabi-gcc/4.8.3-2014q1/bin/../lib/gcc/arm-none-eabi/4.8.3/../../../../arm-none-eabi/lib/armv6-m/libc_s.a(lib_a-exit.o)
__clzsi2                                          /Users/normanpellet/.arduinocdt/packages/arduino/tools/arm-none-eabi-gcc/4.8.3-2014q1/bin/../lib/gcc/arm-none-eabi/4.8.3/armv6-m/libgcc.a(_clzsi2.o)
                                                  /Users/normanpellet/.arduinocdt/packages/arduino/tools/arm-none-eabi-gcc/4.8.3-2014q1/bin/../lib/gcc/arm-none-eabi/4.8.3/armv6-m/libgcc.a(floatunsidf.o)
                                                  /Users/normanpellet/.arduinocdt/packages/arduino/tools/arm-none-eabi-gcc/4.8.3-2014q1/bin/../lib/gcc/arm-none-eabi/4.8.3/armv6-m/libgcc.a(subdf3.o)
                                                  /Users/normanpellet/.arduinocdt/packages/arduino/tools/arm-none-eabi-gcc/4.8.3-2014q1/bin/../lib/gcc/arm-none-eabi/4.8.3/armv6-m/libgcc.a(muldf3.o)
                                                  /Users/normanpellet/.arduinocdt/packages/arduino/tools/arm-none-eabi-gcc/4.8.3-2014q1/bin/../lib/gcc/arm-none-eabi/4.8.3/armv6-m/libgcc.a(divdf3.o)
                                                  /Users/normanpellet/.arduinocdt/packages/arduino/tools/arm-none-eabi-gcc/4.8.3-2014q1/bin/../lib/gcc/arm-none-eabi/4.8.3/armv6-m/libgcc.a(adddf3.o)
__cxa_deleted_virtual                             ./core.a(abi.cpp.o)
__cxa_pure_virtual                                ./core.a(abi.cpp.o)
                                                  ./core.a(Print.cpp.o)